[2023-04-06T14:10:58.300+0800][0.042s] CardTable entry size: 512
[2023-04-06T14:10:58.301+0800][0.042s] Using G1
[2023-04-06T14:10:58.573+0800][0.315s] Version: 20+36-2344 (release)
[2023-04-06T14:10:58.573+0800][0.315s] CPUs: 8 total, 8 available
[2023-04-06T14:10:58.573+0800][0.315s] Memory: 8038M
[2023-04-06T14:10:58.573+0800][0.315s] Large Page Support: Disabled
[2023-04-06T14:10:58.573+0800][0.315s] NUMA Support: Disabled
[2023-04-06T14:10:58.573+0800][0.315s] Compressed Oops: Enabled (32-bit)
[2023-04-06T14:10:58.573+0800][0.315s] Heap Region Size: 1M
[2023-04-06T14:10:58.573+0800][0.315s] Heap Min Capacity: 512M
[2023-04-06T14:10:58.573+0800][0.315s] Heap Initial Capacity: 512M
[2023-04-06T14:10:58.573+0800][0.315s] Heap Max Capacity: 512M
[2023-04-06T14:10:58.574+0800][0.315s] Pre-touch: Enabled
[2023-04-06T14:10:58.574+0800][0.315s] Parallel Workers: 8
[2023-04-06T14:10:58.574+0800][0.315s] Concurrent Workers: 2
[2023-04-06T14:10:58.574+0800][0.315s] Concurrent Refinement Workers: 8
[2023-04-06T14:10:58.574+0800][0.315s] Periodic GC: Disabled
[2023-04-06T14:10:58.575+0800][0.317s] CDS archive(s) mapped at: [0x0000000800000000-0x0000000800c60000-0x0000000800c60000), size 12976128, SharedBaseAddress: 0x0000000800000000, ArchiveRelocationMode: 0.
[2023-04-06T14:10:58.575+0800][0.317s] Compressed class space mapped at: 0x0000000801000000-0x0000000841000000, reserved size: 1073741824
[2023-04-06T14:10:58.575+0800][0.317s] Narrow klass base: 0x0000000800000000, Narrow klass shift: 0, Narrow klass range: 0x100000000
[2023-04-06T14:10:59.882+0800][1.623s] GC(0) Pause Young (Normal) (G1 Evacuation Pause)
[2023-04-06T14:10:59.882+0800][1.624s] GC(0) Using 8 workers of 8 for evacuation
[2023-04-06T14:10:59.887+0800][1.628s] GC(0)   Pre Evacuate Collection Set: 0.1ms
[2023-04-06T14:10:59.887+0800][1.628s] GC(0)   Merge Heap Roots: 0.1ms
[2023-04-06T14:10:59.887+0800][1.628s] GC(0)   Evacuate Collection Set: 3.3ms
[2023-04-06T14:10:59.887+0800][1.628s] GC(0)   Post Evacuate Collection Set: 0.6ms
[2023-04-06T14:10:59.887+0800][1.628s] GC(0)   Other: 0.6ms
[2023-04-06T14:10:59.887+0800][1.628s] GC(0) Eden regions: 29->0(39)
[2023-04-06T14:10:59.887+0800][1.628s] GC(0) Survivor regions: 0->4(4)
[2023-04-06T14:10:59.887+0800][1.629s] GC(0) Old regions: 0->1
[2023-04-06T14:10:59.887+0800][1.629s] GC(0) Archive regions: 0->0
[2023-04-06T14:10:59.887+0800][1.629s] GC(0) Humongous regions: 0->0
[2023-04-06T14:10:59.887+0800][1.629s] GC(0) Metaspace: 7919K(8192K)->7919K(8192K) NonClass: 7001K(7168K)->7001K(7168K) Class: 918K(1024K)->918K(1024K)
[2023-04-06T14:10:59.887+0800][1.629s] GC(0) Pause Young (Normal) (G1 Evacuation Pause) 29M->4M(512M) 5.128ms
[2023-04-06T14:10:59.887+0800][1.629s] GC(0) User=0.03s Sys=0.00s Real=0.01s
[2023-04-06T14:11:00.917+0800][2.658s] GC(1) Pause Young (Normal) (G1 Evacuation Pause)
[2023-04-06T14:11:00.917+0800][2.658s] GC(1) Using 8 workers of 8 for evacuation
[2023-04-06T14:11:00.926+0800][2.667s] GC(1)   Pre Evacuate Collection Set: 0.1ms
[2023-04-06T14:11:00.926+0800][2.667s] GC(1)   Merge Heap Roots: 0.1ms
[2023-04-06T14:11:00.926+0800][2.667s] GC(1)   Evacuate Collection Set: 7.8ms
[2023-04-06T14:11:00.926+0800][2.667s] GC(1)   Post Evacuate Collection Set: 0.7ms
[2023-04-06T14:11:00.926+0800][2.667s] GC(1)   Other: 0.1ms
[2023-04-06T14:11:00.926+0800][2.667s] GC(1) Eden regions: 39->0(183)
[2023-04-06T14:11:00.926+0800][2.667s] GC(1) Survivor regions: 4->6(6)
[2023-04-06T14:11:00.926+0800][2.667s] GC(1) Old regions: 1->9
[2023-04-06T14:11:00.926+0800][2.667s] GC(1) Archive regions: 0->0
[2023-04-06T14:11:00.926+0800][2.667s] GC(1) Humongous regions: 4->4
[2023-04-06T14:11:00.926+0800][2.667s] GC(1) Metaspace: 18382K(18752K)->18382K(18752K) NonClass: 16297K(16512K)->16297K(16512K) Class: 2085K(2240K)->2085K(2240K)
[2023-04-06T14:11:00.926+0800][2.667s] GC(1) Pause Young (Normal) (G1 Evacuation Pause) 47M->18M(512M) 9.125ms
[2023-04-06T14:11:00.926+0800][2.667s] GC(1) User=0.00s Sys=0.00s Real=0.01s
[2023-04-06T14:11:01.997+0800][3.738s] GC(2) Pause Young (Concurrent Start) (Metadata GC Threshold)
[2023-04-06T14:11:01.997+0800][3.738s] GC(2) Using 8 workers of 8 for evacuation
[2023-04-06T14:11:02.002+0800][3.744s] GC(2)   Pre Evacuate Collection Set: 0.4ms
[2023-04-06T14:11:02.002+0800][3.744s] GC(2)   Merge Heap Roots: 0.1ms
[2023-04-06T14:11:02.002+0800][3.744s] GC(2)   Evacuate Collection Set: 4.7ms
[2023-04-06T14:11:02.002+0800][3.744s] GC(2)   Post Evacuate Collection Set: 0.6ms
[2023-04-06T14:11:02.002+0800][3.744s] GC(2)   Other: 0.2ms
[2023-04-06T14:11:02.002+0800][3.744s] GC(2) Eden regions: 75->0(172)
[2023-04-06T14:11:02.002+0800][3.744s] GC(2) Survivor regions: 6->12(23)
[2023-04-06T14:11:02.002+0800][3.744s] GC(2) Old regions: 9->9
[2023-04-06T14:11:02.003+0800][3.744s] GC(2) Archive regions: 0->0
[2023-04-06T14:11:02.003+0800][3.744s] GC(2) Humongous regions: 4->4
[2023-04-06T14:11:02.003+0800][3.744s] GC(2) Metaspace: 21104K(21504K)->21104K(21504K) NonClass: 18726K(18944K)->18726K(18944K) Class: 2378K(2560K)->2378K(2560K)
[2023-04-06T14:11:02.003+0800][3.744s] GC(2) Pause Young (Concurrent Start) (Metadata GC Threshold) 93M->24M(512M) 6.300ms
[2023-04-06T14:11:02.003+0800][3.744s] GC(2) User=0.00s Sys=0.00s Real=0.01s
[2023-04-06T14:11:02.003+0800][3.744s] GC(3) Concurrent Mark Cycle
[2023-04-06T14:11:02.003+0800][3.744s] GC(3) Concurrent Scan Root Regions
[2023-04-06T14:11:02.007+0800][3.748s] GC(3) Concurrent Scan Root Regions 4.362ms
[2023-04-06T14:11:02.007+0800][3.748s] GC(3) Concurrent Mark
[2023-04-06T14:11:02.007+0800][3.748s] GC(3) Concurrent Mark From Roots
[2023-04-06T14:11:02.007+0800][3.748s] GC(3) Using 2 workers of 2 for marking
[2023-04-06T14:11:02.017+0800][3.758s] GC(3) Concurrent Mark From Roots 9.655ms
[2023-04-06T14:11:02.017+0800][3.758s] GC(3) Concurrent Preclean
[2023-04-06T14:11:02.017+0800][3.758s] GC(3) Concurrent Preclean 0.051ms
[2023-04-06T14:11:02.017+0800][3.758s] GC(3) Pause Remark
[2023-04-06T14:11:02.019+0800][3.761s] GC(3) Pause Remark 25M->25M(512M) 2.531ms
[2023-04-06T14:11:02.019+0800][3.761s] GC(3) User=0.00s Sys=0.00s Real=0.00s
[2023-04-06T14:11:02.020+0800][3.761s] GC(3) Concurrent Mark 12.583ms
[2023-04-06T14:11:02.020+0800][3.761s] GC(3) Concurrent Rebuild Remembered Sets and Scrub Regions
[2023-04-06T14:11:02.025+0800][3.766s] GC(3) Concurrent Rebuild Remembered Sets and Scrub Regions 4.615ms
[2023-04-06T14:11:02.025+0800][3.766s] GC(3) Pause Cleanup
[2023-04-06T14:11:02.025+0800][3.766s] GC(3) Pause Cleanup 25M->25M(512M) 0.142ms
[2023-04-06T14:11:02.025+0800][3.766s] GC(3) User=0.00s Sys=0.00s Real=0.00s
[2023-04-06T14:11:02.025+0800][3.766s] GC(3) Concurrent Clear Claimed Marks
[2023-04-06T14:11:02.025+0800][3.766s] GC(3) Concurrent Clear Claimed Marks 0.046ms
[2023-04-06T14:11:02.025+0800][3.766s] GC(3) Concurrent Cleanup for Next Mark
[2023-04-06T14:11:02.026+0800][3.767s] GC(3) Concurrent Cleanup for Next Mark 1.242ms
[2023-04-06T14:11:02.026+0800][3.767s] GC(3) Concurrent Mark Cycle 23.483ms
[2023-04-06T14:11:03.912+0800][5.653s] GC(4) Pause Young (Concurrent Start) (Metadata GC Threshold)
[2023-04-06T14:11:03.912+0800][5.653s] GC(4) Using 8 workers of 8 for evacuation
[2023-04-06T14:11:03.920+0800][5.662s] GC(4)   Pre Evacuate Collection Set: 0.1ms
[2023-04-06T14:11:03.922+0800][5.662s] GC(4)   Merge Heap Roots: 0.1ms
[2023-04-06T14:11:03.922+0800][5.662s] GC(4)   Evacuate Collection Set: 8.0ms
[2023-04-06T14:11:03.922+0800][5.662s] GC(4)   Post Evacuate Collection Set: 0.7ms
[2023-04-06T14:11:03.922+0800][5.662s] GC(4)   Other: 0.1ms
[2023-04-06T14:11:03.922+0800][5.662s] GC(4) Eden regions: 86->0(288)
[2023-04-06T14:11:03.922+0800][5.662s] GC(4) Survivor regions: 12->19(23)
[2023-04-06T14:11:03.922+0800][5.663s] GC(4) Old regions: 9->9
[2023-04-06T14:11:03.922+0800][5.663s] GC(4) Archive regions: 0->0
[2023-04-06T14:11:03.922+0800][5.663s] GC(4) Humongous regions: 5->4
[2023-04-06T14:11:03.922+0800][5.663s] GC(4) Metaspace: 35524K(35968K)->35524K(35968K) NonClass: 31417K(31616K)->31417K(31616K) Class: 4106K(4352K)->4106K(4352K)
[2023-04-06T14:11:03.922+0800][5.663s] GC(4) Pause Young (Concurrent Start) (Metadata GC Threshold) 110M->30M(512M) 9.349ms
[2023-04-06T14:11:03.922+0800][5.663s] GC(4) User=0.02s Sys=0.00s Real=0.01s
[2023-04-06T14:11:03.922+0800][5.663s] GC(5) Concurrent Mark Cycle
[2023-04-06T14:11:03.922+0800][5.663s] GC(5) Concurrent Scan Root Regions
[2023-04-06T14:11:03.927+0800][5.668s] GC(5) Concurrent Scan Root Regions 5.156ms
[2023-04-06T14:11:03.927+0800][5.668s] GC(5) Concurrent Mark
[2023-04-06T14:11:03.927+0800][5.668s] GC(5) Concurrent Mark From Roots
[2023-04-06T14:11:03.927+0800][5.668s] GC(5) Using 2 workers of 2 for marking
[2023-04-06T14:11:03.937+0800][5.679s] GC(5) Concurrent Mark From Roots 10.720ms
[2023-04-06T14:11:03.937+0800][5.679s] GC(5) Concurrent Preclean
[2023-04-06T14:11:03.937+0800][5.679s] GC(5) Concurrent Preclean 0.061ms
[2023-04-06T14:11:03.937+0800][5.679s] GC(5) Pause Remark
[2023-04-06T14:11:03.941+0800][5.683s] GC(5) Pause Remark 31M->31M(512M) 3.331ms
[2023-04-06T14:11:03.941+0800][5.683s] GC(5) User=0.00s Sys=0.00s Real=0.00s
[2023-04-06T14:11:03.941+0800][5.683s] GC(5) Concurrent Mark 14.706ms
[2023-04-06T14:11:03.942+0800][5.683s] GC(5) Concurrent Rebuild Remembered Sets and Scrub Regions
[2023-04-06T14:11:03.947+0800][5.688s] GC(5) Concurrent Rebuild Remembered Sets and Scrub Regions 5.682ms
[2023-04-06T14:11:03.947+0800][5.689s] GC(5) Pause Cleanup
[2023-04-06T14:11:03.947+0800][5.689s] GC(5) Pause Cleanup 32M->32M(512M) 0.152ms
[2023-04-06T14:11:03.947+0800][5.689s] GC(5) User=0.00s Sys=0.00s Real=0.00s
[2023-04-06T14:11:03.947+0800][5.689s] GC(5) Concurrent Clear Claimed Marks
[2023-04-06T14:11:03.947+0800][5.689s] GC(5) Concurrent Clear Claimed Marks 0.056ms
[2023-04-06T14:11:03.947+0800][5.689s] GC(5) Concurrent Cleanup for Next Mark
[2023-04-06T14:11:03.948+0800][5.690s] GC(5) Concurrent Cleanup for Next Mark 1.210ms
[2023-04-06T14:11:03.948+0800][5.690s] GC(5) Concurrent Mark Cycle 27.470ms
[2023-04-06T14:11:45.620+0800][47.361s] GC(6) Pause Young (Normal) (G1 Evacuation Pause)
[2023-04-06T14:11:45.620+0800][47.361s] GC(6) Using 8 workers of 8 for evacuation
[2023-04-06T14:11:45.649+0800][47.390s] GC(6)   Pre Evacuate Collection Set: 0.2ms
[2023-04-06T14:11:45.650+0800][47.390s] GC(6)   Merge Heap Roots: 0.2ms
[2023-04-06T14:11:45.650+0800][47.390s] GC(6)   Evacuate Collection Set: 26.3ms
[2023-04-06T14:11:45.650+0800][47.391s] GC(6)   Post Evacuate Collection Set: 2.3ms
[2023-04-06T14:11:45.650+0800][47.391s] GC(6)   Other: 0.2ms
[2023-04-06T14:11:45.650+0800][47.391s] GC(6) Eden regions: 288->0(270)
[2023-04-06T14:11:45.650+0800][47.391s] GC(6) Survivor regions: 19->37(39)
[2023-04-06T14:11:45.650+0800][47.391s] GC(6) Old regions: 9->9
[2023-04-06T14:11:45.650+0800][47.391s] GC(6) Archive regions: 0->0
[2023-04-06T14:11:45.650+0800][47.391s] GC(6) Humongous regions: 4->4
[2023-04-06T14:11:45.650+0800][47.391s] GC(6) Metaspace: 56789K(57472K)->56789K(57472K) NonClass: 49926K(50304K)->49926K(50304K) Class: 6862K(7168K)->6862K(7168K)
[2023-04-06T14:11:45.650+0800][47.391s] GC(6) Pause Young (Normal) (G1 Evacuation Pause) 318M->49M(512M) 29.669ms
[2023-04-06T14:11:45.650+0800][47.391s] GC(6) User=0.12s Sys=0.00s Real=0.03s
[2023-04-06T14:13:37.600+0800][159.342s] GC(7) Pause Young (Normal) (G1 Evacuation Pause)
[2023-04-06T14:13:37.600+0800][159.342s] GC(7) Using 8 workers of 8 for evacuation
[2023-04-06T14:13:37.632+0800][159.373s] GC(7)   Pre Evacuate Collection Set: 0.2ms
[2023-04-06T14:13:37.632+0800][159.373s] GC(7)   Merge Heap Roots: 0.1ms
[2023-04-06T14:13:37.632+0800][159.373s] GC(7)   Evacuate Collection Set: 25.2ms
[2023-04-06T14:13:37.632+0800][159.373s] GC(7)   Post Evacuate Collection Set: 4.7ms
[2023-04-06T14:13:37.632+0800][159.373s] GC(7)   Other: 0.3ms
[2023-04-06T14:13:37.632+0800][159.373s] GC(7) Eden regions: 270->0(287)
[2023-04-06T14:13:37.632+0800][159.373s] GC(7) Survivor regions: 37->20(39)
[2023-04-06T14:13:37.632+0800][159.373s] GC(7) Old regions: 9->26
[2023-04-06T14:13:37.632+0800][159.373s] GC(7) Archive regions: 0->0
[2023-04-06T14:13:37.632+0800][159.373s] GC(7) Humongous regions: 4->4
[2023-04-06T14:13:37.632+0800][159.373s] GC(7) Metaspace: 57736K(58496K)->57736K(58496K) NonClass: 50768K(51200K)->50768K(51200K) Class: 6968K(7296K)->6968K(7296K)
[2023-04-06T14:13:37.632+0800][159.373s] GC(7) Pause Young (Normal) (G1 Evacuation Pause) 319M->49M(512M) 31.405ms
[2023-04-06T14:13:37.632+0800][159.374s] GC(7) User=0.14s Sys=0.00s Real=0.03s
[2023-04-06T14:13:43.016+0800][164.757s] GC(8) Pause Young (Normal) (G1 Evacuation Pause)
[2023-04-06T14:13:43.016+0800][164.757s] GC(8) Using 8 workers of 8 for evacuation
[2023-04-06T14:13:43.032+0800][164.773s] GC(8)   Pre Evacuate Collection Set: 0.2ms
[2023-04-06T14:13:43.032+0800][164.773s] GC(8)   Merge Heap Roots: 0.2ms
[2023-04-06T14:13:43.032+0800][164.773s] GC(8)   Evacuate Collection Set: 14.2ms
[2023-04-06T14:13:43.032+0800][164.773s] GC(8)   Post Evacuate Collection Set: 1.0ms
[2023-04-06T14:13:43.032+0800][164.773s] GC(8)   Other: 0.1ms
[2023-04-06T14:13:43.032+0800][164.773s] GC(8) Eden regions: 287->0(286)
[2023-04-06T14:13:43.032+0800][164.773s] GC(8) Survivor regions: 20->21(39)
[2023-04-06T14:13:43.032+0800][164.773s] GC(8) Old regions: 26->26
[2023-04-06T14:13:43.032+0800][164.773s] GC(8) Archive regions: 0->0
[2023-04-06T14:13:43.032+0800][164.773s] GC(8) Humongous regions: 4->4
[2023-04-06T14:13:43.032+0800][164.773s] GC(8) Metaspace: 57741K(58496K)->57741K(58496K) NonClass: 50773K(51200K)->50773K(51200K) Class: 6968K(7296K)->6968K(7296K)
[2023-04-06T14:13:43.032+0800][164.773s] GC(8) Pause Young (Normal) (G1 Evacuation Pause) 336M->50M(512M) 16.402ms
[2023-04-06T14:13:43.032+0800][164.773s] GC(8) User=0.05s Sys=0.00s Real=0.02s
[2023-04-06T14:14:01.535+0800][183.276s] GC(9) Pause Young (Normal) (G1 Evacuation Pause)
[2023-04-06T14:14:01.535+0800][183.277s] GC(9) Using 8 workers of 8 for evacuation
[2023-04-06T14:14:01.552+0800][183.293s] GC(9)   Pre Evacuate Collection Set: 0.2ms
[2023-04-06T14:14:01.552+0800][183.293s] GC(9)   Merge Heap Roots: 0.2ms
[2023-04-06T14:14:01.552+0800][183.293s] GC(9)   Evacuate Collection Set: 14.4ms
[2023-04-06T14:14:01.552+0800][183.293s] GC(9)   Post Evacuate Collection Set: 1.2ms
[2023-04-06T14:14:01.552+0800][183.293s] GC(9)   Other: 0.2ms
[2023-04-06T14:14:01.552+0800][183.293s] GC(9) Eden regions: 286->0(286)
[2023-04-06T14:14:01.552+0800][183.293s] GC(9) Survivor regions: 21->21(39)
[2023-04-06T14:14:01.552+0800][183.293s] GC(9) Old regions: 26->26
[2023-04-06T14:14:01.552+0800][183.293s] GC(9) Archive regions: 0->0
[2023-04-06T14:14:01.552+0800][183.293s] GC(9) Humongous regions: 4->4
[2023-04-06T14:14:01.552+0800][183.293s] GC(9) Metaspace: 57775K(58496K)->57775K(58496K) NonClass: 50806K(51200K)->50806K(51200K) Class: 6968K(7296K)->6968K(7296K)
[2023-04-06T14:14:01.552+0800][183.293s] GC(9) Pause Young (Normal) (G1 Evacuation Pause) 336M->50M(512M) 16.855ms
[2023-04-06T14:14:01.552+0800][183.293s] GC(9) User=0.05s Sys=0.00s Real=0.02s
[2023-04-06T14:14:10.367+0800][192.108s] GC(10) Pause Young (Normal) (G1 Evacuation Pause)
[2023-04-06T14:14:10.367+0800][192.108s] GC(10) Using 8 workers of 8 for evacuation
[2023-04-06T14:14:10.382+0800][192.123s] GC(10)   Pre Evacuate Collection Set: 0.1ms
[2023-04-06T14:14:10.382+0800][192.123s] GC(10)   Merge Heap Roots: 0.1ms
[2023-04-06T14:14:10.382+0800][192.123s] GC(10)   Evacuate Collection Set: 13.0ms
[2023-04-06T14:14:10.382+0800][192.123s] GC(10)   Post Evacuate Collection Set: 1.5ms
[2023-04-06T14:14:10.382+0800][192.123s] GC(10)   Other: 0.1ms
[2023-04-06T14:14:10.383+0800][192.123s] GC(10) Eden regions: 286->0(286)
[2023-04-06T14:14:10.383+0800][192.123s] GC(10) Survivor regions: 21->21(39)
[2023-04-06T14:14:10.383+0800][192.123s] GC(10) Old regions: 26->26
[2023-04-06T14:14:10.383+0800][192.123s] GC(10) Archive regions: 0->0
[2023-04-06T14:14:10.383+0800][192.123s] GC(10) Humongous regions: 4->4
[2023-04-06T14:14:10.383+0800][192.124s] GC(10) Metaspace: 57783K(58496K)->57783K(58496K) NonClass: 50814K(51200K)->50814K(51200K) Class: 6968K(7296K)->6968K(7296K)
[2023-04-06T14:14:10.383+0800][192.124s] GC(10) Pause Young (Normal) (G1 Evacuation Pause) 336M->50M(512M) 15.544ms
[2023-04-06T14:14:10.383+0800][192.124s] GC(10) User=0.08s Sys=0.00s Real=0.02s
[2023-04-06T14:16:59.389+0800][361.130s] GC(11) Pause Young (Normal) (G1 Evacuation Pause)
[2023-04-06T14:16:59.389+0800][361.131s] GC(11) Using 8 workers of 8 for evacuation
[2023-04-06T14:16:59.408+0800][361.149s] GC(11)   Pre Evacuate Collection Set: 0.3ms
[2023-04-06T14:16:59.408+0800][361.149s] GC(11)   Merge Heap Roots: 0.1ms
[2023-04-06T14:16:59.408+0800][361.150s] GC(11)   Evacuate Collection Set: 16.8ms
[2023-04-06T14:16:59.408+0800][361.150s] GC(11)   Post Evacuate Collection Set: 1.5ms
[2023-04-06T14:16:59.408+0800][361.150s] GC(11)   Other: 0.2ms
[2023-04-06T14:16:59.408+0800][361.150s] GC(11) Eden regions: 286->0(286)
[2023-04-06T14:16:59.408+0800][361.150s] GC(11) Survivor regions: 21->21(39)
[2023-04-06T14:16:59.408+0800][361.150s] GC(11) Old regions: 26->26
[2023-04-06T14:16:59.408+0800][361.150s] GC(11) Archive regions: 0->0
[2023-04-06T14:16:59.408+0800][361.150s] GC(11) Humongous regions: 4->4
[2023-04-06T14:16:59.408+0800][361.150s] GC(11) Metaspace: 57812K(58560K)->57812K(58560K) NonClass: 50844K(51264K)->50844K(51264K) Class: 6968K(7296K)->6968K(7296K)
[2023-04-06T14:16:59.408+0800][361.150s] GC(11) Pause Young (Normal) (G1 Evacuation Pause) 336M->50M(512M) 19.445ms
[2023-04-06T14:16:59.409+0800][361.150s] GC(11) User=0.09s Sys=0.00s Real=0.02s
[2023-04-06T14:17:22.722+0800][384.462s] Heap
[2023-04-06T14:17:22.722+0800][384.462s]  garbage-first heap   total 524288K, used 163420K [0x00000000e0000000, 0x0000000100000000)
[2023-04-06T14:17:22.722+0800][384.462s]   region size 1024K, 130 young (133120K), 21 survivors (21504K)
[2023-04-06T14:17:22.722+0800][384.462s]  Metaspace       used 58156K, committed 58880K, reserved 1114112K
[2023-04-06T14:17:22.722+0800][384.462s]   class space    used 7017K, committed 7360K, reserved 1048576K
