[2023-03-28T17:58:50.304+0800][0.013s] CardTable entry size: 512
[2023-03-28T17:58:50.305+0800][0.014s] Using G1
[2023-03-28T17:58:50.424+0800][0.133s] Version: 20+36-2344 (release)
[2023-03-28T17:58:50.424+0800][0.133s] CPUs: 8 total, 8 available
[2023-03-28T17:58:50.424+0800][0.133s] Memory: 8038M
[2023-03-28T17:58:50.424+0800][0.133s] Large Page Support: Disabled
[2023-03-28T17:58:50.424+0800][0.133s] NUMA Support: Disabled
[2023-03-28T17:58:50.424+0800][0.133s] Compressed Oops: Enabled (32-bit)
[2023-03-28T17:58:50.424+0800][0.133s] Heap Region Size: 1M
[2023-03-28T17:58:50.424+0800][0.134s] Heap Min Capacity: 512M
[2023-03-28T17:58:50.424+0800][0.134s] Heap Initial Capacity: 512M
[2023-03-28T17:58:50.424+0800][0.134s] Heap Max Capacity: 512M
[2023-03-28T17:58:50.424+0800][0.134s] Pre-touch: Enabled
[2023-03-28T17:58:50.424+0800][0.134s] Parallel Workers: 8
[2023-03-28T17:58:50.424+0800][0.134s] Concurrent Workers: 2
[2023-03-28T17:58:50.424+0800][0.134s] Concurrent Refinement Workers: 8
[2023-03-28T17:58:50.424+0800][0.134s] Periodic GC: Disabled
[2023-03-28T17:58:50.426+0800][0.135s] CDS archive(s) mapped at: [0x0000000800000000-0x0000000800c60000-0x0000000800c60000), size 12976128, SharedBaseAddress: 0x0000000800000000, ArchiveRelocationMode: 0.
[2023-03-28T17:58:50.426+0800][0.135s] Compressed class space mapped at: 0x0000000801000000-0x0000000841000000, reserved size: 1073741824
[2023-03-28T17:58:50.426+0800][0.135s] Narrow klass base: 0x0000000800000000, Narrow klass shift: 0, Narrow klass range: 0x100000000
[2023-03-28T17:58:51.078+0800][0.787s] GC(0) Pause Young (Normal) (G1 Evacuation Pause)
[2023-03-28T17:58:51.078+0800][0.787s] GC(0) Using 8 workers of 8 for evacuation
[2023-03-28T17:58:51.083+0800][0.792s] GC(0)   Pre Evacuate Collection Set: 0.1ms
[2023-03-28T17:58:51.083+0800][0.792s] GC(0)   Merge Heap Roots: 0.0ms
[2023-03-28T17:58:51.083+0800][0.792s] GC(0)   Evacuate Collection Set: 3.8ms
[2023-03-28T17:58:51.083+0800][0.792s] GC(0)   Post Evacuate Collection Set: 0.6ms
[2023-03-28T17:58:51.083+0800][0.792s] GC(0)   Other: 0.4ms
[2023-03-28T17:58:51.083+0800][0.792s] GC(0) Eden regions: 29->0(41)
[2023-03-28T17:58:51.083+0800][0.792s] GC(0) Survivor regions: 0->4(4)
[2023-03-28T17:58:51.083+0800][0.792s] GC(0) Old regions: 0->0
[2023-03-28T17:58:51.083+0800][0.792s] GC(0) Archive regions: 0->0
[2023-03-28T17:58:51.083+0800][0.792s] GC(0) Humongous regions: 0->0
[2023-03-28T17:58:51.083+0800][0.792s] GC(0) Metaspace: 5764K(6016K)->5764K(6016K) NonClass: 5141K(5248K)->5141K(5248K) Class: 622K(768K)->622K(768K)
[2023-03-28T17:58:51.083+0800][0.792s] GC(0) Pause Young (Normal) (G1 Evacuation Pause) 29M->3M(512M) 5.276ms
[2023-03-28T17:58:51.083+0800][0.792s] GC(0) User=0.00s Sys=0.00s Real=0.00s
[2023-03-28T17:58:51.824+0800][1.534s] GC(1) Pause Young (Normal) (G1 Evacuation Pause)
[2023-03-28T17:58:51.825+0800][1.534s] GC(1) Using 8 workers of 8 for evacuation
[2023-03-28T17:58:51.831+0800][1.541s] GC(1)   Pre Evacuate Collection Set: 0.1ms
[2023-03-28T17:58:51.831+0800][1.541s] GC(1)   Merge Heap Roots: 0.0ms
[2023-03-28T17:58:51.831+0800][1.541s] GC(1)   Evacuate Collection Set: 6.3ms
[2023-03-28T17:58:51.831+0800][1.541s] GC(1)   Post Evacuate Collection Set: 0.5ms
[2023-03-28T17:58:51.831+0800][1.541s] GC(1)   Other: 0.0ms
[2023-03-28T17:58:51.832+0800][1.541s] GC(1) Eden regions: 41->0(301)
[2023-03-28T17:58:51.832+0800][1.541s] GC(1) Survivor regions: 4->6(6)
[2023-03-28T17:58:51.832+0800][1.541s] GC(1) Old regions: 0->8
[2023-03-28T17:58:51.832+0800][1.541s] GC(1) Archive regions: 0->0
[2023-03-28T17:58:51.832+0800][1.541s] GC(1) Humongous regions: 4->4
[2023-03-28T17:58:51.832+0800][1.541s] GC(1) Metaspace: 16585K(16960K)->16585K(16960K) NonClass: 14698K(14912K)->14698K(14912K) Class: 1886K(2048K)->1886K(2048K)
[2023-03-28T17:58:51.832+0800][1.541s] GC(1) Pause Young (Normal) (G1 Evacuation Pause) 48M->18M(512M) 7.090ms
[2023-03-28T17:58:51.832+0800][1.541s] GC(1) User=0.02s Sys=0.00s Real=0.01s
[2023-03-28T17:58:52.591+0800][2.300s] GC(2) Pause Young (Concurrent Start) (Metadata GC Threshold)
[2023-03-28T17:58:52.592+0800][2.301s] GC(2) Using 8 workers of 8 for evacuation
[2023-03-28T17:58:52.597+0800][2.306s] GC(2)   Pre Evacuate Collection Set: 0.1ms
[2023-03-28T17:58:52.597+0800][2.306s] GC(2)   Merge Heap Roots: 0.1ms
[2023-03-28T17:58:52.597+0800][2.306s] GC(2)   Evacuate Collection Set: 4.9ms
[2023-03-28T17:58:52.597+0800][2.306s] GC(2)   Post Evacuate Collection Set: 0.5ms
[2023-03-28T17:58:52.597+0800][2.306s] GC(2)   Other: 0.1ms
[2023-03-28T17:58:52.597+0800][2.306s] GC(2) Eden regions: 274->0(294)
[2023-03-28T17:58:52.598+0800][2.306s] GC(2) Survivor regions: 6->13(39)
[2023-03-28T17:58:52.598+0800][2.306s] GC(2) Old regions: 8->8
[2023-03-28T17:58:52.598+0800][2.306s] GC(2) Archive regions: 0->0
[2023-03-28T17:58:52.598+0800][2.307s] GC(2) Humongous regions: 4->4
[2023-03-28T17:58:52.598+0800][2.307s] GC(2) Metaspace: 21083K(21504K)->21083K(21504K) NonClass: 18705K(18944K)->18705K(18944K) Class: 2378K(2560K)->2378K(2560K)
[2023-03-28T17:58:52.598+0800][2.307s] GC(2) Pause Young (Concurrent Start) (Metadata GC Threshold) 292M->24M(512M) 6.071ms
[2023-03-28T17:58:52.598+0800][2.307s] GC(3) Concurrent Mark Cycle
[2023-03-28T17:58:52.598+0800][2.307s] GC(2) User=0.02s Sys=0.00s Real=0.01s
[2023-03-28T17:58:52.598+0800][2.307s] GC(3) Concurrent Scan Root Regions
[2023-03-28T17:58:52.601+0800][2.310s] GC(3) Concurrent Scan Root Regions 3.879ms
[2023-03-28T17:58:52.601+0800][2.311s] GC(3) Concurrent Mark
[2023-03-28T17:58:52.601+0800][2.311s] GC(3) Concurrent Mark From Roots
[2023-03-28T17:58:52.601+0800][2.311s] GC(3) Using 2 workers of 2 for marking
[2023-03-28T17:58:52.611+0800][2.320s] GC(3) Concurrent Mark From Roots 9.694ms
[2023-03-28T17:58:52.611+0800][2.320s] GC(3) Concurrent Preclean
[2023-03-28T17:58:52.611+0800][2.320s] GC(3) Concurrent Preclean 0.037ms
[2023-03-28T17:58:52.611+0800][2.321s] GC(3) Pause Remark
[2023-03-28T17:58:52.613+0800][2.322s] GC(3) Pause Remark 26M->26M(512M) 1.468ms
[2023-03-28T17:58:52.613+0800][2.322s] GC(3) User=0.00s Sys=0.00s Real=0.00s
[2023-03-28T17:58:52.613+0800][2.322s] GC(3) Concurrent Mark 11.930ms
[2023-03-28T17:58:52.613+0800][2.322s] GC(3) Concurrent Rebuild Remembered Sets and Scrub Regions
[2023-03-28T17:58:52.616+0800][2.326s] GC(3) Concurrent Rebuild Remembered Sets and Scrub Regions 3.157ms
[2023-03-28T17:58:52.616+0800][2.326s] GC(3) Pause Cleanup
[2023-03-28T17:58:52.616+0800][2.326s] GC(3) Pause Cleanup 26M->26M(512M) 0.083ms
[2023-03-28T17:58:52.616+0800][2.326s] GC(3) User=0.00s Sys=0.00s Real=0.00s
[2023-03-28T17:58:52.616+0800][2.326s] GC(3) Concurrent Clear Claimed Marks
[2023-03-28T17:58:52.616+0800][2.326s] GC(3) Concurrent Clear Claimed Marks 0.034ms
[2023-03-28T17:58:52.616+0800][2.326s] GC(3) Concurrent Cleanup for Next Mark
[2023-03-28T17:58:52.618+0800][2.327s] GC(3) Concurrent Cleanup for Next Mark 1.303ms
[2023-03-28T17:58:52.618+0800][2.327s] GC(3) Concurrent Mark Cycle 20.662ms
[2023-03-28T17:58:53.830+0800][3.539s] GC(4) Pause Young (Prepare Mixed) (Metadata GC Threshold)
[2023-03-28T17:58:53.830+0800][3.540s] GC(4) Using 8 workers of 8 for evacuation
[2023-03-28T17:58:53.842+0800][3.552s] GC(4)   Pre Evacuate Collection Set: 0.3ms
[2023-03-28T17:58:53.842+0800][3.552s] GC(4)   Merge Heap Roots: 0.4ms
[2023-03-28T17:58:53.842+0800][3.552s] GC(4)   Evacuate Collection Set: 10.4ms
[2023-03-28T17:58:53.842+0800][3.552s] GC(4)   Post Evacuate Collection Set: 0.8ms
[2023-03-28T17:58:53.842+0800][3.552s] GC(4)   Other: 0.1ms
[2023-03-28T17:58:53.842+0800][3.552s] GC(4) Eden regions: 129->0(287)
[2023-03-28T17:58:53.842+0800][3.552s] GC(4) Survivor regions: 13->20(39)
[2023-03-28T17:58:53.842+0800][3.552s] GC(4) Old regions: 8->8
[2023-03-28T17:58:53.842+0800][3.552s] GC(4) Archive regions: 0->0
[2023-03-28T17:58:53.842+0800][3.552s] GC(4) Humongous regions: 5->4
[2023-03-28T17:58:53.842+0800][3.552s] GC(4) Metaspace: 35672K(36096K)->35672K(36096K) NonClass: 31548K(31744K)->31548K(31744K) Class: 4123K(4352K)->4123K(4352K)
[2023-03-28T17:58:53.842+0800][3.552s] GC(4) Pause Young (Prepare Mixed) (Metadata GC Threshold) 153M->31M(512M) 12.373ms
[2023-03-28T17:58:53.842+0800][3.552s] GC(4) User=0.00s Sys=0.00s Real=0.01s
[2023-03-28T17:58:53.884+0800][3.593s] GC(5) Pause Young (Mixed) (Metadata GC Threshold)
[2023-03-28T17:58:53.884+0800][3.593s] GC(5) Using 8 workers of 8 for evacuation
[2023-03-28T17:58:53.892+0800][3.602s] GC(5)   Pre Evacuate Collection Set: 0.1ms
[2023-03-28T17:58:53.892+0800][3.602s] GC(5)   Merge Heap Roots: 0.1ms
[2023-03-28T17:58:53.892+0800][3.602s] GC(5)   Evacuate Collection Set: 7.6ms
[2023-03-28T17:58:53.892+0800][3.602s] GC(5)   Post Evacuate Collection Set: 0.5ms
[2023-03-28T17:58:53.892+0800][3.602s] GC(5)   Other: 0.1ms
[2023-03-28T17:58:53.892+0800][3.602s] GC(5) Eden regions: 3->0(288)
[2023-03-28T17:58:53.892+0800][3.602s] GC(5) Survivor regions: 20->19(39)
[2023-03-28T17:58:53.892+0800][3.602s] GC(5) Old regions: 8->8
[2023-03-28T17:58:53.892+0800][3.602s] GC(5) Archive regions: 0->0
[2023-03-28T17:58:53.892+0800][3.602s] GC(5) Humongous regions: 4->4
[2023-03-28T17:58:53.892+0800][3.602s] GC(5) Metaspace: 35939K(36416K)->35939K(36416K) NonClass: 31777K(32064K)->31777K(32064K) Class: 4161K(4352K)->4161K(4352K)
[2023-03-28T17:58:53.892+0800][3.602s] GC(5) Pause Young (Mixed) (Metadata GC Threshold) 33M->30M(512M) 8.701ms
[2023-03-28T17:58:53.892+0800][3.602s] GC(5) User=0.00s Sys=0.00s Real=0.01s
[2023-03-28T17:58:53.961+0800][3.670s] GC(6) Pause Young (Concurrent Start) (Metadata GC Threshold)
[2023-03-28T17:58:53.961+0800][3.670s] GC(6) Using 8 workers of 8 for evacuation
[2023-03-28T17:58:53.972+0800][3.680s] GC(6)   Pre Evacuate Collection Set: 0.1ms
[2023-03-28T17:58:53.972+0800][3.680s] GC(6)   Merge Heap Roots: 0.0ms
[2023-03-28T17:58:53.972+0800][3.680s] GC(6)   Evacuate Collection Set: 9.1ms
[2023-03-28T17:58:53.972+0800][3.680s] GC(6)   Post Evacuate Collection Set: 0.9ms
[2023-03-28T17:58:53.972+0800][3.680s] GC(6)   Other: 0.1ms
[2023-03-28T17:58:53.972+0800][3.680s] GC(6) Eden regions: 7->0(288)
[2023-03-28T17:58:53.972+0800][3.680s] GC(6) Survivor regions: 19->19(39)
[2023-03-28T17:58:53.972+0800][3.680s] GC(6) Old regions: 8->8
[2023-03-28T17:58:53.972+0800][3.680s] GC(6) Archive regions: 0->0
[2023-03-28T17:58:53.972+0800][3.681s] GC(6) Humongous regions: 4->4
[2023-03-28T17:58:53.972+0800][3.681s] GC(6) Metaspace: 36309K(36736K)->36309K(36736K) NonClass: 32098K(32320K)->32098K(32320K) Class: 4210K(4416K)->4210K(4416K)
[2023-03-28T17:58:53.972+0800][3.681s] GC(6) Pause Young (Concurrent Start) (Metadata GC Threshold) 37M->30M(512M) 10.588ms
[2023-03-28T17:58:53.972+0800][3.681s] GC(7) Concurrent Mark Cycle
[2023-03-28T17:58:53.972+0800][3.681s] GC(6) User=0.00s Sys=0.00s Real=0.01s
[2023-03-28T17:58:53.972+0800][3.681s] GC(7) Concurrent Scan Root Regions
[2023-03-28T17:58:53.977+0800][3.685s] GC(7) Concurrent Scan Root Regions 4.763ms
[2023-03-28T17:58:53.977+0800][3.685s] GC(7) Concurrent Mark
[2023-03-28T17:58:53.977+0800][3.685s] GC(7) Concurrent Mark From Roots
[2023-03-28T17:58:53.977+0800][3.685s] GC(7) Using 2 workers of 2 for marking
[2023-03-28T17:58:53.987+0800][3.696s] GC(7) Concurrent Mark From Roots 10.494ms
[2023-03-28T17:58:53.987+0800][3.696s] GC(7) Concurrent Preclean
[2023-03-28T17:58:53.987+0800][3.696s] GC(7) Concurrent Preclean 0.052ms
[2023-03-28T17:58:53.987+0800][3.696s] GC(7) Pause Remark
[2023-03-28T17:58:53.990+0800][3.698s] GC(7) Pause Remark 31M->31M(512M) 2.084ms
[2023-03-28T17:58:53.990+0800][3.698s] GC(7) User=0.00s Sys=0.00s Real=0.00s
[2023-03-28T17:58:53.990+0800][3.698s] GC(7) Concurrent Mark 12.815ms
[2023-03-28T17:58:53.990+0800][3.698s] GC(7) Concurrent Rebuild Remembered Sets and Scrub Regions
[2023-03-28T17:58:53.994+0800][3.702s] GC(7) Concurrent Rebuild Remembered Sets and Scrub Regions 4.117ms
[2023-03-28T17:58:53.994+0800][3.702s] GC(7) Pause Cleanup
[2023-03-28T17:58:53.994+0800][3.703s] GC(7) Pause Cleanup 31M->31M(512M) 0.079ms
[2023-03-28T17:58:53.994+0800][3.703s] GC(7) User=0.00s Sys=0.00s Real=0.00s
[2023-03-28T17:58:53.994+0800][3.703s] GC(7) Concurrent Clear Claimed Marks
[2023-03-28T17:58:53.994+0800][3.703s] GC(7) Concurrent Clear Claimed Marks 0.040ms
[2023-03-28T17:58:53.994+0800][3.703s] GC(7) Concurrent Cleanup for Next Mark
[2023-03-28T17:58:53.995+0800][3.704s] GC(7) Concurrent Cleanup for Next Mark 1.236ms
[2023-03-28T17:58:53.995+0800][3.704s] GC(7) Concurrent Mark Cycle 23.319ms
[2023-03-28T18:01:20.876+0800][150.584s] GC(8) Pause Young (Normal) (G1 Evacuation Pause)
[2023-03-28T18:01:20.876+0800][150.584s] GC(8) Using 8 workers of 8 for evacuation
[2023-03-28T18:01:20.893+0800][150.602s] GC(8)   Pre Evacuate Collection Set: 0.1ms
[2023-03-28T18:01:20.893+0800][150.602s] GC(8)   Merge Heap Roots: 0.1ms
[2023-03-28T18:01:20.893+0800][150.602s] GC(8)   Evacuate Collection Set: 15.1ms
[2023-03-28T18:01:20.893+0800][150.602s] GC(8)   Post Evacuate Collection Set: 2.1ms
[2023-03-28T18:01:20.893+0800][150.602s] GC(8)   Other: 0.1ms
[2023-03-28T18:01:20.893+0800][150.602s] GC(8) Eden regions: 288->0(272)
[2023-03-28T18:01:20.893+0800][150.602s] GC(8) Survivor regions: 19->35(39)
[2023-03-28T18:01:20.893+0800][150.602s] GC(8) Old regions: 8->8
[2023-03-28T18:01:20.893+0800][150.602s] GC(8) Archive regions: 0->0
[2023-03-28T18:01:20.893+0800][150.602s] GC(8) Humongous regions: 4->4
[2023-03-28T18:01:20.893+0800][150.602s] GC(8) Metaspace: 56221K(56896K)->56221K(56896K) NonClass: 49402K(49728K)->49402K(49728K) Class: 6819K(7168K)->6819K(7168K)
[2023-03-28T18:01:20.893+0800][150.602s] GC(8) Pause Young (Normal) (G1 Evacuation Pause) 318M->46M(512M) 17.728ms
[2023-03-28T18:01:20.893+0800][150.602s] GC(8) User=0.05s Sys=0.00s Real=0.02s
[2023-03-28T18:03:00.615+0800][250.324s] Heap
[2023-03-28T18:03:00.615+0800][250.324s]  garbage-first heap   total 524288K, used 138535K [0x00000000e0000000, 0x0000000100000000)
[2023-03-28T18:03:00.615+0800][250.324s]   region size 1024K, 124 young (126976K), 35 survivors (35840K)
[2023-03-28T18:03:00.615+0800][250.324s]  Metaspace       used 57038K, committed 57728K, reserved 1114112K
[2023-03-28T18:03:00.615+0800][250.324s]   class space    used 6895K, committed 7232K, reserved 1048576K
