[2023-03-28T18:28:41.904+0800][0.014s] CardTable entry size: 512
[2023-03-28T18:28:41.904+0800][0.015s] Using G1
[2023-03-28T18:28:42.029+0800][0.140s] Version: 20+36-2344 (release)
[2023-03-28T18:28:42.029+0800][0.140s] CPUs: 8 total, 8 available
[2023-03-28T18:28:42.029+0800][0.140s] Memory: 8038M
[2023-03-28T18:28:42.029+0800][0.140s] Large Page Support: Disabled
[2023-03-28T18:28:42.029+0800][0.140s] NUMA Support: Disabled
[2023-03-28T18:28:42.029+0800][0.140s] Compressed Oops: Enabled (32-bit)
[2023-03-28T18:28:42.029+0800][0.140s] Heap Region Size: 1M
[2023-03-28T18:28:42.029+0800][0.140s] Heap Min Capacity: 512M
[2023-03-28T18:28:42.029+0800][0.140s] Heap Initial Capacity: 512M
[2023-03-28T18:28:42.029+0800][0.140s] Heap Max Capacity: 512M
[2023-03-28T18:28:42.030+0800][0.141s] Pre-touch: Enabled
[2023-03-28T18:28:42.030+0800][0.141s] Parallel Workers: 8
[2023-03-28T18:28:42.030+0800][0.141s] Concurrent Workers: 2
[2023-03-28T18:28:42.030+0800][0.141s] Concurrent Refinement Workers: 8
[2023-03-28T18:28:42.030+0800][0.141s] Periodic GC: Disabled
[2023-03-28T18:28:42.031+0800][0.142s] CDS archive(s) mapped at: [0x0000000800000000-0x0000000800c60000-0x0000000800c60000), size 12976128, SharedBaseAddress: 0x0000000800000000, ArchiveRelocationMode: 0.
[2023-03-28T18:28:42.031+0800][0.142s] Compressed class space mapped at: 0x0000000801000000-0x0000000841000000, reserved size: 1073741824
[2023-03-28T18:28:42.031+0800][0.142s] Narrow klass base: 0x0000000800000000, Narrow klass shift: 0, Narrow klass range: 0x100000000
[2023-03-28T18:28:42.712+0800][0.823s] GC(0) Pause Young (Normal) (G1 Evacuation Pause)
[2023-03-28T18:28:42.713+0800][0.824s] GC(0) Using 8 workers of 8 for evacuation
[2023-03-28T18:28:42.717+0800][0.828s] GC(0)   Pre Evacuate Collection Set: 0.1ms
[2023-03-28T18:28:42.717+0800][0.828s] GC(0)   Merge Heap Roots: 0.0ms
[2023-03-28T18:28:42.717+0800][0.828s] GC(0)   Evacuate Collection Set: 3.0ms
[2023-03-28T18:28:42.717+0800][0.828s] GC(0)   Post Evacuate Collection Set: 0.5ms
[2023-03-28T18:28:42.717+0800][0.828s] GC(0)   Other: 0.4ms
[2023-03-28T18:28:42.717+0800][0.828s] GC(0) Eden regions: 29->0(41)
[2023-03-28T18:28:42.717+0800][0.828s] GC(0) Survivor regions: 0->4(4)
[2023-03-28T18:28:42.717+0800][0.828s] GC(0) Old regions: 0->0
[2023-03-28T18:28:42.717+0800][0.828s] GC(0) Archive regions: 0->0
[2023-03-28T18:28:42.717+0800][0.828s] GC(0) Humongous regions: 0->0
[2023-03-28T18:28:42.717+0800][0.828s] GC(0) Metaspace: 5763K(6016K)->5763K(6016K) NonClass: 5141K(5248K)->5141K(5248K) Class: 622K(768K)->622K(768K)
[2023-03-28T18:28:42.717+0800][0.828s] GC(0) Pause Young (Normal) (G1 Evacuation Pause) 29M->3M(512M) 4.405ms
[2023-03-28T18:28:42.717+0800][0.828s] GC(0) User=0.00s Sys=0.00s Real=0.01s
[2023-03-28T18:28:43.644+0800][1.755s] GC(1) Pause Young (Normal) (G1 Evacuation Pause)
[2023-03-28T18:28:43.644+0800][1.755s] GC(1) Using 8 workers of 8 for evacuation
[2023-03-28T18:28:43.652+0800][1.763s] GC(1)   Pre Evacuate Collection Set: 0.1ms
[2023-03-28T18:28:43.653+0800][1.764s] GC(1)   Merge Heap Roots: 0.0ms
[2023-03-28T18:28:43.653+0800][1.764s] GC(1)   Evacuate Collection Set: 7.4ms
[2023-03-28T18:28:43.653+0800][1.764s] GC(1)   Post Evacuate Collection Set: 0.7ms
[2023-03-28T18:28:43.653+0800][1.764s] GC(1)   Other: 0.1ms
[2023-03-28T18:28:43.653+0800][1.764s] GC(1) Eden regions: 41->0(301)
[2023-03-28T18:28:43.653+0800][1.764s] GC(1) Survivor regions: 4->6(6)
[2023-03-28T18:28:43.653+0800][1.764s] GC(1) Old regions: 0->9
[2023-03-28T18:28:43.653+0800][1.764s] GC(1) Archive regions: 0->0
[2023-03-28T18:28:43.653+0800][1.764s] GC(1) Humongous regions: 4->4
[2023-03-28T18:28:43.653+0800][1.764s] GC(1) Metaspace: 16530K(16896K)->16530K(16896K) NonClass: 14657K(14848K)->14657K(14848K) Class: 1873K(2048K)->1873K(2048K)
[2023-03-28T18:28:43.653+0800][1.764s] GC(1) Pause Young (Normal) (G1 Evacuation Pause) 48M->18M(512M) 8.613ms
[2023-03-28T18:28:43.653+0800][1.764s] GC(1) User=0.02s Sys=0.00s Real=0.01s
[2023-03-28T18:28:44.471+0800][2.582s] GC(2) Pause Young (Concurrent Start) (Metadata GC Threshold)
[2023-03-28T18:28:44.471+0800][2.582s] GC(2) Using 8 workers of 8 for evacuation
[2023-03-28T18:28:44.477+0800][2.589s] GC(2)   Pre Evacuate Collection Set: 0.1ms
[2023-03-28T18:28:44.477+0800][2.589s] GC(2)   Merge Heap Roots: 0.1ms
[2023-03-28T18:28:44.477+0800][2.589s] GC(2)   Evacuate Collection Set: 5.6ms
[2023-03-28T18:28:44.477+0800][2.589s] GC(2)   Post Evacuate Collection Set: 0.6ms
[2023-03-28T18:28:44.477+0800][2.589s] GC(2)   Other: 0.1ms
[2023-03-28T18:28:44.477+0800][2.589s] GC(2) Eden regions: 276->0(294)
[2023-03-28T18:28:44.477+0800][2.589s] GC(2) Survivor regions: 6->13(39)
[2023-03-28T18:28:44.477+0800][2.589s] GC(2) Old regions: 9->9
[2023-03-28T18:28:44.477+0800][2.589s] GC(2) Archive regions: 0->0
[2023-03-28T18:28:44.477+0800][2.589s] GC(2) Humongous regions: 4->4
[2023-03-28T18:28:44.477+0800][2.589s] GC(2) Metaspace: 21113K(21504K)->21113K(21504K) NonClass: 18730K(18944K)->18730K(18944K) Class: 2382K(2560K)->2382K(2560K)
[2023-03-28T18:28:44.477+0800][2.589s] GC(2) Pause Young (Concurrent Start) (Metadata GC Threshold) 293M->24M(512M) 6.821ms
[2023-03-28T18:28:44.477+0800][2.589s] GC(3) Concurrent Mark Cycle
[2023-03-28T18:28:44.477+0800][2.589s] GC(2) User=0.00s Sys=0.00s Real=0.01s
[2023-03-28T18:28:44.477+0800][2.589s] GC(3) Concurrent Scan Root Regions
[2023-03-28T18:28:44.480+0800][2.592s] GC(3) Concurrent Scan Root Regions 2.952ms
[2023-03-28T18:28:44.480+0800][2.592s] GC(3) Concurrent Mark
[2023-03-28T18:28:44.480+0800][2.592s] GC(3) Concurrent Mark From Roots
[2023-03-28T18:28:44.480+0800][2.592s] GC(3) Using 2 workers of 2 for marking
[2023-03-28T18:28:44.488+0800][2.600s] GC(3) Concurrent Mark From Roots 7.893ms
[2023-03-28T18:28:44.488+0800][2.600s] GC(3) Concurrent Preclean
[2023-03-28T18:28:44.488+0800][2.600s] GC(3) Concurrent Preclean 0.065ms
[2023-03-28T18:28:44.489+0800][2.600s] GC(3) Pause Remark
[2023-03-28T18:28:44.490+0800][2.602s] GC(3) Pause Remark 25M->25M(512M) 1.667ms
[2023-03-28T18:28:44.490+0800][2.602s] GC(3) User=0.00s Sys=0.00s Real=0.00s
[2023-03-28T18:28:44.490+0800][2.602s] GC(3) Concurrent Mark 9.919ms
[2023-03-28T18:28:44.490+0800][2.602s] GC(3) Concurrent Rebuild Remembered Sets and Scrub Regions
[2023-03-28T18:28:44.494+0800][2.606s] GC(3) Concurrent Rebuild Remembered Sets and Scrub Regions 3.920ms
[2023-03-28T18:28:44.494+0800][2.606s] GC(3) Pause Cleanup
[2023-03-28T18:28:44.495+0800][2.606s] GC(3) Pause Cleanup 26M->26M(512M) 0.103ms
[2023-03-28T18:28:44.495+0800][2.606s] GC(3) User=0.00s Sys=0.00s Real=0.00s
[2023-03-28T18:28:44.495+0800][2.606s] GC(3) Concurrent Clear Claimed Marks
[2023-03-28T18:28:44.495+0800][2.606s] GC(3) Concurrent Clear Claimed Marks 0.032ms
[2023-03-28T18:28:44.495+0800][2.606s] GC(3) Concurrent Cleanup for Next Mark
[2023-03-28T18:28:44.496+0800][2.607s] GC(3) Concurrent Cleanup for Next Mark 1.208ms
[2023-03-28T18:28:44.496+0800][2.607s] GC(3) Concurrent Mark Cycle 18.523ms
[2023-03-28T18:28:45.567+0800][3.678s] GC(4) Pause Young (Prepare Mixed) (Metadata GC Threshold)
[2023-03-28T18:28:45.567+0800][3.678s] GC(4) Using 8 workers of 8 for evacuation
[2023-03-28T18:28:45.575+0800][3.686s] GC(4)   Pre Evacuate Collection Set: 0.1ms
[2023-03-28T18:28:45.575+0800][3.686s] GC(4)   Merge Heap Roots: 0.1ms
[2023-03-28T18:28:45.575+0800][3.686s] GC(4)   Evacuate Collection Set: 6.8ms
[2023-03-28T18:28:45.575+0800][3.686s] GC(4)   Post Evacuate Collection Set: 0.7ms
[2023-03-28T18:28:45.575+0800][3.686s] GC(4)   Other: 0.1ms
[2023-03-28T18:28:45.575+0800][3.686s] GC(4) Eden regions: 144->0(288)
[2023-03-28T18:28:45.575+0800][3.686s] GC(4) Survivor regions: 13->19(39)
[2023-03-28T18:28:45.575+0800][3.686s] GC(4) Old regions: 9->9
[2023-03-28T18:28:45.575+0800][3.686s] GC(4) Archive regions: 0->0
[2023-03-28T18:28:45.575+0800][3.686s] GC(4) Humongous regions: 5->4
[2023-03-28T18:28:45.575+0800][3.686s] GC(4) Metaspace: 35633K(36096K)->35633K(36096K) NonClass: 31516K(31744K)->31516K(31744K) Class: 4117K(4352K)->4117K(4352K)
[2023-03-28T18:28:45.575+0800][3.686s] GC(4) Pause Young (Prepare Mixed) (Metadata GC Threshold) 168M->30M(512M) 8.026ms
[2023-03-28T18:28:45.575+0800][3.686s] GC(4) User=0.00s Sys=0.00s Real=0.01s
[2023-03-28T18:28:45.613+0800][3.724s] GC(5) Pause Young (Mixed) (Metadata GC Threshold)
[2023-03-28T18:28:45.613+0800][3.724s] GC(5) Using 8 workers of 8 for evacuation
[2023-03-28T18:28:45.620+0800][3.732s] GC(5)   Pre Evacuate Collection Set: 0.1ms
[2023-03-28T18:28:45.620+0800][3.732s] GC(5)   Merge Heap Roots: 0.0ms
[2023-03-28T18:28:45.620+0800][3.732s] GC(5)   Evacuate Collection Set: 7.0ms
[2023-03-28T18:28:45.621+0800][3.732s] GC(5)   Post Evacuate Collection Set: 0.6ms
[2023-03-28T18:28:45.621+0800][3.732s] GC(5)   Other: 0.1ms
[2023-03-28T18:28:45.621+0800][3.732s] GC(5) Eden regions: 4->0(288)
[2023-03-28T18:28:45.621+0800][3.732s] GC(5) Survivor regions: 19->19(39)
[2023-03-28T18:28:45.621+0800][3.732s] GC(5) Old regions: 9->9
[2023-03-28T18:28:45.621+0800][3.732s] GC(5) Archive regions: 0->0
[2023-03-28T18:28:45.621+0800][3.732s] GC(5) Humongous regions: 4->4
[2023-03-28T18:28:45.621+0800][3.732s] GC(5) Metaspace: 35954K(36416K)->35954K(36416K) NonClass: 31787K(32000K)->31787K(32000K) Class: 4166K(4416K)->4166K(4416K)
[2023-03-28T18:28:45.621+0800][3.732s] GC(5) Pause Young (Mixed) (Metadata GC Threshold) 34M->30M(512M) 7.940ms
[2023-03-28T18:28:45.621+0800][3.732s] GC(5) User=0.02s Sys=0.00s Real=0.01s
[2023-03-28T18:28:45.676+0800][3.787s] GC(6) Pause Young (Concurrent Start) (Metadata GC Threshold)
[2023-03-28T18:28:45.676+0800][3.787s] GC(6) Using 8 workers of 8 for evacuation
[2023-03-28T18:28:45.683+0800][3.795s] GC(6)   Pre Evacuate Collection Set: 0.1ms
[2023-03-28T18:28:45.683+0800][3.795s] GC(6)   Merge Heap Roots: 0.0ms
[2023-03-28T18:28:45.683+0800][3.795s] GC(6)   Evacuate Collection Set: 6.4ms
[2023-03-28T18:28:45.683+0800][3.795s] GC(6)   Post Evacuate Collection Set: 0.6ms
[2023-03-28T18:28:45.683+0800][3.795s] GC(6)   Other: 0.1ms
[2023-03-28T18:28:45.683+0800][3.795s] GC(6) Eden regions: 7->0(288)
[2023-03-28T18:28:45.683+0800][3.795s] GC(6) Survivor regions: 19->19(39)
[2023-03-28T18:28:45.683+0800][3.795s] GC(6) Old regions: 9->9
[2023-03-28T18:28:45.683+0800][3.795s] GC(6) Archive regions: 0->0
[2023-03-28T18:28:45.683+0800][3.795s] GC(6) Humongous regions: 4->4
[2023-03-28T18:28:45.683+0800][3.795s] GC(6) Metaspace: 36288K(36736K)->36288K(36736K) NonClass: 32080K(32320K)->32080K(32320K) Class: 4207K(4416K)->4207K(4416K)
[2023-03-28T18:28:45.683+0800][3.795s] GC(6) Pause Young (Concurrent Start) (Metadata GC Threshold) 37M->31M(512M) 7.478ms
[2023-03-28T18:28:45.683+0800][3.795s] GC(7) Concurrent Mark Cycle
[2023-03-28T18:28:45.683+0800][3.795s] GC(6) User=0.00s Sys=0.00s Real=0.01s
[2023-03-28T18:28:45.683+0800][3.795s] GC(7) Concurrent Scan Root Regions
[2023-03-28T18:28:45.688+0800][3.800s] GC(7) Concurrent Scan Root Regions 5.102ms
[2023-03-28T18:28:45.688+0800][3.800s] GC(7) Concurrent Mark
[2023-03-28T18:28:45.688+0800][3.800s] GC(7) Concurrent Mark From Roots
[2023-03-28T18:28:45.688+0800][3.800s] GC(7) Using 2 workers of 2 for marking
[2023-03-28T18:28:45.696+0800][3.808s] GC(7) Concurrent Mark From Roots 7.489ms
[2023-03-28T18:28:45.696+0800][3.808s] GC(7) Concurrent Preclean
[2023-03-28T18:28:45.696+0800][3.808s] GC(7) Concurrent Preclean 0.052ms
[2023-03-28T18:28:45.696+0800][3.808s] GC(7) Pause Remark
[2023-03-28T18:28:45.699+0800][3.810s] GC(7) Pause Remark 32M->32M(512M) 2.357ms
[2023-03-28T18:28:45.699+0800][3.810s] GC(7) User=0.00s Sys=0.00s Real=0.00s
[2023-03-28T18:28:45.699+0800][3.810s] GC(7) Concurrent Mark 10.105ms
[2023-03-28T18:28:45.699+0800][3.810s] GC(7) Concurrent Rebuild Remembered Sets and Scrub Regions
[2023-03-28T18:28:45.702+0800][3.814s] GC(7) Concurrent Rebuild Remembered Sets and Scrub Regions 3.629ms
[2023-03-28T18:28:45.703+0800][3.814s] GC(7) Pause Cleanup
[2023-03-28T18:28:45.703+0800][3.814s] GC(7) Pause Cleanup 33M->33M(512M) 0.098ms
[2023-03-28T18:28:45.703+0800][3.814s] GC(7) User=0.00s Sys=0.00s Real=0.00s
[2023-03-28T18:28:45.703+0800][3.814s] GC(7) Concurrent Clear Claimed Marks
[2023-03-28T18:28:45.703+0800][3.814s] GC(7) Concurrent Clear Claimed Marks 0.053ms
[2023-03-28T18:28:45.703+0800][3.814s] GC(7) Concurrent Cleanup for Next Mark
[2023-03-28T18:28:45.704+0800][3.816s] GC(7) Concurrent Cleanup for Next Mark 1.237ms
[2023-03-28T18:28:45.704+0800][3.816s] GC(7) Concurrent Mark Cycle 20.730ms
[2023-03-28T18:29:00.661+0800][18.772s] GC(8) Pause Young (Prepare Mixed) (G1 Evacuation Pause)
[2023-03-28T18:29:00.661+0800][18.772s] GC(8) Using 8 workers of 8 for evacuation
[2023-03-28T18:29:00.677+0800][18.788s] GC(8)   Pre Evacuate Collection Set: 0.1ms
[2023-03-28T18:29:00.677+0800][18.788s] GC(8)   Merge Heap Roots: 0.1ms
[2023-03-28T18:29:00.677+0800][18.788s] GC(8)   Evacuate Collection Set: 13.5ms
[2023-03-28T18:29:00.677+0800][18.788s] GC(8)   Post Evacuate Collection Set: 1.7ms
[2023-03-28T18:29:00.677+0800][18.788s] GC(8)   Other: 0.1ms
[2023-03-28T18:29:00.677+0800][18.788s] GC(8) Eden regions: 288->0(274)
[2023-03-28T18:29:00.677+0800][18.788s] GC(8) Survivor regions: 19->33(39)
[2023-03-28T18:29:00.677+0800][18.788s] GC(8) Old regions: 9->9
[2023-03-28T18:29:00.677+0800][18.788s] GC(8) Archive regions: 0->0
[2023-03-28T18:29:00.677+0800][18.788s] GC(8) Humongous regions: 4->4
[2023-03-28T18:29:00.677+0800][18.788s] GC(8) Metaspace: 55175K(55744K)->55175K(55744K) NonClass: 48465K(48768K)->48465K(48768K) Class: 6710K(6976K)->6710K(6976K)
[2023-03-28T18:29:00.677+0800][18.788s] GC(8) Pause Young (Prepare Mixed) (G1 Evacuation Pause) 319M->45M(512M) 15.603ms
[2023-03-28T18:29:00.677+0800][18.788s] GC(8) User=0.02s Sys=0.00s Real=0.02s
[2023-03-28T18:38:45.421+0800][603.532s] Heap
[2023-03-28T18:38:45.422+0800][603.533s]  garbage-first heap   total 524288K, used 97326K [0x00000000e0000000, 0x0000000100000000)
[2023-03-28T18:38:45.422+0800][603.533s]   region size 1024K, 83 young (84992K), 33 survivors (33792K)
[2023-03-28T18:38:45.422+0800][603.533s]  Metaspace       used 57363K, committed 58048K, reserved 1114112K
[2023-03-28T18:38:45.422+0800][603.533s]   class space    used 6923K, committed 7232K, reserved 1048576K
