[2023-03-29T22:47:03.724+0800][0.023s] CardTable entry size: 512
[2023-03-29T22:47:03.724+0800][0.023s] Using G1
[2023-03-29T22:47:03.864+0800][0.164s] Version: 20+36-2344 (release)
[2023-03-29T22:47:03.864+0800][0.164s] CPUs: 8 total, 8 available
[2023-03-29T22:47:03.864+0800][0.164s] Memory: 8038M
[2023-03-29T22:47:03.864+0800][0.164s] Large Page Support: Disabled
[2023-03-29T22:47:03.864+0800][0.164s] NUMA Support: Disabled
[2023-03-29T22:47:03.864+0800][0.164s] Compressed Oops: Enabled (32-bit)
[2023-03-29T22:47:03.865+0800][0.164s] Heap Region Size: 1M
[2023-03-29T22:47:03.865+0800][0.164s] Heap Min Capacity: 512M
[2023-03-29T22:47:03.865+0800][0.164s] Heap Initial Capacity: 512M
[2023-03-29T22:47:03.865+0800][0.164s] Heap Max Capacity: 512M
[2023-03-29T22:47:03.865+0800][0.164s] Pre-touch: Enabled
[2023-03-29T22:47:03.865+0800][0.164s] Parallel Workers: 8
[2023-03-29T22:47:03.865+0800][0.164s] Concurrent Workers: 2
[2023-03-29T22:47:03.865+0800][0.164s] Concurrent Refinement Workers: 8
[2023-03-29T22:47:03.865+0800][0.164s] Periodic GC: Disabled
[2023-03-29T22:47:03.866+0800][0.165s] CDS archive(s) mapped at: [0x0000000800000000-0x0000000800c60000-0x0000000800c60000), size 12976128, SharedBaseAddress: 0x0000000800000000, ArchiveRelocationMode: 0.
[2023-03-29T22:47:03.866+0800][0.165s] Compressed class space mapped at: 0x0000000801000000-0x0000000841000000, reserved size: 1073741824
[2023-03-29T22:47:03.866+0800][0.165s] Narrow klass base: 0x0000000800000000, Narrow klass shift: 0, Narrow klass range: 0x100000000
[2023-03-29T22:47:04.546+0800][0.845s] GC(0) Pause Young (Normal) (G1 Evacuation Pause)
[2023-03-29T22:47:04.547+0800][0.846s] GC(0) Using 8 workers of 8 for evacuation
[2023-03-29T22:47:04.550+0800][0.850s] GC(0)   Pre Evacuate Collection Set: 0.1ms
[2023-03-29T22:47:04.551+0800][0.850s] GC(0)   Merge Heap Roots: 0.0ms
[2023-03-29T22:47:04.551+0800][0.850s] GC(0)   Evacuate Collection Set: 3.0ms
[2023-03-29T22:47:04.551+0800][0.850s] GC(0)   Post Evacuate Collection Set: 0.5ms
[2023-03-29T22:47:04.551+0800][0.850s] GC(0)   Other: 0.4ms
[2023-03-29T22:47:04.551+0800][0.850s] GC(0) Eden regions: 29->0(41)
[2023-03-29T22:47:04.551+0800][0.850s] GC(0) Survivor regions: 0->4(4)
[2023-03-29T22:47:04.551+0800][0.850s] GC(0) Old regions: 0->0
[2023-03-29T22:47:04.551+0800][0.850s] GC(0) Archive regions: 0->0
[2023-03-29T22:47:04.551+0800][0.850s] GC(0) Humongous regions: 0->0
[2023-03-29T22:47:04.551+0800][0.850s] GC(0) Metaspace: 6478K(6720K)->6478K(6720K) NonClass: 5734K(5888K)->5734K(5888K) Class: 743K(832K)->743K(832K)
[2023-03-29T22:47:04.551+0800][0.850s] GC(0) Pause Young (Normal) (G1 Evacuation Pause) 29M->3M(512M) 4.420ms
[2023-03-29T22:47:04.551+0800][0.850s] GC(0) User=0.02s Sys=0.00s Real=0.01s
[2023-03-29T22:47:05.572+0800][1.871s] GC(1) Pause Young (Normal) (G1 Evacuation Pause)
[2023-03-29T22:47:05.572+0800][1.871s] GC(1) Using 8 workers of 8 for evacuation
[2023-03-29T22:47:05.582+0800][1.881s] GC(1)   Pre Evacuate Collection Set: 0.1ms
[2023-03-29T22:47:05.582+0800][1.881s] GC(1)   Merge Heap Roots: 0.1ms
[2023-03-29T22:47:05.582+0800][1.881s] GC(1)   Evacuate Collection Set: 9.0ms
[2023-03-29T22:47:05.582+0800][1.881s] GC(1)   Post Evacuate Collection Set: 0.6ms
[2023-03-29T22:47:05.582+0800][1.881s] GC(1)   Other: 0.1ms
[2023-03-29T22:47:05.582+0800][1.881s] GC(1) Eden regions: 41->0(220)
[2023-03-29T22:47:05.582+0800][1.881s] GC(1) Survivor regions: 4->6(6)
[2023-03-29T22:47:05.582+0800][1.881s] GC(1) Old regions: 0->9
[2023-03-29T22:47:05.582+0800][1.881s] GC(1) Archive regions: 0->0
[2023-03-29T22:47:05.582+0800][1.881s] GC(1) Humongous regions: 4->4
[2023-03-29T22:47:05.582+0800][1.881s] GC(1) Metaspace: 17993K(18368K)->17993K(18368K) NonClass: 15948K(16192K)->15948K(16192K) Class: 2044K(2176K)->2044K(2176K)
[2023-03-29T22:47:05.582+0800][1.881s] GC(1) Pause Young (Normal) (G1 Evacuation Pause) 48M->18M(512M) 10.115ms
[2023-03-29T22:47:05.582+0800][1.881s] GC(1) User=0.00s Sys=0.00s Real=0.01s
[2023-03-29T22:47:06.030+0800][2.329s] GC(2) Pause Young (Normal) (G1 Evacuation Pause)
[2023-03-29T22:47:06.030+0800][2.329s] GC(2) Using 8 workers of 8 for evacuation
[2023-03-29T22:47:06.035+0800][2.334s] GC(2)   Pre Evacuate Collection Set: 0.1ms
[2023-03-29T22:47:06.035+0800][2.334s] GC(2)   Merge Heap Roots: 0.1ms
[2023-03-29T22:47:06.035+0800][2.334s] GC(2)   Evacuate Collection Set: 4.0ms
[2023-03-29T22:47:06.035+0800][2.334s] GC(2)   Post Evacuate Collection Set: 0.6ms
[2023-03-29T22:47:06.035+0800][2.334s] GC(2)   Other: 0.1ms
[2023-03-29T22:47:06.035+0800][2.334s] GC(2) Eden regions: 196->0(296)
[2023-03-29T22:47:06.035+0800][2.334s] GC(2) Survivor regions: 6->11(26)
[2023-03-29T22:47:06.035+0800][2.334s] GC(2) Old regions: 9->9
[2023-03-29T22:47:06.035+0800][2.334s] GC(2) Archive regions: 0->0
[2023-03-29T22:47:06.035+0800][2.334s] GC(2) Humongous regions: 4->4
[2023-03-29T22:47:06.035+0800][2.334s] GC(2) Metaspace: 19257K(19712K)->19257K(19712K) NonClass: 17066K(17280K)->17066K(17280K) Class: 2190K(2432K)->2190K(2432K)
[2023-03-29T22:47:06.035+0800][2.334s] GC(2) Pause Young (Normal) (G1 Evacuation Pause) 214M->23M(512M) 5.290ms
[2023-03-29T22:47:06.035+0800][2.334s] GC(2) User=0.02s Sys=0.00s Real=0.01s
[2023-03-29T22:47:06.228+0800][2.528s] GC(3) Pause Young (Concurrent Start) (Metadata GC Threshold)
[2023-03-29T22:47:06.228+0800][2.528s] GC(3) Using 8 workers of 8 for evacuation
[2023-03-29T22:47:06.234+0800][2.533s] GC(3)   Pre Evacuate Collection Set: 0.1ms
[2023-03-29T22:47:06.234+0800][2.533s] GC(3)   Merge Heap Roots: 0.1ms
[2023-03-29T22:47:06.234+0800][2.533s] GC(3)   Evacuate Collection Set: 4.3ms
[2023-03-29T22:47:06.234+0800][2.533s] GC(3)   Post Evacuate Collection Set: 0.5ms
[2023-03-29T22:47:06.234+0800][2.533s] GC(3)   Other: 0.1ms
[2023-03-29T22:47:06.234+0800][2.533s] GC(3) Eden regions: 54->0(295)
[2023-03-29T22:47:06.234+0800][2.533s] GC(3) Survivor regions: 11->12(39)
[2023-03-29T22:47:06.234+0800][2.533s] GC(3) Old regions: 9->9
[2023-03-29T22:47:06.234+0800][2.533s] GC(3) Archive regions: 0->0
[2023-03-29T22:47:06.234+0800][2.533s] GC(3) Humongous regions: 4->4
[2023-03-29T22:47:06.234+0800][2.533s] GC(3) Metaspace: 21084K(21504K)->21084K(21504K) NonClass: 18706K(18944K)->18706K(18944K) Class: 2378K(2560K)->2378K(2560K)
[2023-03-29T22:47:06.234+0800][2.533s] GC(3) Pause Young (Concurrent Start) (Metadata GC Threshold) 76M->24M(512M) 5.481ms
[2023-03-29T22:47:06.234+0800][2.533s] GC(3) User=0.00s Sys=0.00s Real=0.01s
[2023-03-29T22:47:06.234+0800][2.533s] GC(4) Concurrent Mark Cycle
[2023-03-29T22:47:06.234+0800][2.533s] GC(4) Concurrent Scan Root Regions
[2023-03-29T22:47:06.238+0800][2.537s] GC(4) Concurrent Scan Root Regions 3.471ms
[2023-03-29T22:47:06.238+0800][2.537s] GC(4) Concurrent Mark
[2023-03-29T22:47:06.238+0800][2.537s] GC(4) Concurrent Mark From Roots
[2023-03-29T22:47:06.238+0800][2.537s] GC(4) Using 2 workers of 2 for marking
[2023-03-29T22:47:06.245+0800][2.544s] GC(4) Concurrent Mark From Roots 7.761ms
[2023-03-29T22:47:06.245+0800][2.544s] GC(4) Concurrent Preclean
[2023-03-29T22:47:06.245+0800][2.545s] GC(4) Concurrent Preclean 0.059ms
[2023-03-29T22:47:06.245+0800][2.545s] GC(4) Pause Remark
[2023-03-29T22:47:06.247+0800][2.546s] GC(4) Pause Remark 25M->25M(512M) 1.639ms
[2023-03-29T22:47:06.247+0800][2.546s] GC(4) User=0.00s Sys=0.00s Real=0.00s
[2023-03-29T22:47:06.247+0800][2.546s] GC(4) Concurrent Mark 9.700ms
[2023-03-29T22:47:06.247+0800][2.546s] GC(4) Concurrent Rebuild Remembered Sets and Scrub Regions
[2023-03-29T22:47:06.251+0800][2.550s] GC(4) Concurrent Rebuild Remembered Sets and Scrub Regions 3.812ms
[2023-03-29T22:47:06.251+0800][2.550s] GC(4) Pause Cleanup
[2023-03-29T22:47:06.251+0800][2.550s] GC(4) Pause Cleanup 25M->25M(512M) 0.086ms
[2023-03-29T22:47:06.251+0800][2.550s] GC(4) User=0.00s Sys=0.00s Real=0.00s
[2023-03-29T22:47:06.251+0800][2.550s] GC(4) Concurrent Clear Claimed Marks
[2023-03-29T22:47:06.251+0800][2.551s] GC(4) Concurrent Clear Claimed Marks 0.034ms
[2023-03-29T22:47:06.251+0800][2.551s] GC(4) Concurrent Cleanup for Next Mark
[2023-03-29T22:47:06.252+0800][2.552s] GC(4) Concurrent Cleanup for Next Mark 1.150ms
[2023-03-29T22:47:06.252+0800][2.552s] GC(4) Concurrent Mark Cycle 18.657ms
[2023-03-29T22:47:07.341+0800][3.640s] GC(5) Pause Young (Concurrent Start) (Metadata GC Threshold)
[2023-03-29T22:47:07.341+0800][3.640s] GC(5) Using 8 workers of 8 for evacuation
[2023-03-29T22:47:07.349+0800][3.648s] GC(5)   Pre Evacuate Collection Set: 0.1ms
[2023-03-29T22:47:07.349+0800][3.648s] GC(5)   Merge Heap Roots: 0.1ms
[2023-03-29T22:47:07.349+0800][3.648s] GC(5)   Evacuate Collection Set: 6.7ms
[2023-03-29T22:47:07.349+0800][3.648s] GC(5)   Post Evacuate Collection Set: 0.7ms
[2023-03-29T22:47:07.349+0800][3.648s] GC(5)   Other: 0.1ms
[2023-03-29T22:47:07.349+0800][3.648s] GC(5) Eden regions: 120->0(289)
[2023-03-29T22:47:07.349+0800][3.648s] GC(5) Survivor regions: 12->18(39)
[2023-03-29T22:47:07.349+0800][3.648s] GC(5) Old regions: 9->9
[2023-03-29T22:47:07.349+0800][3.648s] GC(5) Archive regions: 0->0
[2023-03-29T22:47:07.349+0800][3.648s] GC(5) Humongous regions: 5->4
[2023-03-29T22:47:07.349+0800][3.648s] GC(5) Metaspace: 35494K(35968K)->35494K(35968K) NonClass: 31391K(31616K)->31391K(31616K) Class: 4102K(4352K)->4102K(4352K)
[2023-03-29T22:47:07.349+0800][3.648s] GC(5) Pause Young (Concurrent Start) (Metadata GC Threshold) 144M->30M(512M) 7.994ms
[2023-03-29T22:47:07.349+0800][3.648s] GC(6) Concurrent Mark Cycle
[2023-03-29T22:47:07.349+0800][3.648s] GC(5) User=0.02s Sys=0.00s Real=0.01s
[2023-03-29T22:47:07.349+0800][3.648s] GC(6) Concurrent Scan Root Regions
[2023-03-29T22:47:07.353+0800][3.652s] GC(6) Concurrent Scan Root Regions 4.304ms
[2023-03-29T22:47:07.353+0800][3.652s] GC(6) Concurrent Mark
[2023-03-29T22:47:07.353+0800][3.652s] GC(6) Concurrent Mark From Roots
[2023-03-29T22:47:07.353+0800][3.652s] GC(6) Using 2 workers of 2 for marking
[2023-03-29T22:47:07.358+0800][3.658s] GC(6) Concurrent Mark From Roots 5.900ms
[2023-03-29T22:47:07.358+0800][3.658s] GC(6) Concurrent Preclean
[2023-03-29T22:47:07.358+0800][3.658s] GC(6) Concurrent Preclean 0.051ms
[2023-03-29T22:47:07.358+0800][3.658s] GC(6) Pause Remark
[2023-03-29T22:47:07.361+0800][3.660s] GC(6) Pause Remark 31M->31M(512M) 1.978ms
[2023-03-29T22:47:07.361+0800][3.660s] GC(6) User=0.00s Sys=0.00s Real=0.00s
[2023-03-29T22:47:07.361+0800][3.660s] GC(6) Concurrent Mark 8.215ms
[2023-03-29T22:47:07.361+0800][3.660s] GC(6) Concurrent Rebuild Remembered Sets and Scrub Regions
[2023-03-29T22:47:07.364+0800][3.663s] GC(6) Concurrent Rebuild Remembered Sets and Scrub Regions 2.682ms
[2023-03-29T22:47:07.364+0800][3.663s] GC(6) Pause Cleanup
[2023-03-29T22:47:07.364+0800][3.663s] GC(6) Pause Cleanup 31M->31M(512M) 0.130ms
[2023-03-29T22:47:07.364+0800][3.663s] GC(6) User=0.00s Sys=0.00s Real=0.00s
[2023-03-29T22:47:07.364+0800][3.663s] GC(6) Concurrent Clear Claimed Marks
[2023-03-29T22:47:07.364+0800][3.663s] GC(6) Concurrent Clear Claimed Marks 0.034ms
[2023-03-29T22:47:07.364+0800][3.664s] GC(6) Concurrent Cleanup for Next Mark
[2023-03-29T22:47:07.366+0800][3.665s] GC(6) Concurrent Cleanup for Next Mark 1.104ms
[2023-03-29T22:47:07.366+0800][3.665s] GC(6) Concurrent Mark Cycle 16.789ms
[2023-03-29T22:50:59.734+0800][236.033s] GC(7) Pause Young (Normal) (G1 Evacuation Pause)
[2023-03-29T22:50:59.735+0800][236.034s] GC(7) Using 8 workers of 8 for evacuation
[2023-03-29T22:50:59.754+0800][236.053s] GC(7)   Pre Evacuate Collection Set: 0.1ms
[2023-03-29T22:50:59.754+0800][236.053s] GC(7)   Merge Heap Roots: 0.1ms
[2023-03-29T22:50:59.754+0800][236.053s] GC(7)   Evacuate Collection Set: 16.8ms
[2023-03-29T22:50:59.754+0800][236.053s] GC(7)   Post Evacuate Collection Set: 2.2ms
[2023-03-29T22:50:59.754+0800][236.053s] GC(7)   Other: 0.2ms
[2023-03-29T22:50:59.754+0800][236.053s] GC(7) Eden regions: 289->0(273)
[2023-03-29T22:50:59.754+0800][236.053s] GC(7) Survivor regions: 18->34(39)
[2023-03-29T22:50:59.754+0800][236.053s] GC(7) Old regions: 9->9
[2023-03-29T22:50:59.754+0800][236.053s] GC(7) Archive regions: 0->0
[2023-03-29T22:50:59.754+0800][236.053s] GC(7) Humongous regions: 4->4
[2023-03-29T22:50:59.754+0800][236.053s] GC(7) Metaspace: 56610K(57280K)->56610K(57280K) NonClass: 49751K(50112K)->49751K(50112K) Class: 6859K(7168K)->6859K(7168K)
[2023-03-29T22:50:59.754+0800][236.053s] GC(7) Pause Young (Normal) (G1 Evacuation Pause) 319M->46M(512M) 20.050ms
[2023-03-29T22:50:59.754+0800][236.053s] GC(7) User=0.14s Sys=0.00s Real=0.02s
[2023-03-29T22:53:11.488+0800][367.787s] GC(8) Pause Young (Concurrent Start) (Metadata GC Threshold)
[2023-03-29T22:53:11.488+0800][367.787s] GC(8) Using 8 workers of 8 for evacuation
[2023-03-29T22:53:11.509+0800][367.809s] GC(8)   Pre Evacuate Collection Set: 0.5ms
[2023-03-29T22:53:11.509+0800][367.809s] GC(8)   Merge Heap Roots: 0.1ms
[2023-03-29T22:53:11.509+0800][367.809s] GC(8)   Evacuate Collection Set: 19.5ms
[2023-03-29T22:53:11.509+0800][367.809s] GC(8)   Post Evacuate Collection Set: 1.3ms
[2023-03-29T22:53:11.509+0800][367.809s] GC(8)   Other: 0.1ms
[2023-03-29T22:53:11.509+0800][367.809s] GC(8) Eden regions: 169->0(288)
[2023-03-29T22:53:11.509+0800][367.809s] GC(8) Survivor regions: 34->19(39)
[2023-03-29T22:53:11.509+0800][367.809s] GC(8) Old regions: 9->25
[2023-03-29T22:53:11.509+0800][367.809s] GC(8) Archive regions: 0->0
[2023-03-29T22:53:11.509+0800][367.809s] GC(8) Humongous regions: 4->4
[2023-03-29T22:53:11.509+0800][367.809s] GC(8) Metaspace: 59419K(60096K)->59419K(60096K) NonClass: 52296K(52672K)->52296K(52672K) Class: 7122K(7424K)->7122K(7424K)
[2023-03-29T22:53:11.509+0800][367.809s] GC(8) Pause Young (Concurrent Start) (Metadata GC Threshold) 214M->47M(512M) 21.650ms
[2023-03-29T22:53:11.509+0800][367.809s] GC(9) Concurrent Mark Cycle
[2023-03-29T22:53:11.509+0800][367.809s] GC(8) User=0.06s Sys=0.05s Real=0.02s
[2023-03-29T22:53:11.509+0800][367.809s] GC(9) Concurrent Scan Root Regions
[2023-03-29T22:53:11.523+0800][367.823s] GC(9) Concurrent Scan Root Regions 13.982ms
[2023-03-29T22:53:11.523+0800][367.823s] GC(9) Concurrent Mark
[2023-03-29T22:53:11.523+0800][367.823s] GC(9) Concurrent Mark From Roots
[2023-03-29T22:53:11.523+0800][367.823s] GC(9) Using 2 workers of 2 for marking
[2023-03-29T22:53:11.535+0800][367.834s] GC(9) Concurrent Mark From Roots 11.065ms
[2023-03-29T22:53:11.535+0800][367.834s] GC(9) Concurrent Preclean
[2023-03-29T22:53:11.535+0800][367.834s] GC(9) Concurrent Preclean 0.055ms
[2023-03-29T22:53:11.535+0800][367.834s] GC(9) Pause Remark
[2023-03-29T22:53:11.542+0800][367.842s] GC(9) Pause Remark 49M->49M(512M) 7.409ms
[2023-03-29T22:53:11.542+0800][367.842s] GC(9) User=0.00s Sys=0.00s Real=0.01s
[2023-03-29T22:53:11.542+0800][367.842s] GC(9) Concurrent Mark 18.811ms
[2023-03-29T22:53:11.542+0800][367.842s] GC(9) Concurrent Rebuild Remembered Sets and Scrub Regions
[2023-03-29T22:53:11.545+0800][367.845s] GC(9) Concurrent Rebuild Remembered Sets and Scrub Regions 3.489ms
[2023-03-29T22:53:11.546+0800][367.845s] GC(9) Pause Cleanup
[2023-03-29T22:53:11.546+0800][367.845s] GC(9) Pause Cleanup 49M->49M(512M) 0.032ms
[2023-03-29T22:53:11.546+0800][367.846s] GC(9) User=0.00s Sys=0.00s Real=0.00s
[2023-03-29T22:53:11.546+0800][367.846s] GC(9) Concurrent Clear Claimed Marks
[2023-03-29T22:53:11.546+0800][367.846s] GC(9) Concurrent Clear Claimed Marks 0.059ms
[2023-03-29T22:53:11.546+0800][367.846s] GC(9) Concurrent Cleanup for Next Mark
[2023-03-29T22:53:11.548+0800][367.848s] GC(9) Concurrent Cleanup for Next Mark 2.412ms
[2023-03-29T22:53:11.548+0800][367.848s] GC(9) Concurrent Mark Cycle 39.143ms
[2023-03-29T22:53:14.107+0800][370.407s] GC(10) Pause Young (Normal) (G1 Evacuation Pause)
[2023-03-29T22:53:14.107+0800][370.407s] GC(10) Using 8 workers of 8 for evacuation
[2023-03-29T22:53:14.117+0800][370.417s] GC(10)   Pre Evacuate Collection Set: 0.1ms
[2023-03-29T22:53:14.117+0800][370.417s] GC(10)   Merge Heap Roots: 0.1ms
[2023-03-29T22:53:14.117+0800][370.417s] GC(10)   Evacuate Collection Set: 8.9ms
[2023-03-29T22:53:14.117+0800][370.417s] GC(10)   Post Evacuate Collection Set: 1.0ms
[2023-03-29T22:53:14.117+0800][370.417s] GC(10)   Other: 0.1ms
[2023-03-29T22:53:14.117+0800][370.417s] GC(10) Eden regions: 288->0(284)
[2023-03-29T22:53:14.117+0800][370.417s] GC(10) Survivor regions: 19->23(39)
[2023-03-29T22:53:14.117+0800][370.417s] GC(10) Old regions: 25->25
[2023-03-29T22:53:14.117+0800][370.417s] GC(10) Archive regions: 0->0
[2023-03-29T22:53:14.117+0800][370.417s] GC(10) Humongous regions: 4->4
[2023-03-29T22:53:14.117+0800][370.417s] GC(10) Metaspace: 60672K(61440K)->60672K(61440K) NonClass: 53490K(53888K)->53490K(53888K) Class: 7182K(7552K)->7182K(7552K)
[2023-03-29T22:53:14.117+0800][370.417s] GC(10) Pause Young (Normal) (G1 Evacuation Pause) 335M->51M(512M) 10.470ms
[2023-03-29T22:53:14.117+0800][370.417s] GC(10) User=0.03s Sys=0.00s Real=0.01s
[2023-03-29T23:04:15.154+0800][1031.454s] GC(11) Pause Young (Normal) (G1 Evacuation Pause)
[2023-03-29T23:04:15.156+0800][1031.455s] GC(11) Using 8 workers of 8 for evacuation
[2023-03-29T23:04:15.182+0800][1031.481s] GC(11)   Pre Evacuate Collection Set: 0.9ms
[2023-03-29T23:04:15.182+0800][1031.481s] GC(11)   Merge Heap Roots: 0.9ms
[2023-03-29T23:04:15.182+0800][1031.481s] GC(11)   Evacuate Collection Set: 20.6ms
[2023-03-29T23:04:15.182+0800][1031.481s] GC(11)   Post Evacuate Collection Set: 2.1ms
[2023-03-29T23:04:15.182+0800][1031.481s] GC(11)   Other: 1.6ms
[2023-03-29T23:04:15.182+0800][1031.481s] GC(11) Eden regions: 284->0(303)
[2023-03-29T23:04:15.182+0800][1031.481s] GC(11) Survivor regions: 23->4(39)
[2023-03-29T23:04:15.182+0800][1031.481s] GC(11) Old regions: 25->36
[2023-03-29T23:04:15.182+0800][1031.481s] GC(11) Archive regions: 0->0
[2023-03-29T23:04:15.182+0800][1031.481s] GC(11) Humongous regions: 6->4
[2023-03-29T23:04:15.182+0800][1031.481s] GC(11) Metaspace: 61419K(62144K)->61419K(62144K) NonClass: 54162K(54528K)->54162K(54528K) Class: 7257K(7616K)->7257K(7616K)
[2023-03-29T23:04:15.182+0800][1031.481s] GC(11) Pause Young (Normal) (G1 Evacuation Pause) 337M->43M(512M) 27.856ms
[2023-03-29T23:04:15.182+0800][1031.481s] GC(11) User=0.00s Sys=0.03s Real=0.03s
[2023-03-29T23:04:15.208+0800][1031.507s] Heap
[2023-03-29T23:04:15.208+0800][1031.507s]  garbage-first heap   total 524288K, used 49475K [0x00000000e0000000, 0x0000000100000000)
[2023-03-29T23:04:15.208+0800][1031.507s]   region size 1024K, 9 young (9216K), 4 survivors (4096K)
[2023-03-29T23:04:15.208+0800][1031.507s]  Metaspace       used 61460K, committed 62208K, reserved 1114112K
[2023-03-29T23:04:15.208+0800][1031.507s]   class space    used 7263K, committed 7616K, reserved 1048576K
