[2023-03-28T17:39:24.485+0800][0.013s] CardTable entry size: 512
[2023-03-28T17:39:24.485+0800][0.014s] Using G1
[2023-03-28T17:39:24.636+0800][0.165s] Version: 20+36-2344 (release)
[2023-03-28T17:39:24.636+0800][0.165s] CPUs: 8 total, 8 available
[2023-03-28T17:39:24.637+0800][0.165s] Memory: 8038M
[2023-03-28T17:39:24.637+0800][0.165s] Large Page Support: Disabled
[2023-03-28T17:39:24.637+0800][0.165s] NUMA Support: Disabled
[2023-03-28T17:39:24.637+0800][0.166s] Compressed Oops: Enabled (32-bit)
[2023-03-28T17:39:24.637+0800][0.166s] Heap Region Size: 1M
[2023-03-28T17:39:24.637+0800][0.166s] Heap Min Capacity: 512M
[2023-03-28T17:39:24.637+0800][0.166s] Heap Initial Capacity: 512M
[2023-03-28T17:39:24.637+0800][0.166s] Heap Max Capacity: 512M
[2023-03-28T17:39:24.637+0800][0.166s] Pre-touch: Enabled
[2023-03-28T17:39:24.637+0800][0.166s] Parallel Workers: 8
[2023-03-28T17:39:24.637+0800][0.166s] Concurrent Workers: 2
[2023-03-28T17:39:24.637+0800][0.166s] Concurrent Refinement Workers: 8
[2023-03-28T17:39:24.637+0800][0.166s] Periodic GC: Disabled
[2023-03-28T17:39:24.637+0800][0.167s] CDS archive(s) mapped at: [0x0000000800000000-0x0000000800c60000-0x0000000800c60000), size 12976128, SharedBaseAddress: 0x0000000800000000, ArchiveRelocationMode: 0.
[2023-03-28T17:39:24.637+0800][0.167s] Compressed class space mapped at: 0x0000000801000000-0x0000000841000000, reserved size: 1073741824
[2023-03-28T17:39:24.637+0800][0.167s] Narrow klass base: 0x0000000800000000, Narrow klass shift: 0, Narrow klass range: 0x100000000
[2023-03-28T17:39:25.386+0800][0.914s] GC(0) Pause Young (Normal) (G1 Evacuation Pause)
[2023-03-28T17:39:25.386+0800][0.915s] GC(0) Using 8 workers of 8 for evacuation
[2023-03-28T17:39:25.391+0800][0.919s] GC(0)   Pre Evacuate Collection Set: 0.1ms
[2023-03-28T17:39:25.391+0800][0.920s] GC(0)   Merge Heap Roots: 0.0ms
[2023-03-28T17:39:25.391+0800][0.920s] GC(0)   Evacuate Collection Set: 3.9ms
[2023-03-28T17:39:25.391+0800][0.920s] GC(0)   Post Evacuate Collection Set: 0.6ms
[2023-03-28T17:39:25.391+0800][0.920s] GC(0)   Other: 0.4ms
[2023-03-28T17:39:25.391+0800][0.920s] GC(0) Eden regions: 29->0(41)
[2023-03-28T17:39:25.391+0800][0.920s] GC(0) Survivor regions: 0->4(4)
[2023-03-28T17:39:25.391+0800][0.920s] GC(0) Old regions: 0->0
[2023-03-28T17:39:25.391+0800][0.920s] GC(0) Archive regions: 0->0
[2023-03-28T17:39:25.391+0800][0.920s] GC(0) Humongous regions: 0->0
[2023-03-28T17:39:25.391+0800][0.920s] GC(0) Metaspace: 5779K(6016K)->5779K(6016K) NonClass: 5157K(5248K)->5157K(5248K) Class: 622K(768K)->622K(768K)
[2023-03-28T17:39:25.391+0800][0.920s] GC(0) Pause Young (Normal) (G1 Evacuation Pause) 29M->3M(512M) 5.477ms
[2023-03-28T17:39:25.391+0800][0.920s] GC(0) User=0.02s Sys=0.00s Real=0.01s
[2023-03-28T17:39:26.211+0800][1.740s] GC(1) Pause Young (Normal) (G1 Evacuation Pause)
[2023-03-28T17:39:26.211+0800][1.740s] GC(1) Using 8 workers of 8 for evacuation
[2023-03-28T17:39:26.219+0800][1.747s] GC(1)   Pre Evacuate Collection Set: 0.1ms
[2023-03-28T17:39:26.219+0800][1.747s] GC(1)   Merge Heap Roots: 0.1ms
[2023-03-28T17:39:26.219+0800][1.747s] GC(1)   Evacuate Collection Set: 6.3ms
[2023-03-28T17:39:26.219+0800][1.747s] GC(1)   Post Evacuate Collection Set: 0.6ms
[2023-03-28T17:39:26.219+0800][1.747s] GC(1)   Other: 0.1ms
[2023-03-28T17:39:26.219+0800][1.747s] GC(1) Eden regions: 41->0(301)
[2023-03-28T17:39:26.219+0800][1.747s] GC(1) Survivor regions: 4->6(6)
[2023-03-28T17:39:26.219+0800][1.747s] GC(1) Old regions: 0->9
[2023-03-28T17:39:26.219+0800][1.747s] GC(1) Archive regions: 0->0
[2023-03-28T17:39:26.219+0800][1.747s] GC(1) Humongous regions: 4->4
[2023-03-28T17:39:26.219+0800][1.747s] GC(1) Metaspace: 16906K(17280K)->16906K(17280K) NonClass: 14985K(15168K)->14985K(15168K) Class: 1921K(2112K)->1921K(2112K)
[2023-03-28T17:39:26.219+0800][1.747s] GC(1) Pause Young (Normal) (G1 Evacuation Pause) 48M->18M(512M) 7.288ms
[2023-03-28T17:39:26.219+0800][1.747s] GC(1) User=0.00s Sys=0.00s Real=0.01s
[2023-03-28T17:39:27.010+0800][2.538s] GC(2) Pause Young (Concurrent Start) (Metadata GC Threshold)
[2023-03-28T17:39:27.010+0800][2.538s] GC(2) Using 8 workers of 8 for evacuation
[2023-03-28T17:39:27.017+0800][2.545s] GC(2)   Pre Evacuate Collection Set: 1.5ms
[2023-03-28T17:39:27.017+0800][2.545s] GC(2)   Merge Heap Roots: 0.1ms
[2023-03-28T17:39:27.017+0800][2.545s] GC(2)   Evacuate Collection Set: 4.4ms
[2023-03-28T17:39:27.017+0800][2.545s] GC(2)   Post Evacuate Collection Set: 0.7ms
[2023-03-28T17:39:27.017+0800][2.545s] GC(2)   Other: 0.2ms
[2023-03-28T17:39:27.017+0800][2.545s] GC(2) Eden regions: 274->0(294)
[2023-03-28T17:39:27.017+0800][2.545s] GC(2) Survivor regions: 6->13(39)
[2023-03-28T17:39:27.017+0800][2.545s] GC(2) Old regions: 9->9
[2023-03-28T17:39:27.017+0800][2.545s] GC(2) Archive regions: 0->0
[2023-03-28T17:39:27.017+0800][2.545s] GC(2) Humongous regions: 4->4
[2023-03-28T17:39:27.017+0800][2.545s] GC(2) Metaspace: 21148K(21504K)->21148K(21504K) NonClass: 18755K(18944K)->18755K(18944K) Class: 2392K(2560K)->2392K(2560K)
[2023-03-28T17:39:27.017+0800][2.545s] GC(2) Pause Young (Concurrent Start) (Metadata GC Threshold) 291M->24M(512M) 7.077ms
[2023-03-28T17:39:27.017+0800][2.545s] GC(2) User=0.00s Sys=0.00s Real=0.01s
[2023-03-28T17:39:27.017+0800][2.545s] GC(3) Concurrent Mark Cycle
[2023-03-28T17:39:27.017+0800][2.545s] GC(3) Concurrent Scan Root Regions
[2023-03-28T17:39:27.020+0800][2.548s] GC(3) Concurrent Scan Root Regions 2.697ms
[2023-03-28T17:39:27.020+0800][2.548s] GC(3) Concurrent Mark
[2023-03-28T17:39:27.020+0800][2.548s] GC(3) Concurrent Mark From Roots
[2023-03-28T17:39:27.020+0800][2.548s] GC(3) Using 2 workers of 2 for marking
[2023-03-28T17:39:27.026+0800][2.555s] GC(3) Concurrent Mark From Roots 7.238ms
[2023-03-28T17:39:27.027+0800][2.555s] GC(3) Concurrent Preclean
[2023-03-28T17:39:27.027+0800][2.555s] GC(3) Concurrent Preclean 0.041ms
[2023-03-28T17:39:27.027+0800][2.556s] GC(3) Pause Remark
[2023-03-28T17:39:27.029+0800][2.557s] GC(3) Pause Remark 26M->26M(512M) 1.914ms
[2023-03-28T17:39:27.029+0800][2.557s] GC(3) User=0.00s Sys=0.00s Real=0.00s
[2023-03-28T17:39:27.029+0800][2.558s] GC(3) Concurrent Mark 9.472ms
[2023-03-28T17:39:27.029+0800][2.558s] GC(3) Concurrent Rebuild Remembered Sets and Scrub Regions
[2023-03-28T17:39:27.032+0800][2.561s] GC(3) Concurrent Rebuild Remembered Sets and Scrub Regions 3.542ms
[2023-03-28T17:39:27.033+0800][2.561s] GC(3) Pause Cleanup
[2023-03-28T17:39:27.033+0800][2.561s] GC(3) Pause Cleanup 26M->26M(512M) 0.110ms
[2023-03-28T17:39:27.033+0800][2.561s] GC(3) User=0.00s Sys=0.00s Real=0.00s
[2023-03-28T17:39:27.033+0800][2.561s] GC(3) Concurrent Clear Claimed Marks
[2023-03-28T17:39:27.033+0800][2.562s] GC(3) Concurrent Clear Claimed Marks 0.030ms
[2023-03-28T17:39:27.033+0800][2.562s] GC(3) Concurrent Cleanup for Next Mark
[2023-03-28T17:39:27.034+0800][2.563s] GC(3) Concurrent Cleanup for Next Mark 1.112ms
[2023-03-28T17:39:27.034+0800][2.563s] GC(3) Concurrent Mark Cycle 17.394ms
[2023-03-28T17:39:28.216+0800][3.744s] GC(4) Pause Young (Prepare Mixed) (Metadata GC Threshold)
[2023-03-28T17:39:28.216+0800][3.744s] GC(4) Using 8 workers of 8 for evacuation
[2023-03-28T17:39:28.224+0800][3.752s] GC(4)   Pre Evacuate Collection Set: 0.1ms
[2023-03-28T17:39:28.224+0800][3.752s] GC(4)   Merge Heap Roots: 0.1ms
[2023-03-28T17:39:28.224+0800][3.752s] GC(4)   Evacuate Collection Set: 6.9ms
[2023-03-28T17:39:28.224+0800][3.752s] GC(4)   Post Evacuate Collection Set: 0.7ms
[2023-03-28T17:39:28.224+0800][3.752s] GC(4)   Other: 0.1ms
[2023-03-28T17:39:28.224+0800][3.752s] GC(4) Eden regions: 142->0(288)
[2023-03-28T17:39:28.224+0800][3.752s] GC(4) Survivor regions: 13->19(39)
[2023-03-28T17:39:28.224+0800][3.752s] GC(4) Old regions: 9->9
[2023-03-28T17:39:28.224+0800][3.752s] GC(4) Archive regions: 0->0
[2023-03-28T17:39:28.224+0800][3.752s] GC(4) Humongous regions: 5->4
[2023-03-28T17:39:28.224+0800][3.752s] GC(4) Metaspace: 35618K(36096K)->35618K(36096K) NonClass: 31499K(31744K)->31499K(31744K) Class: 4119K(4352K)->4119K(4352K)
[2023-03-28T17:39:28.224+0800][3.752s] GC(4) Pause Young (Prepare Mixed) (Metadata GC Threshold) 167M->30M(512M) 7.977ms
[2023-03-28T17:39:28.224+0800][3.752s] GC(4) User=0.02s Sys=0.00s Real=0.01s
[2023-03-28T17:39:28.258+0800][3.787s] GC(5) Pause Young (Mixed) (Metadata GC Threshold)
[2023-03-28T17:39:28.259+0800][3.787s] GC(5) Using 8 workers of 8 for evacuation
[2023-03-28T17:39:28.266+0800][3.794s] GC(5)   Pre Evacuate Collection Set: 0.1ms
[2023-03-28T17:39:28.266+0800][3.794s] GC(5)   Merge Heap Roots: 0.1ms
[2023-03-28T17:39:28.266+0800][3.795s] GC(5)   Evacuate Collection Set: 6.5ms
[2023-03-28T17:39:28.266+0800][3.795s] GC(5)   Post Evacuate Collection Set: 0.5ms
[2023-03-28T17:39:28.266+0800][3.795s] GC(5)   Other: 0.1ms
[2023-03-28T17:39:28.266+0800][3.795s] GC(5) Eden regions: 4->0(289)
[2023-03-28T17:39:28.266+0800][3.795s] GC(5) Survivor regions: 19->18(39)
[2023-03-28T17:39:28.266+0800][3.795s] GC(5) Old regions: 9->9
[2023-03-28T17:39:28.266+0800][3.795s] GC(5) Archive regions: 0->0
[2023-03-28T17:39:28.266+0800][3.795s] GC(5) Humongous regions: 4->4
[2023-03-28T17:39:28.266+0800][3.795s] GC(5) Metaspace: 35934K(36416K)->35934K(36416K) NonClass: 31764K(32000K)->31764K(32000K) Class: 4169K(4416K)->4169K(4416K)
[2023-03-28T17:39:28.266+0800][3.795s] GC(5) Pause Young (Mixed) (Metadata GC Threshold) 34M->29M(512M) 7.380ms
[2023-03-28T17:39:28.266+0800][3.795s] GC(5) User=0.00s Sys=0.00s Real=0.01s
[2023-03-28T17:39:28.338+0800][3.866s] GC(6) Pause Young (Concurrent Start) (Metadata GC Threshold)
[2023-03-28T17:39:28.338+0800][3.866s] GC(6) Using 8 workers of 8 for evacuation
[2023-03-28T17:39:28.345+0800][3.874s] GC(6)   Pre Evacuate Collection Set: 0.1ms
[2023-03-28T17:39:28.345+0800][3.874s] GC(6)   Merge Heap Roots: 0.0ms
[2023-03-28T17:39:28.345+0800][3.874s] GC(6)   Evacuate Collection Set: 6.9ms
[2023-03-28T17:39:28.345+0800][3.874s] GC(6)   Post Evacuate Collection Set: 0.6ms
[2023-03-28T17:39:28.345+0800][3.874s] GC(6)   Other: 0.1ms
[2023-03-28T17:39:28.345+0800][3.874s] GC(6) Eden regions: 7->0(288)
[2023-03-28T17:39:28.345+0800][3.874s] GC(6) Survivor regions: 18->19(39)
[2023-03-28T17:39:28.345+0800][3.874s] GC(6) Old regions: 9->9
[2023-03-28T17:39:28.346+0800][3.874s] GC(6) Archive regions: 0->0
[2023-03-28T17:39:28.346+0800][3.874s] GC(6) Humongous regions: 4->4
[2023-03-28T17:39:28.346+0800][3.874s] GC(6) Metaspace: 36276K(36736K)->36276K(36736K) NonClass: 32067K(32320K)->32067K(32320K) Class: 4209K(4416K)->4209K(4416K)
[2023-03-28T17:39:28.346+0800][3.874s] GC(6) Pause Young (Concurrent Start) (Metadata GC Threshold) 36M->31M(512M) 7.910ms
[2023-03-28T17:39:28.346+0800][3.874s] GC(7) Concurrent Mark Cycle
[2023-03-28T17:39:28.346+0800][3.874s] GC(6) User=0.02s Sys=0.00s Real=0.01s
[2023-03-28T17:39:28.346+0800][3.874s] GC(7) Concurrent Scan Root Regions
[2023-03-28T17:39:28.351+0800][3.879s] GC(7) Concurrent Scan Root Regions 4.864ms
[2023-03-28T17:39:28.351+0800][3.879s] GC(7) Concurrent Mark
[2023-03-28T17:39:28.351+0800][3.879s] GC(7) Concurrent Mark From Roots
[2023-03-28T17:39:28.351+0800][3.879s] GC(7) Using 2 workers of 2 for marking
[2023-03-28T17:39:28.359+0800][3.888s] GC(7) Concurrent Mark From Roots 8.867ms
[2023-03-28T17:39:28.360+0800][3.888s] GC(7) Concurrent Preclean
[2023-03-28T17:39:28.360+0800][3.888s] GC(7) Concurrent Preclean 0.072ms
[2023-03-28T17:39:28.360+0800][3.888s] GC(7) Pause Remark
[2023-03-28T17:39:28.363+0800][3.891s] GC(7) Pause Remark 32M->32M(512M) 2.986ms
[2023-03-28T17:39:28.363+0800][3.892s] GC(7) User=0.02s Sys=0.00s Real=0.00s
[2023-03-28T17:39:28.363+0800][3.892s] GC(7) Concurrent Mark 12.228ms
[2023-03-28T17:39:28.363+0800][3.892s] GC(7) Concurrent Rebuild Remembered Sets and Scrub Regions
[2023-03-28T17:39:28.367+0800][3.895s] GC(7) Concurrent Rebuild Remembered Sets and Scrub Regions 3.807ms
[2023-03-28T17:39:28.367+0800][3.896s] GC(7) Pause Cleanup
[2023-03-28T17:39:28.367+0800][3.896s] GC(7) Pause Cleanup 32M->32M(512M) 0.092ms
[2023-03-28T17:39:28.367+0800][3.896s] GC(7) User=0.00s Sys=0.00s Real=0.00s
[2023-03-28T17:39:28.367+0800][3.896s] GC(7) Concurrent Clear Claimed Marks
[2023-03-28T17:39:28.367+0800][3.896s] GC(7) Concurrent Clear Claimed Marks 0.042ms
[2023-03-28T17:39:28.367+0800][3.896s] GC(7) Concurrent Cleanup for Next Mark
[2023-03-28T17:39:28.368+0800][3.897s] GC(7) Concurrent Cleanup for Next Mark 1.238ms
[2023-03-28T17:39:28.368+0800][3.897s] GC(7) Concurrent Mark Cycle 22.580ms
[2023-03-28T17:40:03.946+0800][39.475s] GC(8) Pause Young (Prepare Mixed) (G1 Evacuation Pause)
[2023-03-28T17:40:03.946+0800][39.475s] GC(8) Using 8 workers of 8 for evacuation
[2023-03-28T17:40:03.958+0800][39.487s] GC(8)   Pre Evacuate Collection Set: 0.1ms
[2023-03-28T17:40:03.958+0800][39.487s] GC(8)   Merge Heap Roots: 0.1ms
[2023-03-28T17:40:03.958+0800][39.487s] GC(8)   Evacuate Collection Set: 10.3ms
[2023-03-28T17:40:03.958+0800][39.487s] GC(8)   Post Evacuate Collection Set: 1.4ms
[2023-03-28T17:40:03.958+0800][39.487s] GC(8)   Other: 0.1ms
[2023-03-28T17:40:03.958+0800][39.487s] GC(8) Eden regions: 288->0(282)
[2023-03-28T17:40:03.958+0800][39.487s] GC(8) Survivor regions: 19->25(39)
[2023-03-28T17:40:03.958+0800][39.487s] GC(8) Old regions: 9->9
[2023-03-28T17:40:03.958+0800][39.487s] GC(8) Archive regions: 0->0
[2023-03-28T17:40:03.958+0800][39.487s] GC(8) Humongous regions: 4->4
[2023-03-28T17:40:03.958+0800][39.487s] GC(8) Metaspace: 44032K(44544K)->44032K(44544K) NonClass: 38753K(39040K)->38753K(39040K) Class: 5279K(5504K)->5279K(5504K)
[2023-03-28T17:40:03.958+0800][39.487s] GC(8) Pause Young (Prepare Mixed) (G1 Evacuation Pause) 319M->36M(512M) 12.392ms
[2023-03-28T17:40:03.958+0800][39.487s] GC(8) User=0.02s Sys=0.00s Real=0.01s
[2023-03-28T17:43:04.917+0800][220.445s] GC(9) Pause Young (Mixed) (G1 Evacuation Pause)
[2023-03-28T17:43:04.917+0800][220.445s] GC(9) Using 8 workers of 8 for evacuation
[2023-03-28T17:43:04.933+0800][220.461s] GC(9)   Pre Evacuate Collection Set: 0.1ms
[2023-03-28T17:43:04.933+0800][220.461s] GC(9)   Merge Heap Roots: 0.1ms
[2023-03-28T17:43:04.933+0800][220.461s] GC(9)   Evacuate Collection Set: 14.2ms
[2023-03-28T17:43:04.933+0800][220.461s] GC(9)   Post Evacuate Collection Set: 1.5ms
[2023-03-28T17:43:04.933+0800][220.461s] GC(9)   Other: 0.1ms
[2023-03-28T17:43:04.933+0800][220.461s] GC(9) Eden regions: 282->0(277)
[2023-03-28T17:43:04.933+0800][220.461s] GC(9) Survivor regions: 25->30(39)
[2023-03-28T17:43:04.933+0800][220.461s] GC(9) Old regions: 9->15
[2023-03-28T17:43:04.933+0800][220.461s] GC(9) Archive regions: 0->0
[2023-03-28T17:43:04.933+0800][220.461s] GC(9) Humongous regions: 4->4
[2023-03-28T17:43:04.933+0800][220.462s] GC(9) Metaspace: 54958K(55616K)->54958K(55616K) NonClass: 48346K(48704K)->48346K(48704K) Class: 6611K(6912K)->6611K(6912K)
[2023-03-28T17:43:04.933+0800][220.462s] GC(9) Pause Young (Mixed) (G1 Evacuation Pause) 318M->48M(512M) 16.106ms
[2023-03-28T17:43:04.933+0800][220.462s] GC(9) User=0.02s Sys=0.00s Real=0.02s
[2023-03-28T17:55:57.744+0800][993.273s] Heap
[2023-03-28T17:55:57.744+0800][993.273s]  garbage-first heap   total 524288K, used 328363K [0x00000000e0000000, 0x0000000100000000)
[2023-03-28T17:55:57.744+0800][993.273s]   region size 1024K, 303 young (310272K), 30 survivors (30720K)
[2023-03-28T17:55:57.744+0800][993.273s]  Metaspace       used 60200K, committed 60864K, reserved 1114112K
[2023-03-28T17:55:57.744+0800][993.273s]   class space    used 7102K, committed 7424K, reserved 1048576K
