[2023-03-28T17:56:05.816+0800][0.015s] CardTable entry size: 512
[2023-03-28T17:56:05.817+0800][0.015s] Using G1
[2023-03-28T17:56:05.968+0800][0.166s] Version: 20+36-2344 (release)
[2023-03-28T17:56:05.968+0800][0.166s] CPUs: 8 total, 8 available
[2023-03-28T17:56:05.968+0800][0.166s] Memory: 8038M
[2023-03-28T17:56:05.968+0800][0.166s] Large Page Support: Disabled
[2023-03-28T17:56:05.968+0800][0.166s] NUMA Support: Disabled
[2023-03-28T17:56:05.968+0800][0.166s] Compressed Oops: Enabled (32-bit)
[2023-03-28T17:56:05.968+0800][0.166s] Heap Region Size: 1M
[2023-03-28T17:56:05.968+0800][0.166s] Heap Min Capacity: 512M
[2023-03-28T17:56:05.968+0800][0.166s] Heap Initial Capacity: 512M
[2023-03-28T17:56:05.968+0800][0.166s] Heap Max Capacity: 512M
[2023-03-28T17:56:05.968+0800][0.166s] Pre-touch: Enabled
[2023-03-28T17:56:05.968+0800][0.166s] Parallel Workers: 8
[2023-03-28T17:56:05.968+0800][0.166s] Concurrent Workers: 2
[2023-03-28T17:56:05.968+0800][0.166s] Concurrent Refinement Workers: 8
[2023-03-28T17:56:05.968+0800][0.166s] Periodic GC: Disabled
[2023-03-28T17:56:05.969+0800][0.167s] CDS archive(s) mapped at: [0x0000000800000000-0x0000000800c60000-0x0000000800c60000), size 12976128, SharedBaseAddress: 0x0000000800000000, ArchiveRelocationMode: 0.
[2023-03-28T17:56:05.969+0800][0.167s] Compressed class space mapped at: 0x0000000801000000-0x0000000841000000, reserved size: 1073741824
[2023-03-28T17:56:05.969+0800][0.167s] Narrow klass base: 0x0000000800000000, Narrow klass shift: 0, Narrow klass range: 0x100000000
[2023-03-28T17:56:06.660+0800][0.858s] GC(0) Pause Young (Normal) (G1 Evacuation Pause)
[2023-03-28T17:56:06.660+0800][0.859s] GC(0) Using 8 workers of 8 for evacuation
[2023-03-28T17:56:06.664+0800][0.862s] GC(0)   Pre Evacuate Collection Set: 0.1ms
[2023-03-28T17:56:06.664+0800][0.862s] GC(0)   Merge Heap Roots: 0.0ms
[2023-03-28T17:56:06.664+0800][0.862s] GC(0)   Evacuate Collection Set: 2.7ms
[2023-03-28T17:56:06.664+0800][0.862s] GC(0)   Post Evacuate Collection Set: 0.5ms
[2023-03-28T17:56:06.664+0800][0.862s] GC(0)   Other: 0.4ms
[2023-03-28T17:56:06.664+0800][0.862s] GC(0) Eden regions: 29->0(41)
[2023-03-28T17:56:06.664+0800][0.862s] GC(0) Survivor regions: 0->4(4)
[2023-03-28T17:56:06.664+0800][0.862s] GC(0) Old regions: 0->0
[2023-03-28T17:56:06.664+0800][0.862s] GC(0) Archive regions: 0->0
[2023-03-28T17:56:06.664+0800][0.862s] GC(0) Humongous regions: 0->0
[2023-03-28T17:56:06.664+0800][0.862s] GC(0) Metaspace: 5785K(6080K)->5785K(6080K) NonClass: 5163K(5312K)->5163K(5312K) Class: 622K(768K)->622K(768K)
[2023-03-28T17:56:06.664+0800][0.862s] GC(0) Pause Young (Normal) (G1 Evacuation Pause) 29M->3M(512M) 4.070ms
[2023-03-28T17:56:06.664+0800][0.862s] GC(0) User=0.02s Sys=0.00s Real=0.00s
[2023-03-28T17:56:07.417+0800][1.615s] GC(1) Pause Young (Normal) (G1 Evacuation Pause)
[2023-03-28T17:56:07.417+0800][1.615s] GC(1) Using 8 workers of 8 for evacuation
[2023-03-28T17:56:07.424+0800][1.622s] GC(1)   Pre Evacuate Collection Set: 0.1ms
[2023-03-28T17:56:07.424+0800][1.622s] GC(1)   Merge Heap Roots: 0.1ms
[2023-03-28T17:56:07.424+0800][1.622s] GC(1)   Evacuate Collection Set: 6.4ms
[2023-03-28T17:56:07.424+0800][1.622s] GC(1)   Post Evacuate Collection Set: 0.8ms
[2023-03-28T17:56:07.424+0800][1.622s] GC(1)   Other: 0.1ms
[2023-03-28T17:56:07.424+0800][1.622s] GC(1) Eden regions: 41->0(301)
[2023-03-28T17:56:07.424+0800][1.622s] GC(1) Survivor regions: 4->6(6)
[2023-03-28T17:56:07.424+0800][1.622s] GC(1) Old regions: 0->9
[2023-03-28T17:56:07.424+0800][1.622s] GC(1) Archive regions: 0->0
[2023-03-28T17:56:07.424+0800][1.622s] GC(1) Humongous regions: 4->4
[2023-03-28T17:56:07.424+0800][1.622s] GC(1) Metaspace: 16745K(17088K)->16745K(17088K) NonClass: 14834K(14976K)->14834K(14976K) Class: 1911K(2112K)->1911K(2112K)
[2023-03-28T17:56:07.424+0800][1.622s] GC(1) Pause Young (Normal) (G1 Evacuation Pause) 48M->18M(512M) 7.653ms
[2023-03-28T17:56:07.424+0800][1.622s] GC(1) User=0.00s Sys=0.00s Real=0.01s
[2023-03-28T17:56:08.220+0800][2.419s] GC(2) Pause Young (Concurrent Start) (Metadata GC Threshold)
[2023-03-28T17:56:08.220+0800][2.419s] GC(2) Using 8 workers of 8 for evacuation
[2023-03-28T17:56:08.226+0800][2.424s] GC(2)   Pre Evacuate Collection Set: 0.1ms
[2023-03-28T17:56:08.226+0800][2.424s] GC(2)   Merge Heap Roots: 0.1ms
[2023-03-28T17:56:08.226+0800][2.424s] GC(2)   Evacuate Collection Set: 4.1ms
[2023-03-28T17:56:08.226+0800][2.424s] GC(2)   Post Evacuate Collection Set: 0.7ms
[2023-03-28T17:56:08.226+0800][2.424s] GC(2)   Other: 0.1ms
[2023-03-28T17:56:08.226+0800][2.424s] GC(2) Eden regions: 274->0(294)
[2023-03-28T17:56:08.226+0800][2.424s] GC(2) Survivor regions: 6->13(39)
[2023-03-28T17:56:08.226+0800][2.424s] GC(2) Old regions: 9->9
[2023-03-28T17:56:08.226+0800][2.424s] GC(2) Archive regions: 0->0
[2023-03-28T17:56:08.226+0800][2.424s] GC(2) Humongous regions: 4->4
[2023-03-28T17:56:08.226+0800][2.424s] GC(2) Metaspace: 21116K(21504K)->21116K(21504K) NonClass: 18731K(18944K)->18731K(18944K) Class: 2384K(2560K)->2384K(2560K)
[2023-03-28T17:56:08.226+0800][2.424s] GC(2) Pause Young (Concurrent Start) (Metadata GC Threshold) 291M->24M(512M) 5.365ms
[2023-03-28T17:56:08.226+0800][2.424s] GC(2) User=0.02s Sys=0.00s Real=0.01s
[2023-03-28T17:56:08.226+0800][2.424s] GC(3) Concurrent Mark Cycle
[2023-03-28T17:56:08.226+0800][2.424s] GC(3) Concurrent Scan Root Regions
[2023-03-28T17:56:08.228+0800][2.426s] GC(3) Concurrent Scan Root Regions 2.392ms
[2023-03-28T17:56:08.228+0800][2.426s] GC(3) Concurrent Mark
[2023-03-28T17:56:08.228+0800][2.426s] GC(3) Concurrent Mark From Roots
[2023-03-28T17:56:08.228+0800][2.426s] GC(3) Using 2 workers of 2 for marking
[2023-03-28T17:56:08.234+0800][2.432s] GC(3) Concurrent Mark From Roots 5.402ms
[2023-03-28T17:56:08.234+0800][2.432s] GC(3) Concurrent Preclean
[2023-03-28T17:56:08.234+0800][2.432s] GC(3) Concurrent Preclean 0.033ms
[2023-03-28T17:56:08.234+0800][2.432s] GC(3) Pause Remark
[2023-03-28T17:56:08.235+0800][2.433s] GC(3) Pause Remark 25M->25M(512M) 1.439ms
[2023-03-28T17:56:08.235+0800][2.433s] GC(3) User=0.00s Sys=0.00s Real=0.00s
[2023-03-28T17:56:08.235+0800][2.434s] GC(3) Concurrent Mark 7.148ms
[2023-03-28T17:56:08.235+0800][2.434s] GC(3) Concurrent Rebuild Remembered Sets and Scrub Regions
[2023-03-28T17:56:08.237+0800][2.436s] GC(3) Concurrent Rebuild Remembered Sets and Scrub Regions 2.614ms
[2023-03-28T17:56:08.238+0800][2.436s] GC(3) Pause Cleanup
[2023-03-28T17:56:08.238+0800][2.436s] GC(3) Pause Cleanup 25M->25M(512M) 0.098ms
[2023-03-28T17:56:08.238+0800][2.436s] GC(3) User=0.00s Sys=0.00s Real=0.00s
[2023-03-28T17:56:08.238+0800][2.436s] GC(3) Concurrent Clear Claimed Marks
[2023-03-28T17:56:08.238+0800][2.437s] GC(3) Concurrent Clear Claimed Marks 0.032ms
[2023-03-28T17:56:08.238+0800][2.437s] GC(3) Concurrent Cleanup for Next Mark
[2023-03-28T17:56:08.240+0800][2.438s] GC(3) Concurrent Cleanup for Next Mark 1.120ms
[2023-03-28T17:56:08.240+0800][2.438s] GC(3) Concurrent Mark Cycle 13.725ms
[2023-03-28T17:56:09.361+0800][3.560s] GC(4) Pause Young (Concurrent Start) (Metadata GC Threshold)
[2023-03-28T17:56:09.362+0800][3.560s] GC(4) Using 8 workers of 8 for evacuation
[2023-03-28T17:56:09.369+0800][3.568s] GC(4)   Pre Evacuate Collection Set: 0.1ms
[2023-03-28T17:56:09.369+0800][3.568s] GC(4)   Merge Heap Roots: 0.1ms
[2023-03-28T17:56:09.369+0800][3.568s] GC(4)   Evacuate Collection Set: 6.7ms
[2023-03-28T17:56:09.369+0800][3.568s] GC(4)   Post Evacuate Collection Set: 0.9ms
[2023-03-28T17:56:09.369+0800][3.568s] GC(4)   Other: 0.1ms
[2023-03-28T17:56:09.369+0800][3.568s] GC(4) Eden regions: 133->0(289)
[2023-03-28T17:56:09.369+0800][3.568s] GC(4) Survivor regions: 13->18(39)
[2023-03-28T17:56:09.369+0800][3.568s] GC(4) Old regions: 9->9
[2023-03-28T17:56:09.369+0800][3.568s] GC(4) Archive regions: 0->0
[2023-03-28T17:56:09.369+0800][3.568s] GC(4) Humongous regions: 5->4
[2023-03-28T17:56:09.369+0800][3.568s] GC(4) Metaspace: 35525K(35968K)->35525K(35968K) NonClass: 31419K(31616K)->31419K(31616K) Class: 4106K(4352K)->4106K(4352K)
[2023-03-28T17:56:09.370+0800][3.568s] GC(4) Pause Young (Concurrent Start) (Metadata GC Threshold) 158M->30M(512M) 8.049ms
[2023-03-28T17:56:09.370+0800][3.568s] GC(4) User=0.02s Sys=0.00s Real=0.01s
[2023-03-28T17:56:09.370+0800][3.568s] GC(5) Concurrent Mark Cycle
[2023-03-28T17:56:09.370+0800][3.568s] GC(5) Concurrent Scan Root Regions
[2023-03-28T17:56:09.375+0800][3.573s] GC(5) Concurrent Scan Root Regions 4.993ms
[2023-03-28T17:56:09.375+0800][3.573s] GC(5) Concurrent Mark
[2023-03-28T17:56:09.375+0800][3.573s] GC(5) Concurrent Mark From Roots
[2023-03-28T17:56:09.375+0800][3.573s] GC(5) Using 2 workers of 2 for marking
[2023-03-28T17:56:09.382+0800][3.580s] GC(5) Concurrent Mark From Roots 7.090ms
[2023-03-28T17:56:09.382+0800][3.580s] GC(5) Concurrent Preclean
[2023-03-28T17:56:09.382+0800][3.580s] GC(5) Concurrent Preclean 0.035ms
[2023-03-28T17:56:09.382+0800][3.580s] GC(5) Pause Remark
[2023-03-28T17:56:09.384+0800][3.582s] GC(5) Pause Remark 31M->31M(512M) 2.240ms
[2023-03-28T17:56:09.384+0800][3.583s] GC(5) User=0.00s Sys=0.00s Real=0.00s
[2023-03-28T17:56:09.384+0800][3.583s] GC(5) Concurrent Mark 9.670ms
[2023-03-28T17:56:09.384+0800][3.583s] GC(5) Concurrent Rebuild Remembered Sets and Scrub Regions
[2023-03-28T17:56:09.387+0800][3.585s] GC(5) Concurrent Rebuild Remembered Sets and Scrub Regions 2.715ms
[2023-03-28T17:56:09.387+0800][3.585s] GC(5) Pause Cleanup
[2023-03-28T17:56:09.387+0800][3.586s] GC(5) Pause Cleanup 31M->31M(512M) 0.089ms
[2023-03-28T17:56:09.387+0800][3.586s] GC(5) User=0.00s Sys=0.00s Real=0.00s
[2023-03-28T17:56:09.387+0800][3.586s] GC(5) Concurrent Clear Claimed Marks
[2023-03-28T17:56:09.387+0800][3.586s] GC(5) Concurrent Clear Claimed Marks 0.042ms
[2023-03-28T17:56:09.387+0800][3.586s] GC(5) Concurrent Cleanup for Next Mark
[2023-03-28T17:56:09.389+0800][3.587s] GC(5) Concurrent Cleanup for Next Mark 1.278ms
[2023-03-28T17:56:09.389+0800][3.587s] GC(5) Concurrent Mark Cycle 19.145ms
[2023-03-28T17:58:34.128+0800][148.326s] Heap
[2023-03-28T17:58:34.128+0800][148.326s]  garbage-first heap   total 524288K, used 296000K [0x00000000e0000000, 0x0000000100000000)
[2023-03-28T17:58:34.128+0800][148.326s]   region size 1024K, 277 young (283648K), 18 survivors (18432K)
[2023-03-28T17:58:34.128+0800][148.326s]  Metaspace       used 56164K, committed 56768K, reserved 1114112K
[2023-03-28T17:58:34.128+0800][148.326s]   class space    used 6829K, committed 7104K, reserved 1048576K
