[2023-03-28T18:03:05.993+0800][0.015s] CardTable entry size: 512
[2023-03-28T18:03:05.993+0800][0.015s] Using G1
[2023-03-28T18:03:06.117+0800][0.139s] Version: 20+36-2344 (release)
[2023-03-28T18:03:06.117+0800][0.139s] CPUs: 8 total, 8 available
[2023-03-28T18:03:06.117+0800][0.139s] Memory: 8038M
[2023-03-28T18:03:06.117+0800][0.139s] Large Page Support: Disabled
[2023-03-28T18:03:06.117+0800][0.139s] NUMA Support: Disabled
[2023-03-28T18:03:06.117+0800][0.139s] Compressed Oops: Enabled (32-bit)
[2023-03-28T18:03:06.117+0800][0.139s] Heap Region Size: 1M
[2023-03-28T18:03:06.117+0800][0.139s] Heap Min Capacity: 512M
[2023-03-28T18:03:06.117+0800][0.139s] Heap Initial Capacity: 512M
[2023-03-28T18:03:06.117+0800][0.139s] Heap Max Capacity: 512M
[2023-03-28T18:03:06.117+0800][0.139s] Pre-touch: Enabled
[2023-03-28T18:03:06.117+0800][0.139s] Parallel Workers: 8
[2023-03-28T18:03:06.117+0800][0.139s] Concurrent Workers: 2
[2023-03-28T18:03:06.117+0800][0.139s] Concurrent Refinement Workers: 8
[2023-03-28T18:03:06.117+0800][0.139s] Periodic GC: Disabled
[2023-03-28T18:03:06.118+0800][0.140s] CDS archive(s) mapped at: [0x0000000800000000-0x0000000800c60000-0x0000000800c60000), size 12976128, SharedBaseAddress: 0x0000000800000000, ArchiveRelocationMode: 0.
[2023-03-28T18:03:06.118+0800][0.140s] Compressed class space mapped at: 0x0000000801000000-0x0000000841000000, reserved size: 1073741824
[2023-03-28T18:03:06.118+0800][0.140s] Narrow klass base: 0x0000000800000000, Narrow klass shift: 0, Narrow klass range: 0x100000000
[2023-03-28T18:03:06.776+0800][0.798s] GC(0) Pause Young (Normal) (G1 Evacuation Pause)
[2023-03-28T18:03:06.777+0800][0.799s] GC(0) Using 8 workers of 8 for evacuation
[2023-03-28T18:03:06.780+0800][0.802s] GC(0)   Pre Evacuate Collection Set: 0.1ms
[2023-03-28T18:03:06.780+0800][0.802s] GC(0)   Merge Heap Roots: 0.0ms
[2023-03-28T18:03:06.780+0800][0.802s] GC(0)   Evacuate Collection Set: 2.9ms
[2023-03-28T18:03:06.780+0800][0.802s] GC(0)   Post Evacuate Collection Set: 0.4ms
[2023-03-28T18:03:06.780+0800][0.802s] GC(0)   Other: 0.4ms
[2023-03-28T18:03:06.780+0800][0.802s] GC(0) Eden regions: 29->0(41)
[2023-03-28T18:03:06.780+0800][0.802s] GC(0) Survivor regions: 0->4(4)
[2023-03-28T18:03:06.780+0800][0.802s] GC(0) Old regions: 0->0
[2023-03-28T18:03:06.780+0800][0.802s] GC(0) Archive regions: 0->0
[2023-03-28T18:03:06.781+0800][0.802s] GC(0) Humongous regions: 0->0
[2023-03-28T18:03:06.781+0800][0.802s] GC(0) Metaspace: 5767K(6016K)->5767K(6016K) NonClass: 5145K(5248K)->5145K(5248K) Class: 622K(768K)->622K(768K)
[2023-03-28T18:03:06.781+0800][0.802s] GC(0) Pause Young (Normal) (G1 Evacuation Pause) 29M->3M(512M) 4.211ms
[2023-03-28T18:03:06.781+0800][0.802s] GC(0) User=0.00s Sys=0.00s Real=0.00s
[2023-03-28T18:03:07.562+0800][1.584s] GC(1) Pause Young (Normal) (G1 Evacuation Pause)
[2023-03-28T18:03:07.562+0800][1.584s] GC(1) Using 8 workers of 8 for evacuation
[2023-03-28T18:03:07.570+0800][1.592s] GC(1)   Pre Evacuate Collection Set: 0.1ms
[2023-03-28T18:03:07.570+0800][1.592s] GC(1)   Merge Heap Roots: 0.1ms
[2023-03-28T18:03:07.570+0800][1.592s] GC(1)   Evacuate Collection Set: 6.9ms
[2023-03-28T18:03:07.570+0800][1.592s] GC(1)   Post Evacuate Collection Set: 0.8ms
[2023-03-28T18:03:07.570+0800][1.592s] GC(1)   Other: 0.1ms
[2023-03-28T18:03:07.570+0800][1.592s] GC(1) Eden regions: 41->0(301)
[2023-03-28T18:03:07.570+0800][1.592s] GC(1) Survivor regions: 4->6(6)
[2023-03-28T18:03:07.570+0800][1.592s] GC(1) Old regions: 0->9
[2023-03-28T18:03:07.570+0800][1.592s] GC(1) Archive regions: 0->0
[2023-03-28T18:03:07.570+0800][1.592s] GC(1) Humongous regions: 4->4
[2023-03-28T18:03:07.570+0800][1.592s] GC(1) Metaspace: 16676K(17088K)->16676K(17088K) NonClass: 14776K(14976K)->14776K(14976K) Class: 1900K(2112K)->1900K(2112K)
[2023-03-28T18:03:07.570+0800][1.592s] GC(1) Pause Young (Normal) (G1 Evacuation Pause) 48M->18M(512M) 8.276ms
[2023-03-28T18:03:07.570+0800][1.592s] GC(1) User=0.02s Sys=0.00s Real=0.01s
[2023-03-28T18:03:08.363+0800][2.385s] GC(2) Pause Young (Concurrent Start) (Metadata GC Threshold)
[2023-03-28T18:03:08.363+0800][2.385s] GC(2) Using 8 workers of 8 for evacuation
[2023-03-28T18:03:08.369+0800][2.391s] GC(2)   Pre Evacuate Collection Set: 0.1ms
[2023-03-28T18:03:08.369+0800][2.391s] GC(2)   Merge Heap Roots: 0.1ms
[2023-03-28T18:03:08.369+0800][2.391s] GC(2)   Evacuate Collection Set: 4.6ms
[2023-03-28T18:03:08.369+0800][2.391s] GC(2)   Post Evacuate Collection Set: 0.6ms
[2023-03-28T18:03:08.369+0800][2.391s] GC(2)   Other: 0.2ms
[2023-03-28T18:03:08.369+0800][2.391s] GC(2) Eden regions: 274->0(294)
[2023-03-28T18:03:08.369+0800][2.391s] GC(2) Survivor regions: 6->13(39)
[2023-03-28T18:03:08.369+0800][2.391s] GC(2) Old regions: 9->9
[2023-03-28T18:03:08.369+0800][2.391s] GC(2) Archive regions: 0->0
[2023-03-28T18:03:08.369+0800][2.391s] GC(2) Humongous regions: 4->4
[2023-03-28T18:03:08.369+0800][2.391s] GC(2) Metaspace: 21104K(21504K)->21104K(21504K) NonClass: 18720K(18944K)->18720K(18944K) Class: 2384K(2560K)->2384K(2560K)
[2023-03-28T18:03:08.369+0800][2.391s] GC(2) Pause Young (Concurrent Start) (Metadata GC Threshold) 291M->24M(512M) 5.762ms
[2023-03-28T18:03:08.369+0800][2.391s] GC(3) Concurrent Mark Cycle
[2023-03-28T18:03:08.369+0800][2.391s] GC(2) User=0.00s Sys=0.00s Real=0.01s
[2023-03-28T18:03:08.369+0800][2.391s] GC(3) Concurrent Scan Root Regions
[2023-03-28T18:03:08.373+0800][2.395s] GC(3) Concurrent Scan Root Regions 3.837ms
[2023-03-28T18:03:08.373+0800][2.395s] GC(3) Concurrent Mark
[2023-03-28T18:03:08.373+0800][2.395s] GC(3) Concurrent Mark From Roots
[2023-03-28T18:03:08.373+0800][2.395s] GC(3) Using 2 workers of 2 for marking
[2023-03-28T18:03:08.381+0800][2.402s] GC(3) Concurrent Mark From Roots 7.499ms
[2023-03-28T18:03:08.381+0800][2.402s] GC(3) Concurrent Preclean
[2023-03-28T18:03:08.381+0800][2.402s] GC(3) Concurrent Preclean 0.054ms
[2023-03-28T18:03:08.381+0800][2.403s] GC(3) Pause Remark
[2023-03-28T18:03:08.382+0800][2.404s] GC(3) Pause Remark 25M->25M(512M) 1.396ms
[2023-03-28T18:03:08.382+0800][2.404s] GC(3) User=0.00s Sys=0.00s Real=0.00s
[2023-03-28T18:03:08.382+0800][2.404s] GC(3) Concurrent Mark 9.207ms
[2023-03-28T18:03:08.382+0800][2.404s] GC(3) Concurrent Rebuild Remembered Sets and Scrub Regions
[2023-03-28T18:03:08.386+0800][2.408s] GC(3) Concurrent Rebuild Remembered Sets and Scrub Regions 4.164ms
[2023-03-28T18:03:08.387+0800][2.408s] GC(3) Pause Cleanup
[2023-03-28T18:03:08.387+0800][2.409s] GC(3) Pause Cleanup 26M->26M(512M) 0.139ms
[2023-03-28T18:03:08.387+0800][2.409s] GC(3) User=0.00s Sys=0.00s Real=0.00s
[2023-03-28T18:03:08.387+0800][2.409s] GC(3) Concurrent Clear Claimed Marks
[2023-03-28T18:03:08.387+0800][2.409s] GC(3) Concurrent Clear Claimed Marks 0.036ms
[2023-03-28T18:03:08.387+0800][2.409s] GC(3) Concurrent Cleanup for Next Mark
[2023-03-28T18:03:08.388+0800][2.410s] GC(3) Concurrent Cleanup for Next Mark 1.290ms
[2023-03-28T18:03:08.388+0800][2.410s] GC(3) Concurrent Mark Cycle 19.105ms
[2023-03-28T18:03:09.597+0800][3.619s] GC(4) Pause Young (Prepare Mixed) (Metadata GC Threshold)
[2023-03-28T18:03:09.597+0800][3.619s] GC(4) Using 8 workers of 8 for evacuation
[2023-03-28T18:03:09.604+0800][3.626s] GC(4)   Pre Evacuate Collection Set: 0.1ms
[2023-03-28T18:03:09.604+0800][3.626s] GC(4)   Merge Heap Roots: 0.1ms
[2023-03-28T18:03:09.604+0800][3.626s] GC(4)   Evacuate Collection Set: 6.2ms
[2023-03-28T18:03:09.604+0800][3.626s] GC(4)   Post Evacuate Collection Set: 0.8ms
[2023-03-28T18:03:09.604+0800][3.626s] GC(4)   Other: 0.1ms
[2023-03-28T18:03:09.604+0800][3.626s] GC(4) Eden regions: 151->0(288)
[2023-03-28T18:03:09.604+0800][3.626s] GC(4) Survivor regions: 13->19(39)
[2023-03-28T18:03:09.604+0800][3.626s] GC(4) Old regions: 9->9
[2023-03-28T18:03:09.604+0800][3.626s] GC(4) Archive regions: 0->0
[2023-03-28T18:03:09.604+0800][3.626s] GC(4) Humongous regions: 5->4
[2023-03-28T18:03:09.604+0800][3.626s] GC(4) Metaspace: 35519K(35968K)->35519K(35968K) NonClass: 31412K(31616K)->31412K(31616K) Class: 4106K(4352K)->4106K(4352K)
[2023-03-28T18:03:09.604+0800][3.626s] GC(4) Pause Young (Prepare Mixed) (Metadata GC Threshold) 175M->30M(512M) 7.482ms
[2023-03-28T18:03:09.604+0800][3.626s] GC(4) User=0.00s Sys=0.00s Real=0.01s
[2023-03-28T18:03:09.642+0800][3.664s] GC(5) Pause Young (Mixed) (Metadata GC Threshold)
[2023-03-28T18:03:09.642+0800][3.664s] GC(5) Using 8 workers of 8 for evacuation
[2023-03-28T18:03:09.649+0800][3.671s] GC(5)   Pre Evacuate Collection Set: 0.1ms
[2023-03-28T18:03:09.649+0800][3.671s] GC(5)   Merge Heap Roots: 0.1ms
[2023-03-28T18:03:09.649+0800][3.671s] GC(5)   Evacuate Collection Set: 6.4ms
[2023-03-28T18:03:09.649+0800][3.671s] GC(5)   Post Evacuate Collection Set: 0.6ms
[2023-03-28T18:03:09.649+0800][3.671s] GC(5)   Other: 0.1ms
[2023-03-28T18:03:09.649+0800][3.671s] GC(5) Eden regions: 3->0(288)
[2023-03-28T18:03:09.649+0800][3.671s] GC(5) Survivor regions: 19->19(39)
[2023-03-28T18:03:09.649+0800][3.671s] GC(5) Old regions: 9->8
[2023-03-28T18:03:09.649+0800][3.671s] GC(5) Archive regions: 0->0
[2023-03-28T18:03:09.649+0800][3.671s] GC(5) Humongous regions: 4->4
[2023-03-28T18:03:09.649+0800][3.671s] GC(5) Metaspace: 35829K(36288K)->35829K(36288K) NonClass: 31683K(31936K)->31683K(31936K) Class: 4146K(4352K)->4146K(4352K)
[2023-03-28T18:03:09.649+0800][3.671s] GC(5) Pause Young (Mixed) (Metadata GC Threshold) 33M->30M(512M) 7.426ms
[2023-03-28T18:03:09.649+0800][3.671s] GC(5) User=0.02s Sys=0.00s Real=0.01s
[2023-03-28T18:03:09.691+0800][3.713s] GC(6) Pause Young (Concurrent Start) (Metadata GC Threshold)
[2023-03-28T18:03:09.691+0800][3.713s] GC(6) Using 8 workers of 8 for evacuation
[2023-03-28T18:03:09.698+0800][3.720s] GC(6)   Pre Evacuate Collection Set: 0.1ms
[2023-03-28T18:03:09.698+0800][3.720s] GC(6)   Merge Heap Roots: 0.0ms
[2023-03-28T18:03:09.698+0800][3.720s] GC(6)   Evacuate Collection Set: 6.6ms
[2023-03-28T18:03:09.698+0800][3.720s] GC(6)   Post Evacuate Collection Set: 0.5ms
[2023-03-28T18:03:09.698+0800][3.720s] GC(6)   Other: 0.1ms
[2023-03-28T18:03:09.698+0800][3.720s] GC(6) Eden regions: 4->0(289)
[2023-03-28T18:03:09.698+0800][3.720s] GC(6) Survivor regions: 19->18(39)
[2023-03-28T18:03:09.698+0800][3.720s] GC(6) Old regions: 8->8
[2023-03-28T18:03:09.698+0800][3.720s] GC(6) Archive regions: 0->0
[2023-03-28T18:03:09.698+0800][3.720s] GC(6) Humongous regions: 4->4
[2023-03-28T18:03:09.698+0800][3.720s] GC(6) Metaspace: 36152K(36608K)->36152K(36608K) NonClass: 31957K(32192K)->31957K(32192K) Class: 4195K(4416K)->4195K(4416K)
[2023-03-28T18:03:09.698+0800][3.720s] GC(6) Pause Young (Concurrent Start) (Metadata GC Threshold) 34M->29M(512M) 7.507ms
[2023-03-28T18:03:09.698+0800][3.720s] GC(7) Concurrent Mark Cycle
[2023-03-28T18:03:09.698+0800][3.720s] GC(6) User=0.00s Sys=0.00s Real=0.01s
[2023-03-28T18:03:09.698+0800][3.720s] GC(7) Concurrent Scan Root Regions
[2023-03-28T18:03:09.703+0800][3.725s] GC(7) Concurrent Scan Root Regions 4.862ms
[2023-03-28T18:03:09.703+0800][3.725s] GC(7) Concurrent Mark
[2023-03-28T18:03:09.703+0800][3.725s] GC(7) Concurrent Mark From Roots
[2023-03-28T18:03:09.703+0800][3.725s] GC(7) Using 2 workers of 2 for marking
[2023-03-28T18:03:09.711+0800][3.733s] GC(7) Concurrent Mark From Roots 7.510ms
[2023-03-28T18:03:09.711+0800][3.733s] GC(7) Concurrent Preclean
[2023-03-28T18:03:09.711+0800][3.733s] GC(7) Concurrent Preclean 0.040ms
[2023-03-28T18:03:09.711+0800][3.733s] GC(7) Pause Remark
[2023-03-28T18:03:09.713+0800][3.735s] GC(7) Pause Remark 31M->31M(512M) 2.549ms
[2023-03-28T18:03:09.713+0800][3.735s] GC(7) User=0.00s Sys=0.00s Real=0.00s
[2023-03-28T18:03:09.713+0800][3.735s] GC(7) Concurrent Mark 10.286ms
[2023-03-28T18:03:09.713+0800][3.735s] GC(7) Concurrent Rebuild Remembered Sets and Scrub Regions
[2023-03-28T18:03:09.717+0800][3.739s] GC(7) Concurrent Rebuild Remembered Sets and Scrub Regions 3.348ms
[2023-03-28T18:03:09.717+0800][3.739s] GC(7) Pause Cleanup
[2023-03-28T18:03:09.717+0800][3.739s] GC(7) Pause Cleanup 31M->31M(512M) 0.088ms
[2023-03-28T18:03:09.717+0800][3.739s] GC(7) User=0.00s Sys=0.00s Real=0.00s
[2023-03-28T18:03:09.717+0800][3.739s] GC(7) Concurrent Clear Claimed Marks
[2023-03-28T18:03:09.717+0800][3.739s] GC(7) Concurrent Clear Claimed Marks 0.043ms
[2023-03-28T18:03:09.717+0800][3.739s] GC(7) Concurrent Cleanup for Next Mark
[2023-03-28T18:03:09.718+0800][3.740s] GC(7) Concurrent Cleanup for Next Mark 1.328ms
[2023-03-28T18:03:09.719+0800][3.740s] GC(7) Concurrent Mark Cycle 20.259ms
[2023-03-28T18:03:19.033+0800][13.055s] GC(8) Pause Young (Normal) (G1 Evacuation Pause)
[2023-03-28T18:03:19.033+0800][13.055s] GC(8) Using 8 workers of 8 for evacuation
[2023-03-28T18:03:19.050+0800][13.071s] GC(8)   Pre Evacuate Collection Set: 0.1ms
[2023-03-28T18:03:19.050+0800][13.071s] GC(8)   Merge Heap Roots: 0.1ms
[2023-03-28T18:03:19.050+0800][13.071s] GC(8)   Evacuate Collection Set: 14.8ms
[2023-03-28T18:03:19.050+0800][13.071s] GC(8)   Post Evacuate Collection Set: 1.6ms
[2023-03-28T18:03:19.050+0800][13.071s] GC(8)   Other: 0.1ms
[2023-03-28T18:03:19.050+0800][13.071s] GC(8) Eden regions: 289->0(270)
[2023-03-28T18:03:19.050+0800][13.071s] GC(8) Survivor regions: 18->37(39)
[2023-03-28T18:03:19.050+0800][13.071s] GC(8) Old regions: 8->8
[2023-03-28T18:03:19.050+0800][13.071s] GC(8) Archive regions: 0->0
[2023-03-28T18:03:19.050+0800][13.071s] GC(8) Humongous regions: 4->4
[2023-03-28T18:03:19.050+0800][13.071s] GC(8) Metaspace: 55641K(56256K)->55641K(56256K) NonClass: 48877K(49216K)->48877K(49216K) Class: 6763K(7040K)->6763K(7040K)
[2023-03-28T18:03:19.050+0800][13.071s] GC(8) Pause Young (Normal) (G1 Evacuation Pause) 318M->48M(512M) 16.788ms
[2023-03-28T18:03:19.050+0800][13.072s] GC(8) User=0.06s Sys=0.00s Real=0.02s
[2023-03-28T18:12:17.593+0800][551.615s] Heap
[2023-03-28T18:12:17.593+0800][551.615s]  garbage-first heap   total 524288K, used 226792K [0x00000000e0000000, 0x0000000100000000)
[2023-03-28T18:12:17.593+0800][551.615s]   region size 1024K, 211 young (216064K), 37 survivors (37888K)
[2023-03-28T18:12:17.593+0800][551.615s]  Metaspace       used 57353K, committed 57984K, reserved 1114112K
[2023-03-28T18:12:17.593+0800][551.615s]   class space    used 6883K, committed 7168K, reserved 1048576K
