[2023-03-28T20:27:13.952+0800][0.016s] CardTable entry size: 512
[2023-03-28T20:27:13.953+0800][0.017s] Using G1
[2023-03-28T20:27:14.098+0800][0.162s] Version: 20+36-2344 (release)
[2023-03-28T20:27:14.098+0800][0.162s] CPUs: 8 total, 8 available
[2023-03-28T20:27:14.098+0800][0.162s] Memory: 8038M
[2023-03-28T20:27:14.098+0800][0.162s] Large Page Support: Disabled
[2023-03-28T20:27:14.098+0800][0.162s] NUMA Support: Disabled
[2023-03-28T20:27:14.098+0800][0.162s] Compressed Oops: Enabled (32-bit)
[2023-03-28T20:27:14.098+0800][0.162s] Heap Region Size: 1M
[2023-03-28T20:27:14.098+0800][0.162s] Heap Min Capacity: 512M
[2023-03-28T20:27:14.098+0800][0.162s] Heap Initial Capacity: 512M
[2023-03-28T20:27:14.098+0800][0.162s] Heap Max Capacity: 512M
[2023-03-28T20:27:14.099+0800][0.163s] Pre-touch: Enabled
[2023-03-28T20:27:14.099+0800][0.163s] Parallel Workers: 8
[2023-03-28T20:27:14.099+0800][0.163s] Concurrent Workers: 2
[2023-03-28T20:27:14.099+0800][0.163s] Concurrent Refinement Workers: 8
[2023-03-28T20:27:14.099+0800][0.163s] Periodic GC: Disabled
[2023-03-28T20:27:14.100+0800][0.163s] CDS archive(s) mapped at: [0x0000000800000000-0x0000000800c60000-0x0000000800c60000), size 12976128, SharedBaseAddress: 0x0000000800000000, ArchiveRelocationMode: 0.
[2023-03-28T20:27:14.100+0800][0.163s] Compressed class space mapped at: 0x0000000801000000-0x0000000841000000, reserved size: 1073741824
[2023-03-28T20:27:14.100+0800][0.163s] Narrow klass base: 0x0000000800000000, Narrow klass shift: 0, Narrow klass range: 0x100000000
[2023-03-28T20:27:14.800+0800][0.863s] GC(0) Pause Young (Normal) (G1 Evacuation Pause)
[2023-03-28T20:27:14.801+0800][0.864s] GC(0) Using 8 workers of 8 for evacuation
[2023-03-28T20:27:14.803+0800][0.867s] GC(0)   Pre Evacuate Collection Set: 0.1ms
[2023-03-28T20:27:14.803+0800][0.867s] GC(0)   Merge Heap Roots: 0.0ms
[2023-03-28T20:27:14.803+0800][0.867s] GC(0)   Evacuate Collection Set: 2.2ms
[2023-03-28T20:27:14.803+0800][0.867s] GC(0)   Post Evacuate Collection Set: 0.4ms
[2023-03-28T20:27:14.803+0800][0.867s] GC(0)   Other: 0.3ms
[2023-03-28T20:27:14.803+0800][0.867s] GC(0) Eden regions: 29->0(41)
[2023-03-28T20:27:14.803+0800][0.867s] GC(0) Survivor regions: 0->4(4)
[2023-03-28T20:27:14.803+0800][0.867s] GC(0) Old regions: 0->0
[2023-03-28T20:27:14.803+0800][0.867s] GC(0) Archive regions: 0->0
[2023-03-28T20:27:14.803+0800][0.867s] GC(0) Humongous regions: 0->0
[2023-03-28T20:27:14.803+0800][0.867s] GC(0) Metaspace: 6521K(6848K)->6521K(6848K) NonClass: 5775K(5952K)->5775K(5952K) Class: 746K(896K)->746K(896K)
[2023-03-28T20:27:14.803+0800][0.867s] GC(0) Pause Young (Normal) (G1 Evacuation Pause) 29M->3M(512M) 3.438ms
[2023-03-28T20:27:14.803+0800][0.867s] GC(0) User=0.00s Sys=0.00s Real=0.00s
[2023-03-28T20:27:15.618+0800][1.682s] GC(1) Pause Young (Normal) (G1 Evacuation Pause)
[2023-03-28T20:27:15.618+0800][1.682s] GC(1) Using 8 workers of 8 for evacuation
[2023-03-28T20:27:15.630+0800][1.693s] GC(1)   Pre Evacuate Collection Set: 0.1ms
[2023-03-28T20:27:15.630+0800][1.693s] GC(1)   Merge Heap Roots: 0.0ms
[2023-03-28T20:27:15.630+0800][1.693s] GC(1)   Evacuate Collection Set: 11.0ms
[2023-03-28T20:27:15.630+0800][1.693s] GC(1)   Post Evacuate Collection Set: 0.5ms
[2023-03-28T20:27:15.630+0800][1.693s] GC(1)   Other: 0.1ms
[2023-03-28T20:27:15.630+0800][1.693s] GC(1) Eden regions: 41->0(223)
[2023-03-28T20:27:15.630+0800][1.693s] GC(1) Survivor regions: 4->6(6)
[2023-03-28T20:27:15.630+0800][1.693s] GC(1) Old regions: 0->9
[2023-03-28T20:27:15.630+0800][1.693s] GC(1) Archive regions: 0->0
[2023-03-28T20:27:15.630+0800][1.693s] GC(1) Humongous regions: 4->4
[2023-03-28T20:27:15.630+0800][1.693s] GC(1) Metaspace: 18000K(18368K)->18000K(18368K) NonClass: 15955K(16192K)->15955K(16192K) Class: 2045K(2176K)->2045K(2176K)
[2023-03-28T20:27:15.630+0800][1.694s] GC(1) Pause Young (Normal) (G1 Evacuation Pause) 48M->18M(512M) 11.933ms
[2023-03-28T20:27:15.630+0800][1.694s] GC(1) User=0.00s Sys=0.02s Real=0.01s
[2023-03-28T20:27:16.104+0800][2.167s] GC(2) Pause Young (Normal) (G1 Evacuation Pause)
[2023-03-28T20:27:16.104+0800][2.167s] GC(2) Using 8 workers of 8 for evacuation
[2023-03-28T20:27:16.110+0800][2.173s] GC(2)   Pre Evacuate Collection Set: 0.1ms
[2023-03-28T20:27:16.110+0800][2.173s] GC(2)   Merge Heap Roots: 0.1ms
[2023-03-28T20:27:16.110+0800][2.173s] GC(2)   Evacuate Collection Set: 4.8ms
[2023-03-28T20:27:16.110+0800][2.173s] GC(2)   Post Evacuate Collection Set: 0.5ms
[2023-03-28T20:27:16.110+0800][2.173s] GC(2)   Other: 0.2ms
[2023-03-28T20:27:16.110+0800][2.173s] GC(2) Eden regions: 203->0(295)
[2023-03-28T20:27:16.110+0800][2.173s] GC(2) Survivor regions: 6->12(27)
[2023-03-28T20:27:16.110+0800][2.173s] GC(2) Old regions: 9->9
[2023-03-28T20:27:16.110+0800][2.173s] GC(2) Archive regions: 0->0
[2023-03-28T20:27:16.110+0800][2.173s] GC(2) Humongous regions: 4->4
[2023-03-28T20:27:16.110+0800][2.173s] GC(2) Metaspace: 19251K(19712K)->19251K(19712K) NonClass: 17060K(17280K)->17060K(17280K) Class: 2191K(2432K)->2191K(2432K)
[2023-03-28T20:27:16.110+0800][2.173s] GC(2) Pause Young (Normal) (G1 Evacuation Pause) 221M->23M(512M) 6.025ms
[2023-03-28T20:27:16.110+0800][2.173s] GC(2) User=0.00s Sys=0.00s Real=0.01s
[2023-03-28T20:27:16.326+0800][2.389s] GC(3) Pause Young (Concurrent Start) (Metadata GC Threshold)
[2023-03-28T20:27:16.326+0800][2.389s] GC(3) Using 8 workers of 8 for evacuation
[2023-03-28T20:27:16.331+0800][2.394s] GC(3)   Pre Evacuate Collection Set: 0.4ms
[2023-03-28T20:27:16.331+0800][2.394s] GC(3)   Merge Heap Roots: 0.0ms
[2023-03-28T20:27:16.331+0800][2.394s] GC(3)   Evacuate Collection Set: 4.4ms
[2023-03-28T20:27:16.331+0800][2.394s] GC(3)   Post Evacuate Collection Set: 0.4ms
[2023-03-28T20:27:16.331+0800][2.394s] GC(3)   Other: 0.1ms
[2023-03-28T20:27:16.331+0800][2.394s] GC(3) Eden regions: 46->0(295)
[2023-03-28T20:27:16.331+0800][2.395s] GC(3) Survivor regions: 12->12(39)
[2023-03-28T20:27:16.331+0800][2.395s] GC(3) Old regions: 9->9
[2023-03-28T20:27:16.331+0800][2.395s] GC(3) Archive regions: 0->0
[2023-03-28T20:27:16.331+0800][2.395s] GC(3) Humongous regions: 4->4
[2023-03-28T20:27:16.331+0800][2.395s] GC(3) Metaspace: 21071K(21504K)->21071K(21504K) NonClass: 18692K(18944K)->18692K(18944K) Class: 2379K(2560K)->2379K(2560K)
[2023-03-28T20:27:16.332+0800][2.395s] GC(3) Pause Young (Concurrent Start) (Metadata GC Threshold) 69M->24M(512M) 5.556ms
[2023-03-28T20:27:16.332+0800][2.395s] GC(4) Concurrent Mark Cycle
[2023-03-28T20:27:16.332+0800][2.395s] GC(3) User=0.02s Sys=0.00s Real=0.01s
[2023-03-28T20:27:16.332+0800][2.395s] GC(4) Concurrent Scan Root Regions
[2023-03-28T20:27:16.334+0800][2.398s] GC(4) Concurrent Scan Root Regions 2.896ms
[2023-03-28T20:27:16.334+0800][2.398s] GC(4) Concurrent Mark
[2023-03-28T20:27:16.334+0800][2.398s] GC(4) Concurrent Mark From Roots
[2023-03-28T20:27:16.334+0800][2.398s] GC(4) Using 2 workers of 2 for marking
[2023-03-28T20:27:16.345+0800][2.409s] GC(4) Concurrent Mark From Roots 11.200ms
[2023-03-28T20:27:16.345+0800][2.409s] GC(4) Concurrent Preclean
[2023-03-28T20:27:16.345+0800][2.409s] GC(4) Concurrent Preclean 0.037ms
[2023-03-28T20:27:16.345+0800][2.409s] GC(4) Pause Remark
[2023-03-28T20:27:16.347+0800][2.411s] GC(4) Pause Remark 25M->25M(512M) 1.829ms
[2023-03-28T20:27:16.347+0800][2.411s] GC(4) User=0.00s Sys=0.00s Real=0.00s
[2023-03-28T20:27:16.347+0800][2.411s] GC(4) Concurrent Mark 13.252ms
[2023-03-28T20:27:16.347+0800][2.411s] GC(4) Concurrent Rebuild Remembered Sets and Scrub Regions
[2023-03-28T20:27:16.352+0800][2.415s] GC(4) Concurrent Rebuild Remembered Sets and Scrub Regions 3.898ms
[2023-03-28T20:27:16.352+0800][2.415s] GC(4) Pause Cleanup
[2023-03-28T20:27:16.352+0800][2.415s] GC(4) Pause Cleanup 26M->26M(512M) 0.083ms
[2023-03-28T20:27:16.352+0800][2.415s] GC(4) User=0.00s Sys=0.00s Real=0.00s
[2023-03-28T20:27:16.352+0800][2.415s] GC(4) Concurrent Clear Claimed Marks
[2023-03-28T20:27:16.352+0800][2.415s] GC(4) Concurrent Clear Claimed Marks 0.036ms
[2023-03-28T20:27:16.352+0800][2.415s] GC(4) Concurrent Cleanup for Next Mark
[2023-03-28T20:27:16.353+0800][2.416s] GC(4) Concurrent Cleanup for Next Mark 1.324ms
[2023-03-28T20:27:16.353+0800][2.416s] GC(4) Concurrent Mark Cycle 21.764ms
[2023-03-28T20:27:17.597+0800][3.661s] GC(5) Pause Young (Concurrent Start) (Metadata GC Threshold)
[2023-03-28T20:27:17.597+0800][3.661s] GC(5) Using 8 workers of 8 for evacuation
[2023-03-28T20:27:17.605+0800][3.669s] GC(5)   Pre Evacuate Collection Set: 0.1ms
[2023-03-28T20:27:17.605+0800][3.669s] GC(5)   Merge Heap Roots: 0.0ms
[2023-03-28T20:27:17.605+0800][3.669s] GC(5)   Evacuate Collection Set: 7.2ms
[2023-03-28T20:27:17.605+0800][3.669s] GC(5)   Post Evacuate Collection Set: 0.6ms
[2023-03-28T20:27:17.605+0800][3.669s] GC(5)   Other: 0.1ms
[2023-03-28T20:27:17.605+0800][3.669s] GC(5) Eden regions: 127->0(289)
[2023-03-28T20:27:17.605+0800][3.669s] GC(5) Survivor regions: 12->18(39)
[2023-03-28T20:27:17.605+0800][3.669s] GC(5) Old regions: 9->9
[2023-03-28T20:27:17.605+0800][3.669s] GC(5) Archive regions: 0->0
[2023-03-28T20:27:17.605+0800][3.669s] GC(5) Humongous regions: 5->4
[2023-03-28T20:27:17.605+0800][3.669s] GC(5) Metaspace: 35499K(35968K)->35499K(35968K) NonClass: 31395K(31616K)->31395K(31616K) Class: 4104K(4352K)->4104K(4352K)
[2023-03-28T20:27:17.605+0800][3.669s] GC(5) Pause Young (Concurrent Start) (Metadata GC Threshold) 151M->30M(512M) 8.296ms
[2023-03-28T20:27:17.606+0800][3.669s] GC(6) Concurrent Mark Cycle
[2023-03-28T20:27:17.606+0800][3.669s] GC(5) User=0.00s Sys=0.00s Real=0.01s
[2023-03-28T20:27:17.606+0800][3.669s] GC(6) Concurrent Scan Root Regions
[2023-03-28T20:27:17.611+0800][3.675s] GC(6) Concurrent Scan Root Regions 5.075ms
[2023-03-28T20:27:17.611+0800][3.675s] GC(6) Concurrent Mark
[2023-03-28T20:27:17.611+0800][3.675s] GC(6) Concurrent Mark From Roots
[2023-03-28T20:27:17.611+0800][3.675s] GC(6) Using 2 workers of 2 for marking
[2023-03-28T20:27:17.621+0800][3.684s] GC(6) Concurrent Mark From Roots 9.893ms
[2023-03-28T20:27:17.621+0800][3.685s] GC(6) Concurrent Preclean
[2023-03-28T20:27:17.621+0800][3.685s] GC(6) Concurrent Preclean 0.051ms
[2023-03-28T20:27:17.621+0800][3.685s] GC(6) Pause Remark
[2023-03-28T20:27:17.623+0800][3.687s] GC(6) Pause Remark 31M->31M(512M) 2.427ms
[2023-03-28T20:27:17.623+0800][3.687s] GC(6) User=0.00s Sys=0.00s Real=0.00s
[2023-03-28T20:27:17.623+0800][3.687s] GC(6) Concurrent Mark 12.620ms
[2023-03-28T20:27:17.623+0800][3.687s] GC(6) Concurrent Rebuild Remembered Sets and Scrub Regions
[2023-03-28T20:27:17.627+0800][3.691s] GC(6) Concurrent Rebuild Remembered Sets and Scrub Regions 3.996ms
[2023-03-28T20:27:17.627+0800][3.691s] GC(6) Pause Cleanup
[2023-03-28T20:27:17.628+0800][3.691s] GC(6) Pause Cleanup 31M->31M(512M) 0.142ms
[2023-03-28T20:27:17.628+0800][3.691s] GC(6) User=0.00s Sys=0.00s Real=0.00s
[2023-03-28T20:27:17.628+0800][3.692s] GC(6) Concurrent Clear Claimed Marks
[2023-03-28T20:27:17.628+0800][3.692s] GC(6) Concurrent Clear Claimed Marks 0.046ms
[2023-03-28T20:27:17.628+0800][3.692s] GC(6) Concurrent Cleanup for Next Mark
[2023-03-28T20:27:17.629+0800][3.693s] GC(6) Concurrent Cleanup for Next Mark 1.479ms
[2023-03-28T20:27:17.629+0800][3.693s] GC(6) Concurrent Mark Cycle 23.699ms
