[2023-03-30T12:47:12.271+0800][0.031s] CardTable entry size: 512
[2023-03-30T12:47:12.272+0800][0.032s] Using G1
[2023-03-30T12:47:12.474+0800][0.235s] Version: 20+36-2344 (release)
[2023-03-30T12:47:12.474+0800][0.235s] CPUs: 8 total, 8 available
[2023-03-30T12:47:12.474+0800][0.235s] Memory: 8038M
[2023-03-30T12:47:12.474+0800][0.235s] Large Page Support: Disabled
[2023-03-30T12:47:12.474+0800][0.235s] NUMA Support: Disabled
[2023-03-30T12:47:12.474+0800][0.235s] Compressed Oops: Enabled (32-bit)
[2023-03-30T12:47:12.474+0800][0.235s] Heap Region Size: 1M
[2023-03-30T12:47:12.475+0800][0.235s] Heap Min Capacity: 512M
[2023-03-30T12:47:12.475+0800][0.235s] Heap Initial Capacity: 512M
[2023-03-30T12:47:12.475+0800][0.235s] Heap Max Capacity: 512M
[2023-03-30T12:47:12.475+0800][0.235s] Pre-touch: Enabled
[2023-03-30T12:47:12.475+0800][0.235s] Parallel Workers: 8
[2023-03-30T12:47:12.475+0800][0.235s] Concurrent Workers: 2
[2023-03-30T12:47:12.475+0800][0.235s] Concurrent Refinement Workers: 8
[2023-03-30T12:47:12.475+0800][0.235s] Periodic GC: Disabled
[2023-03-30T12:47:12.476+0800][0.237s] CDS archive(s) mapped at: [0x0000000800000000-0x0000000800c60000-0x0000000800c60000), size 12976128, SharedBaseAddress: 0x0000000800000000, ArchiveRelocationMode: 0.
[2023-03-30T12:47:12.476+0800][0.237s] Compressed class space mapped at: 0x0000000801000000-0x0000000841000000, reserved size: 1073741824
[2023-03-30T12:47:12.476+0800][0.237s] Narrow klass base: 0x0000000800000000, Narrow klass shift: 0, Narrow klass range: 0x100000000
[2023-03-30T12:47:13.352+0800][1.112s] GC(0) Pause Young (Normal) (G1 Evacuation Pause)
[2023-03-30T12:47:13.353+0800][1.113s] GC(0) Using 8 workers of 8 for evacuation
[2023-03-30T12:47:13.358+0800][1.117s] GC(0)   Pre Evacuate Collection Set: 0.1ms
[2023-03-30T12:47:13.358+0800][1.118s] GC(0)   Merge Heap Roots: 0.0ms
[2023-03-30T12:47:13.358+0800][1.118s] GC(0)   Evacuate Collection Set: 4.2ms
[2023-03-30T12:47:13.358+0800][1.118s] GC(0)   Post Evacuate Collection Set: 0.5ms
[2023-03-30T12:47:13.358+0800][1.118s] GC(0)   Other: 0.5ms
[2023-03-30T12:47:13.358+0800][1.118s] GC(0) Eden regions: 29->0(41)
[2023-03-30T12:47:13.358+0800][1.118s] GC(0) Survivor regions: 0->4(4)
[2023-03-30T12:47:13.358+0800][1.118s] GC(0) Old regions: 0->0
[2023-03-30T12:47:13.358+0800][1.118s] GC(0) Archive regions: 0->0
[2023-03-30T12:47:13.358+0800][1.118s] GC(0) Humongous regions: 0->0
[2023-03-30T12:47:13.358+0800][1.118s] GC(0) Metaspace: 6754K(7040K)->6754K(7040K) NonClass: 5977K(6144K)->5977K(6144K) Class: 776K(896K)->776K(896K)
[2023-03-30T12:47:13.358+0800][1.118s] GC(0) Pause Young (Normal) (G1 Evacuation Pause) 29M->3M(512M) 5.778ms
[2023-03-30T12:47:13.358+0800][1.118s] GC(0) User=0.00s Sys=0.00s Real=0.01s
[2023-03-30T12:47:14.555+0800][2.316s] GC(1) Pause Young (Normal) (G1 Evacuation Pause)
[2023-03-30T12:47:14.556+0800][2.316s] GC(1) Using 8 workers of 8 for evacuation
[2023-03-30T12:47:14.567+0800][2.327s] GC(1)   Pre Evacuate Collection Set: 0.1ms
[2023-03-30T12:47:14.567+0800][2.327s] GC(1)   Merge Heap Roots: 0.0ms
[2023-03-30T12:47:14.567+0800][2.328s] GC(1)   Evacuate Collection Set: 9.5ms
[2023-03-30T12:47:14.567+0800][2.328s] GC(1)   Post Evacuate Collection Set: 1.6ms
[2023-03-30T12:47:14.567+0800][2.328s] GC(1)   Other: 0.1ms
[2023-03-30T12:47:14.567+0800][2.328s] GC(1) Eden regions: 41->0(166)
[2023-03-30T12:47:14.567+0800][2.328s] GC(1) Survivor regions: 4->6(6)
[2023-03-30T12:47:14.567+0800][2.328s] GC(1) Old regions: 0->9
[2023-03-30T12:47:14.567+0800][2.328s] GC(1) Archive regions: 0->0
[2023-03-30T12:47:14.567+0800][2.328s] GC(1) Humongous regions: 4->4
[2023-03-30T12:47:14.567+0800][2.328s] GC(1) Metaspace: 18012K(18432K)->18012K(18432K) NonClass: 15959K(16192K)->15959K(16192K) Class: 2053K(2240K)->2053K(2240K)
[2023-03-30T12:47:14.567+0800][2.328s] GC(1) Pause Young (Normal) (G1 Evacuation Pause) 48M->18M(512M) 11.865ms
[2023-03-30T12:47:14.567+0800][2.328s] GC(1) User=0.08s Sys=0.00s Real=0.01s
[2023-03-30T12:47:15.109+0800][2.869s] GC(2) Pause Young (Normal) (G1 Evacuation Pause)
[2023-03-30T12:47:15.109+0800][2.869s] GC(2) Using 8 workers of 8 for evacuation
[2023-03-30T12:47:15.113+0800][2.874s] GC(2)   Pre Evacuate Collection Set: 0.1ms
[2023-03-30T12:47:15.113+0800][2.874s] GC(2)   Merge Heap Roots: 0.1ms
[2023-03-30T12:47:15.113+0800][2.874s] GC(2)   Evacuate Collection Set: 4.2ms
[2023-03-30T12:47:15.113+0800][2.874s] GC(2)   Post Evacuate Collection Set: 0.5ms
[2023-03-30T12:47:15.113+0800][2.874s] GC(2)   Other: 0.1ms
[2023-03-30T12:47:15.113+0800][2.874s] GC(2) Eden regions: 153->0(295)
[2023-03-30T12:47:15.113+0800][2.874s] GC(2) Survivor regions: 6->12(20)
[2023-03-30T12:47:15.113+0800][2.874s] GC(2) Old regions: 9->9
[2023-03-30T12:47:15.113+0800][2.874s] GC(2) Archive regions: 0->0
[2023-03-30T12:47:15.113+0800][2.874s] GC(2) Humongous regions: 4->4
[2023-03-30T12:47:15.113+0800][2.874s] GC(2) Metaspace: 19203K(19648K)->19203K(19648K) NonClass: 17011K(17216K)->17011K(17216K) Class: 2192K(2432K)->2192K(2432K)
[2023-03-30T12:47:15.113+0800][2.874s] GC(2) Pause Young (Normal) (G1 Evacuation Pause) 171M->23M(512M) 5.176ms
[2023-03-30T12:47:15.113+0800][2.874s] GC(2) User=0.02s Sys=0.00s Real=0.00s
[2023-03-30T12:47:15.468+0800][3.228s] GC(3) Pause Young (Concurrent Start) (Metadata GC Threshold)
[2023-03-30T12:47:15.468+0800][3.229s] GC(3) Using 8 workers of 8 for evacuation
[2023-03-30T12:47:15.474+0800][3.235s] GC(3)   Pre Evacuate Collection Set: 0.6ms
[2023-03-30T12:47:15.474+0800][3.235s] GC(3)   Merge Heap Roots: 0.1ms
[2023-03-30T12:47:15.474+0800][3.235s] GC(3)   Evacuate Collection Set: 5.0ms
[2023-03-30T12:47:15.474+0800][3.235s] GC(3)   Post Evacuate Collection Set: 0.6ms
[2023-03-30T12:47:15.474+0800][3.235s] GC(3)   Other: 0.2ms
[2023-03-30T12:47:15.474+0800][3.235s] GC(3) Eden regions: 92->0(295)
[2023-03-30T12:47:15.474+0800][3.235s] GC(3) Survivor regions: 12->12(39)
[2023-03-30T12:47:15.474+0800][3.235s] GC(3) Old regions: 9->9
[2023-03-30T12:47:15.474+0800][3.235s] GC(3) Archive regions: 0->0
[2023-03-30T12:47:15.474+0800][3.235s] GC(3) Humongous regions: 4->4
[2023-03-30T12:47:15.474+0800][3.235s] GC(3) Metaspace: 21064K(21504K)->21064K(21504K) NonClass: 18684K(18944K)->18684K(18944K) Class: 2380K(2560K)->2380K(2560K)
[2023-03-30T12:47:15.474+0800][3.235s] GC(3) Pause Young (Concurrent Start) (Metadata GC Threshold) 115M->24M(512M) 6.638ms
[2023-03-30T12:47:15.475+0800][3.235s] GC(3) User=0.00s Sys=0.00s Real=0.01s
[2023-03-30T12:47:15.475+0800][3.235s] GC(4) Concurrent Mark Cycle
[2023-03-30T12:47:15.475+0800][3.235s] GC(4) Concurrent Scan Root Regions
[2023-03-30T12:47:15.478+0800][3.238s] GC(4) Concurrent Scan Root Regions 2.681ms
[2023-03-30T12:47:15.478+0800][3.238s] GC(4) Concurrent Mark
[2023-03-30T12:47:15.478+0800][3.238s] GC(4) Concurrent Mark From Roots
[2023-03-30T12:47:15.478+0800][3.238s] GC(4) Using 2 workers of 2 for marking
[2023-03-30T12:47:15.487+0800][3.248s] GC(4) Concurrent Mark From Roots 9.805ms
[2023-03-30T12:47:15.487+0800][3.248s] GC(4) Concurrent Preclean
[2023-03-30T12:47:15.487+0800][3.248s] GC(4) Concurrent Preclean 0.063ms
[2023-03-30T12:47:15.488+0800][3.248s] GC(4) Pause Remark
[2023-03-30T12:47:15.490+0800][3.250s] GC(4) Pause Remark 26M->26M(512M) 2.314ms
[2023-03-30T12:47:15.490+0800][3.250s] GC(4) User=0.00s Sys=0.00s Real=0.00s
[2023-03-30T12:47:15.490+0800][3.250s] GC(4) Concurrent Mark 12.593ms
[2023-03-30T12:47:15.490+0800][3.250s] GC(4) Concurrent Rebuild Remembered Sets and Scrub Regions
[2023-03-30T12:47:15.494+0800][3.254s] GC(4) Concurrent Rebuild Remembered Sets and Scrub Regions 3.934ms
[2023-03-30T12:47:15.494+0800][3.255s] GC(4) Pause Cleanup
[2023-03-30T12:47:15.494+0800][3.255s] GC(4) Pause Cleanup 26M->26M(512M) 0.116ms
[2023-03-30T12:47:15.494+0800][3.255s] GC(4) User=0.00s Sys=0.00s Real=0.00s
[2023-03-30T12:47:15.494+0800][3.255s] GC(4) Concurrent Clear Claimed Marks
[2023-03-30T12:47:15.494+0800][3.255s] GC(4) Concurrent Clear Claimed Marks 0.039ms
[2023-03-30T12:47:15.494+0800][3.255s] GC(4) Concurrent Cleanup for Next Mark
[2023-03-30T12:47:15.496+0800][3.256s] GC(4) Concurrent Cleanup for Next Mark 1.638ms
[2023-03-30T12:47:15.496+0800][3.257s] GC(4) Concurrent Mark Cycle 21.473ms
[2023-03-30T12:47:17.312+0800][5.072s] GC(5) Pause Young (Prepare Mixed) (Metadata GC Threshold)
[2023-03-30T12:47:17.312+0800][5.072s] GC(5) Using 8 workers of 8 for evacuation
[2023-03-30T12:47:17.319+0800][5.080s] GC(5)   Pre Evacuate Collection Set: 0.1ms
[2023-03-30T12:47:17.319+0800][5.080s] GC(5)   Merge Heap Roots: 0.1ms
[2023-03-30T12:47:17.319+0800][5.080s] GC(5)   Evacuate Collection Set: 7.3ms
[2023-03-30T12:47:17.319+0800][5.080s] GC(5)   Post Evacuate Collection Set: 0.7ms
[2023-03-30T12:47:17.319+0800][5.080s] GC(5)   Other: 0.1ms
[2023-03-30T12:47:17.319+0800][5.080s] GC(5) Eden regions: 126->0(289)
[2023-03-30T12:47:17.319+0800][5.080s] GC(5) Survivor regions: 12->18(39)
[2023-03-30T12:47:17.319+0800][5.080s] GC(5) Old regions: 9->9
[2023-03-30T12:47:17.319+0800][5.080s] GC(5) Archive regions: 0->0
[2023-03-30T12:47:17.319+0800][5.080s] GC(5) Humongous regions: 5->4
[2023-03-30T12:47:17.319+0800][5.080s] GC(5) Metaspace: 35502K(35968K)->35502K(35968K) NonClass: 31396K(31616K)->31396K(31616K) Class: 4106K(4352K)->4106K(4352K)
[2023-03-30T12:47:17.319+0800][5.080s] GC(5) Pause Young (Prepare Mixed) (Metadata GC Threshold) 151M->30M(512M) 8.479ms
[2023-03-30T12:47:17.319+0800][5.080s] GC(5) User=0.03s Sys=0.00s Real=0.01s
[2023-03-30T12:47:17.374+0800][5.135s] GC(6) Pause Young (Mixed) (Metadata GC Threshold)
[2023-03-30T12:47:17.374+0800][5.135s] GC(6) Using 8 workers of 8 for evacuation
[2023-03-30T12:47:17.382+0800][5.142s] GC(6)   Pre Evacuate Collection Set: 0.1ms
[2023-03-30T12:47:17.382+0800][5.142s] GC(6)   Merge Heap Roots: 0.1ms
[2023-03-30T12:47:17.382+0800][5.142s] GC(6)   Evacuate Collection Set: 6.6ms
[2023-03-30T12:47:17.382+0800][5.142s] GC(6)   Post Evacuate Collection Set: 0.8ms
[2023-03-30T12:47:17.382+0800][5.142s] GC(6)   Other: 0.1ms
[2023-03-30T12:47:17.382+0800][5.142s] GC(6) Eden regions: 4->0(289)
[2023-03-30T12:47:17.382+0800][5.142s] GC(6) Survivor regions: 18->18(39)
[2023-03-30T12:47:17.382+0800][5.142s] GC(6) Old regions: 9->9
[2023-03-30T12:47:17.382+0800][5.142s] GC(6) Archive regions: 0->0
[2023-03-30T12:47:17.382+0800][5.142s] GC(6) Humongous regions: 4->4
[2023-03-30T12:47:17.382+0800][5.142s] GC(6) Metaspace: 35895K(36288K)->35895K(36288K) NonClass: 31738K(31936K)->31738K(31936K) Class: 4156K(4352K)->4156K(4352K)
[2023-03-30T12:47:17.382+0800][5.142s] GC(6) Pause Young (Mixed) (Metadata GC Threshold) 34M->29M(512M) 7.846ms
[2023-03-30T12:47:17.382+0800][5.142s] GC(6) User=0.02s Sys=0.00s Real=0.01s
[2023-03-30T12:47:17.416+0800][5.176s] GC(7) Pause Young (Concurrent Start) (Metadata GC Threshold)
[2023-03-30T12:47:17.416+0800][5.176s] GC(7) Using 8 workers of 8 for evacuation
[2023-03-30T12:47:17.424+0800][5.184s] GC(7)   Pre Evacuate Collection Set: 0.1ms
[2023-03-30T12:47:17.424+0800][5.184s] GC(7)   Merge Heap Roots: 0.1ms
[2023-03-30T12:47:17.424+0800][5.184s] GC(7)   Evacuate Collection Set: 6.2ms
[2023-03-30T12:47:17.424+0800][5.184s] GC(7)   Post Evacuate Collection Set: 0.8ms
[2023-03-30T12:47:17.424+0800][5.184s] GC(7)   Other: 0.1ms
[2023-03-30T12:47:17.424+0800][5.184s] GC(7) Eden regions: 3->0(288)
[2023-03-30T12:47:17.424+0800][5.184s] GC(7) Survivor regions: 18->19(39)
[2023-03-30T12:47:17.424+0800][5.184s] GC(7) Old regions: 9->9
[2023-03-30T12:47:17.424+0800][5.184s] GC(7) Archive regions: 0->0
[2023-03-30T12:47:17.424+0800][5.184s] GC(7) Humongous regions: 4->4
[2023-03-30T12:47:17.424+0800][5.184s] GC(7) Metaspace: 36137K(36608K)->36137K(36608K) NonClass: 31942K(32192K)->31942K(32192K) Class: 4194K(4416K)->4194K(4416K)
[2023-03-30T12:47:17.424+0800][5.184s] GC(7) Pause Young (Concurrent Start) (Metadata GC Threshold) 32M->30M(512M) 7.607ms
[2023-03-30T12:47:17.424+0800][5.184s] GC(8) Concurrent Mark Cycle
[2023-03-30T12:47:17.424+0800][5.184s] GC(7) User=0.00s Sys=0.00s Real=0.01s
[2023-03-30T12:47:17.424+0800][5.184s] GC(8) Concurrent Scan Root Regions
[2023-03-30T12:47:17.427+0800][5.188s] GC(8) Concurrent Scan Root Regions 3.973ms
[2023-03-30T12:47:17.427+0800][5.188s] GC(8) Concurrent Mark
[2023-03-30T12:47:17.427+0800][5.188s] GC(8) Concurrent Mark From Roots
[2023-03-30T12:47:17.427+0800][5.188s] GC(8) Using 2 workers of 2 for marking
[2023-03-30T12:47:17.435+0800][5.196s] GC(8) Concurrent Mark From Roots 7.767ms
[2023-03-30T12:47:17.435+0800][5.196s] GC(8) Concurrent Preclean
[2023-03-30T12:47:17.435+0800][5.196s] GC(8) Concurrent Preclean 0.040ms
[2023-03-30T12:47:17.435+0800][5.196s] GC(8) Pause Remark
[2023-03-30T12:47:17.438+0800][5.198s] GC(8) Pause Remark 32M->32M(512M) 2.309ms
[2023-03-30T12:47:17.438+0800][5.199s] GC(8) User=0.00s Sys=0.00s Real=0.00s
[2023-03-30T12:47:17.438+0800][5.199s] GC(8) Concurrent Mark 10.636ms
[2023-03-30T12:47:17.438+0800][5.199s] GC(8) Concurrent Rebuild Remembered Sets and Scrub Regions
[2023-03-30T12:47:17.442+0800][5.203s] GC(8) Concurrent Rebuild Remembered Sets and Scrub Regions 4.074ms
[2023-03-30T12:47:17.442+0800][5.203s] GC(8) Pause Cleanup
[2023-03-30T12:47:17.442+0800][5.203s] GC(8) Pause Cleanup 32M->32M(512M) 0.110ms
[2023-03-30T12:47:17.442+0800][5.203s] GC(8) User=0.00s Sys=0.00s Real=0.00s
[2023-03-30T12:47:17.442+0800][5.203s] GC(8) Concurrent Clear Claimed Marks
[2023-03-30T12:47:17.442+0800][5.203s] GC(8) Concurrent Clear Claimed Marks 0.032ms
[2023-03-30T12:47:17.442+0800][5.203s] GC(8) Concurrent Cleanup for Next Mark
[2023-03-30T12:47:17.443+0800][5.204s] GC(8) Concurrent Cleanup for Next Mark 1.099ms
[2023-03-30T12:47:17.443+0800][5.204s] GC(8) Concurrent Mark Cycle 20.305ms
[2023-03-30T12:47:30.496+0800][18.256s] GC(9) Pause Young (Prepare Mixed) (G1 Evacuation Pause)
[2023-03-30T12:47:30.496+0800][18.256s] GC(9) Using 8 workers of 8 for evacuation
[2023-03-30T12:47:30.526+0800][18.286s] GC(9)   Pre Evacuate Collection Set: 0.1ms
[2023-03-30T12:47:30.526+0800][18.286s] GC(9)   Merge Heap Roots: 0.1ms
[2023-03-30T12:47:30.526+0800][18.286s] GC(9)   Evacuate Collection Set: 27.7ms
[2023-03-30T12:47:30.526+0800][18.286s] GC(9)   Post Evacuate Collection Set: 1.7ms
[2023-03-30T12:47:30.526+0800][18.286s] GC(9)   Other: 0.2ms
[2023-03-30T12:47:30.526+0800][18.286s] GC(9) Eden regions: 288->0(274)
[2023-03-30T12:47:30.526+0800][18.286s] GC(9) Survivor regions: 19->33(39)
[2023-03-30T12:47:30.526+0800][18.286s] GC(9) Old regions: 9->9
[2023-03-30T12:47:30.526+0800][18.286s] GC(9) Archive regions: 0->0
[2023-03-30T12:47:30.526+0800][18.286s] GC(9) Humongous regions: 4->4
[2023-03-30T12:47:30.526+0800][18.286s] GC(9) Metaspace: 54653K(55296K)->54653K(55296K) NonClass: 47988K(48320K)->47988K(48320K) Class: 6664K(6976K)->6664K(6976K)
[2023-03-30T12:47:30.526+0800][18.286s] GC(9) Pause Young (Prepare Mixed) (G1 Evacuation Pause) 318M->45M(512M) 30.314ms
[2023-03-30T12:47:30.526+0800][18.286s] GC(9) User=0.16s Sys=0.08s Real=0.03s
[2023-03-30T12:47:35.183+0800][22.942s] GC(10) Pause Young (Mixed) (G1 Evacuation Pause)
[2023-03-30T12:47:35.183+0800][22.943s] GC(10) Using 8 workers of 8 for evacuation
[2023-03-30T12:47:35.224+0800][22.984s] GC(10)   Pre Evacuate Collection Set: 0.2ms
[2023-03-30T12:47:35.224+0800][22.984s] GC(10)   Merge Heap Roots: 0.1ms
[2023-03-30T12:47:35.224+0800][22.984s] GC(10)   Evacuate Collection Set: 39.4ms
[2023-03-30T12:47:35.224+0800][22.984s] GC(10)   Post Evacuate Collection Set: 1.7ms
[2023-03-30T12:47:35.224+0800][22.984s] GC(10)   Other: 0.1ms
[2023-03-30T12:47:35.224+0800][22.984s] GC(10) Eden regions: 274->0(290)
[2023-03-30T12:47:35.224+0800][22.984s] GC(10) Survivor regions: 33->17(39)
[2023-03-30T12:47:35.224+0800][22.984s] GC(10) Old regions: 9->26
[2023-03-30T12:47:35.224+0800][22.984s] GC(10) Archive regions: 0->0
[2023-03-30T12:47:35.224+0800][22.984s] GC(10) Humongous regions: 4->4
[2023-03-30T12:47:35.224+0800][22.984s] GC(10) Metaspace: 55000K(55680K)->55000K(55680K) NonClass: 48330K(48704K)->48330K(48704K) Class: 6670K(6976K)->6670K(6976K)
[2023-03-30T12:47:35.224+0800][22.984s] GC(10) Pause Young (Mixed) (G1 Evacuation Pause) 319M->46M(512M) 41.996ms
[2023-03-30T12:47:35.224+0800][22.985s] GC(10) User=0.12s Sys=0.16s Real=0.04s
[2023-03-30T12:53:30.547+0800][378.307s] GC(11) Pause Young (Concurrent Start) (Metadata GC Threshold)
[2023-03-30T12:53:30.547+0800][378.307s] GC(11) Using 8 workers of 8 for evacuation
[2023-03-30T12:53:30.562+0800][378.322s] GC(11)   Pre Evacuate Collection Set: 0.3ms
[2023-03-30T12:53:30.562+0800][378.322s] GC(11)   Merge Heap Roots: 0.1ms
[2023-03-30T12:53:30.562+0800][378.322s] GC(11)   Evacuate Collection Set: 13.2ms
[2023-03-30T12:53:30.562+0800][378.322s] GC(11)   Post Evacuate Collection Set: 1.1ms
[2023-03-30T12:53:30.562+0800][378.322s] GC(11)   Other: 0.1ms
[2023-03-30T12:53:30.562+0800][378.322s] GC(11) Eden regions: 275->0(286)
[2023-03-30T12:53:30.562+0800][378.322s] GC(11) Survivor regions: 17->21(39)
[2023-03-30T12:53:30.562+0800][378.322s] GC(11) Old regions: 26->26
[2023-03-30T12:53:30.562+0800][378.322s] GC(11) Archive regions: 0->0
[2023-03-30T12:53:30.562+0800][378.322s] GC(11) Humongous regions: 4->4
[2023-03-30T12:53:30.562+0800][378.322s] GC(11) Metaspace: 60378K(61120K)->60378K(61120K) NonClass: 53192K(53568K)->53192K(53568K) Class: 7186K(7552K)->7186K(7552K)
[2023-03-30T12:53:30.562+0800][378.322s] GC(11) Pause Young (Concurrent Start) (Metadata GC Threshold) 321M->50M(512M) 15.149ms
[2023-03-30T12:53:30.562+0800][378.322s] GC(11) User=0.05s Sys=0.00s Real=0.02s
[2023-03-30T12:53:30.562+0800][378.322s] GC(12) Concurrent Mark Cycle
[2023-03-30T12:53:30.562+0800][378.322s] GC(12) Concurrent Scan Root Regions
[2023-03-30T12:53:30.574+0800][378.334s] GC(12) Concurrent Scan Root Regions 11.317ms
[2023-03-30T12:53:30.574+0800][378.334s] GC(12) Concurrent Mark
[2023-03-30T12:53:30.574+0800][378.334s] GC(12) Concurrent Mark From Roots
[2023-03-30T12:53:30.574+0800][378.334s] GC(12) Using 2 workers of 2 for marking
[2023-03-30T12:53:30.605+0800][378.366s] GC(12) Concurrent Mark From Roots 32.113ms
[2023-03-30T12:53:30.605+0800][378.366s] GC(12) Concurrent Preclean
[2023-03-30T12:53:30.605+0800][378.366s] GC(12) Concurrent Preclean 0.120ms
[2023-03-30T12:53:30.605+0800][378.366s] GC(12) Pause Remark
[2023-03-30T12:53:30.612+0800][378.373s] GC(12) Pause Remark 52M->52M(512M) 6.504ms
[2023-03-30T12:53:30.612+0800][378.373s] GC(12) User=0.02s Sys=0.00s Real=0.01s
[2023-03-30T12:53:30.612+0800][378.373s] GC(12) Concurrent Mark 39.051ms
[2023-03-30T12:53:30.612+0800][378.373s] GC(12) Concurrent Rebuild Remembered Sets and Scrub Regions
[2023-03-30T12:53:30.624+0800][378.384s] GC(12) Concurrent Rebuild Remembered Sets and Scrub Regions 11.276ms
[2023-03-30T12:53:30.624+0800][378.384s] GC(12) Pause Cleanup
[2023-03-30T12:53:30.624+0800][378.384s] GC(12) Pause Cleanup 52M->52M(512M) 0.144ms
[2023-03-30T12:53:30.624+0800][378.384s] GC(12) User=0.00s Sys=0.00s Real=0.00s
[2023-03-30T12:53:30.624+0800][378.384s] GC(12) Concurrent Clear Claimed Marks
[2023-03-30T12:53:30.624+0800][378.385s] GC(12) Concurrent Clear Claimed Marks 0.053ms
[2023-03-30T12:53:30.624+0800][378.385s] GC(12) Concurrent Cleanup for Next Mark
[2023-03-30T12:53:30.627+0800][378.388s] GC(12) Concurrent Cleanup for Next Mark 2.987ms
[2023-03-30T12:53:30.627+0800][378.388s] GC(12) Concurrent Mark Cycle 65.301ms
[2023-03-30T12:53:33.299+0800][381.060s] GC(13) Pause Young (Prepare Mixed) (G1 Evacuation Pause)
[2023-03-30T12:53:33.299+0800][381.060s] GC(13) Using 8 workers of 8 for evacuation
[2023-03-30T12:53:33.313+0800][381.073s] GC(13)   Pre Evacuate Collection Set: 0.1ms
[2023-03-30T12:53:33.313+0800][381.073s] GC(13)   Merge Heap Roots: 0.1ms
[2023-03-30T12:53:33.313+0800][381.073s] GC(13)   Evacuate Collection Set: 11.8ms
[2023-03-30T12:53:33.313+0800][381.073s] GC(13)   Post Evacuate Collection Set: 1.5ms
[2023-03-30T12:53:33.313+0800][381.074s] GC(13)   Other: 0.1ms
[2023-03-30T12:53:33.313+0800][381.074s] GC(13) Eden regions: 286->0(279)
[2023-03-30T12:53:33.313+0800][381.074s] GC(13) Survivor regions: 21->28(39)
[2023-03-30T12:53:33.313+0800][381.074s] GC(13) Old regions: 26->26
[2023-03-30T12:53:33.313+0800][381.074s] GC(13) Archive regions: 0->0
[2023-03-30T12:53:33.313+0800][381.074s] GC(13) Humongous regions: 5->5
[2023-03-30T12:53:33.313+0800][381.074s] GC(13) Metaspace: 61459K(62144K)->61459K(62144K) NonClass: 54216K(54592K)->54216K(54592K) Class: 7242K(7552K)->7242K(7552K)
[2023-03-30T12:53:33.313+0800][381.074s] GC(13) Pause Young (Prepare Mixed) (G1 Evacuation Pause) 337M->58M(512M) 13.970ms
[2023-03-30T12:53:33.313+0800][381.074s] GC(13) User=0.00s Sys=0.00s Real=0.01s
[2023-03-30T12:53:35.471+0800][383.231s] GC(14) Pause Young (Mixed) (G1 Evacuation Pause)
[2023-03-30T12:53:35.471+0800][383.231s] GC(14) Using 8 workers of 8 for evacuation
[2023-03-30T12:53:35.484+0800][383.245s] GC(14)   Pre Evacuate Collection Set: 0.1ms
[2023-03-30T12:53:35.484+0800][383.245s] GC(14)   Merge Heap Roots: 0.1ms
[2023-03-30T12:53:35.484+0800][383.245s] GC(14)   Evacuate Collection Set: 12.2ms
[2023-03-30T12:53:35.484+0800][383.245s] GC(14)   Post Evacuate Collection Set: 1.5ms
[2023-03-30T12:53:35.484+0800][383.245s] GC(14)   Other: 0.1ms
[2023-03-30T12:53:35.484+0800][383.245s] GC(14) Eden regions: 279->0(293)
[2023-03-30T12:53:35.484+0800][383.245s] GC(14) Survivor regions: 28->14(39)
[2023-03-30T12:53:35.484+0800][383.245s] GC(14) Old regions: 26->40
[2023-03-30T12:53:35.484+0800][383.245s] GC(14) Archive regions: 0->0
[2023-03-30T12:53:35.484+0800][383.245s] GC(14) Humongous regions: 6->4
[2023-03-30T12:53:35.484+0800][383.245s] GC(14) Metaspace: 61529K(62272K)->61529K(62272K) NonClass: 54287K(54720K)->54287K(54720K) Class: 7242K(7552K)->7242K(7552K)
[2023-03-30T12:53:35.484+0800][383.245s] GC(14) Pause Young (Mixed) (G1 Evacuation Pause) 338M->57M(512M) 14.398ms
[2023-03-30T12:53:35.484+0800][383.245s] GC(14) User=0.02s Sys=0.00s Real=0.01s
[2023-03-30T13:22:46.942+0800][2134.702s] GC(15) Pause Young (Normal) (G1 Evacuation Pause)
[2023-03-30T13:22:47.003+0800][2134.763s] GC(15) Using 8 workers of 8 for evacuation
[2023-03-30T13:22:47.562+0800][2135.322s] GC(15) MMU target violated: 251.0ms (250.0ms/251.0ms)
[2023-03-30T13:22:47.563+0800][2135.323s] GC(15)   Pre Evacuate Collection Set: 37.8ms
[2023-03-30T13:22:47.563+0800][2135.323s] GC(15)   Merge Heap Roots: 20.0ms
[2023-03-30T13:22:47.563+0800][2135.323s] GC(15)   Evacuate Collection Set: 470.2ms
[2023-03-30T13:22:47.563+0800][2135.323s] GC(15)   Post Evacuate Collection Set: 20.4ms
[2023-03-30T13:22:47.563+0800][2135.323s] GC(15)   Other: 32.8ms
[2023-03-30T13:22:47.563+0800][2135.323s] GC(15) Eden regions: 293->0(12)
[2023-03-30T13:22:47.564+0800][2135.324s] GC(15) Survivor regions: 14->13(39)
[2023-03-30T13:22:47.564+0800][2135.324s] GC(15) Old regions: 40->40
[2023-03-30T13:22:47.564+0800][2135.324s] GC(15) Archive regions: 0->0
[2023-03-30T13:22:47.564+0800][2135.324s] GC(15) Humongous regions: 4->4
[2023-03-30T13:22:47.564+0800][2135.324s] GC(15) Metaspace: 63164K(63872K)->63164K(63872K) NonClass: 55831K(56192K)->55831K(56192K) Class: 7333K(7680K)->7333K(7680K)
[2023-03-30T13:22:47.564+0800][2135.324s] GC(15) Pause Young (Normal) (G1 Evacuation Pause) 350M->55M(512M) 633.849ms
[2023-03-30T13:22:47.564+0800][2135.324s] GC(15) User=0.05s Sys=0.19s Real=0.64s
[2023-03-30T13:22:48.546+0800][2136.307s] GC(16) Pause Young (Normal) (G1 Evacuation Pause)
[2023-03-30T13:22:48.548+0800][2136.307s] GC(16) Using 8 workers of 8 for evacuation
[2023-03-30T13:22:48.560+0800][2136.320s] GC(16)   Pre Evacuate Collection Set: 0.2ms
[2023-03-30T13:22:48.560+0800][2136.320s] GC(16)   Merge Heap Roots: 0.0ms
[2023-03-30T13:22:48.560+0800][2136.320s] GC(16)   Evacuate Collection Set: 11.7ms
[2023-03-30T13:22:48.560+0800][2136.320s] GC(16)   Post Evacuate Collection Set: 0.8ms
[2023-03-30T13:22:48.560+0800][2136.320s] GC(16)   Other: 0.1ms
[2023-03-30T13:22:48.560+0800][2136.320s] GC(16) Eden regions: 12->0(304)
[2023-03-30T13:22:48.560+0800][2136.320s] GC(16) Survivor regions: 13->3(4)
[2023-03-30T13:22:48.560+0800][2136.320s] GC(16) Old regions: 40->51
[2023-03-30T13:22:48.560+0800][2136.320s] GC(16) Archive regions: 0->0
[2023-03-30T13:22:48.560+0800][2136.320s] GC(16) Humongous regions: 4->4
[2023-03-30T13:22:48.561+0800][2136.320s] GC(16) Metaspace: 63212K(63936K)->63212K(63936K) NonClass: 55876K(56256K)->55876K(56256K) Class: 7335K(7680K)->7335K(7680K)
[2023-03-30T13:22:48.561+0800][2136.320s] GC(16) Pause Young (Normal) (G1 Evacuation Pause) 67M->56M(512M) 13.405ms
[2023-03-30T13:22:48.561+0800][2136.320s] GC(16) User=0.03s Sys=0.05s Real=0.02s
[2023-03-30T14:44:07.434+0800][7015.193s] GC(17) Pause Young (Normal) (G1 Evacuation Pause)
[2023-03-30T14:44:07.447+0800][7015.208s] GC(17) Using 8 workers of 8 for evacuation
[2023-03-30T14:44:07.521+0800][7015.281s] GC(17)   Pre Evacuate Collection Set: 7.7ms
[2023-03-30T14:44:07.521+0800][7015.281s] GC(17)   Merge Heap Roots: 4.4ms
[2023-03-30T14:44:07.521+0800][7015.281s] GC(17)   Evacuate Collection Set: 42.3ms
[2023-03-30T14:44:07.521+0800][7015.281s] GC(17)   Post Evacuate Collection Set: 14.1ms
[2023-03-30T14:44:07.522+0800][7015.282s] GC(17)   Other: 8.1ms
[2023-03-30T14:44:07.522+0800][7015.282s] GC(17) Eden regions: 304->0(305)
[2023-03-30T14:44:07.522+0800][7015.282s] GC(17) Survivor regions: 3->2(39)
[2023-03-30T14:44:07.522+0800][7015.282s] GC(17) Old regions: 51->51
[2023-03-30T14:44:07.522+0800][7015.282s] GC(17) Archive regions: 0->0
[2023-03-30T14:44:07.522+0800][7015.282s] GC(17) Humongous regions: 4->4
[2023-03-30T14:44:07.523+0800][7015.283s] GC(17) Metaspace: 63918K(64704K)->63918K(64704K) NonClass: 56570K(57024K)->56570K(57024K) Class: 7348K(7680K)->7348K(7680K)
[2023-03-30T14:44:07.524+0800][7015.284s] GC(17) Pause Young (Normal) (G1 Evacuation Pause) 360M->56M(512M) 90.652ms
[2023-03-30T14:44:07.524+0800][7015.284s] GC(17) User=0.00s Sys=0.05s Real=0.09s
[2023-03-30T15:43:15.536+0800][10563.296s] GC(18) Pause Young (Normal) (G1 Evacuation Pause)
[2023-03-30T15:43:15.542+0800][10563.302s] GC(18) Using 8 workers of 8 for evacuation
[2023-03-30T15:43:15.593+0800][10563.353s] GC(18)   Pre Evacuate Collection Set: 6.0ms
[2023-03-30T15:43:15.593+0800][10563.353s] GC(18)   Merge Heap Roots: 1.8ms
[2023-03-30T15:43:15.593+0800][10563.353s] GC(18)   Evacuate Collection Set: 35.4ms
[2023-03-30T15:43:15.593+0800][10563.353s] GC(18)   Post Evacuate Collection Set: 5.8ms
[2023-03-30T15:43:15.594+0800][10563.354s] GC(18)   Other: 4.3ms
[2023-03-30T15:43:15.594+0800][10563.354s] GC(18) Eden regions: 305->0(304)
[2023-03-30T15:43:15.594+0800][10563.354s] GC(18) Survivor regions: 2->3(39)
[2023-03-30T15:43:15.594+0800][10563.354s] GC(18) Old regions: 51->51
[2023-03-30T15:43:15.594+0800][10563.354s] GC(18) Archive regions: 0->0
[2023-03-30T15:43:15.594+0800][10563.354s] GC(18) Humongous regions: 4->4
[2023-03-30T15:43:15.594+0800][10563.354s] GC(18) Metaspace: 64260K(65024K)->64260K(65024K) NonClass: 56908K(57344K)->56908K(57344K) Class: 7351K(7680K)->7351K(7680K)
[2023-03-30T15:43:15.594+0800][10563.354s] GC(18) Pause Young (Normal) (G1 Evacuation Pause) 361M->56M(512M) 59.072ms
[2023-03-30T15:43:15.594+0800][10563.354s] GC(18) User=0.00s Sys=0.02s Real=0.06s
[2023-03-30T16:19:17.391+0800][12725.151s] GC(19) Pause Young (Normal) (G1 Evacuation Pause)
[2023-03-30T16:19:17.392+0800][12725.152s] GC(19) Using 8 workers of 8 for evacuation
[2023-03-30T16:19:17.431+0800][12725.191s] GC(19)   Pre Evacuate Collection Set: 2.3ms
[2023-03-30T16:19:17.431+0800][12725.191s] GC(19)   Merge Heap Roots: 0.4ms
[2023-03-30T16:19:17.431+0800][12725.191s] GC(19)   Evacuate Collection Set: 32.5ms
[2023-03-30T16:19:17.431+0800][12725.191s] GC(19)   Post Evacuate Collection Set: 2.8ms
[2023-03-30T16:19:17.431+0800][12725.191s] GC(19)   Other: 0.9ms
[2023-03-30T16:19:17.431+0800][12725.191s] GC(19) Eden regions: 304->0(303)
[2023-03-30T16:19:17.431+0800][12725.191s] GC(19) Survivor regions: 3->4(39)
[2023-03-30T16:19:17.431+0800][12725.191s] GC(19) Old regions: 51->51
[2023-03-30T16:19:17.431+0800][12725.191s] GC(19) Archive regions: 0->0
[2023-03-30T16:19:17.431+0800][12725.191s] GC(19) Humongous regions: 4->4
[2023-03-30T16:19:17.431+0800][12725.191s] GC(19) Metaspace: 64463K(65216K)->64463K(65216K) NonClass: 57108K(57536K)->57108K(57536K) Class: 7355K(7680K)->7355K(7680K)
[2023-03-30T16:19:17.432+0800][12725.191s] GC(19) Pause Young (Normal) (G1 Evacuation Pause) 360M->57M(512M) 40.386ms
[2023-03-30T16:19:17.432+0800][12725.191s] GC(19) User=0.00s Sys=0.00s Real=0.04s
[2023-03-30T16:19:26.386+0800][12734.146s] GC(20) Pause Young (Normal) (G1 Evacuation Pause)
[2023-03-30T16:19:26.386+0800][12734.146s] GC(20) Using 8 workers of 8 for evacuation
[2023-03-30T16:19:26.392+0800][12734.152s] GC(20)   Pre Evacuate Collection Set: 0.1ms
[2023-03-30T16:19:26.392+0800][12734.152s] GC(20)   Merge Heap Roots: 0.1ms
[2023-03-30T16:19:26.392+0800][12734.152s] GC(20)   Evacuate Collection Set: 5.0ms
[2023-03-30T16:19:26.392+0800][12734.152s] GC(20)   Post Evacuate Collection Set: 0.5ms
[2023-03-30T16:19:26.392+0800][12734.152s] GC(20)   Other: 0.1ms
[2023-03-30T16:19:26.392+0800][12734.152s] GC(20) Eden regions: 303->0(303)
[2023-03-30T16:19:26.392+0800][12734.152s] GC(20) Survivor regions: 4->4(39)
[2023-03-30T16:19:26.392+0800][12734.152s] GC(20) Old regions: 51->51
[2023-03-30T16:19:26.392+0800][12734.152s] GC(20) Archive regions: 0->0
[2023-03-30T16:19:26.392+0800][12734.152s] GC(20) Humongous regions: 4->4
[2023-03-30T16:19:26.392+0800][12734.152s] GC(20) Metaspace: 64486K(65216K)->64486K(65216K) NonClass: 57131K(57536K)->57131K(57536K) Class: 7355K(7680K)->7355K(7680K)
[2023-03-30T16:19:26.392+0800][12734.152s] GC(20) Pause Young (Normal) (G1 Evacuation Pause) 360M->58M(512M) 5.958ms
[2023-03-30T16:19:26.392+0800][12734.152s] GC(20) User=0.00s Sys=0.00s Real=0.01s
[2023-03-30T16:20:10.704+0800][12778.464s] GC(21) Pause Young (Normal) (G1 Evacuation Pause)
[2023-03-30T16:20:10.704+0800][12778.464s] GC(21) Using 8 workers of 8 for evacuation
[2023-03-30T16:20:10.709+0800][12778.470s] GC(21)   Pre Evacuate Collection Set: 0.1ms
[2023-03-30T16:20:10.711+0800][12778.470s] GC(21)   Merge Heap Roots: 0.2ms
[2023-03-30T16:20:10.711+0800][12778.470s] GC(21)   Evacuate Collection Set: 5.1ms
[2023-03-30T16:20:10.711+0800][12778.470s] GC(21)   Post Evacuate Collection Set: 0.6ms
[2023-03-30T16:20:10.711+0800][12778.470s] GC(21)   Other: 0.1ms
[2023-03-30T16:20:10.711+0800][12778.470s] GC(21) Eden regions: 303->0(303)
[2023-03-30T16:20:10.711+0800][12778.470s] GC(21) Survivor regions: 4->4(39)
[2023-03-30T16:20:10.711+0800][12778.470s] GC(21) Old regions: 51->51
[2023-03-30T16:20:10.711+0800][12778.470s] GC(21) Archive regions: 0->0
[2023-03-30T16:20:10.711+0800][12778.471s] GC(21) Humongous regions: 4->4
[2023-03-30T16:20:10.711+0800][12778.471s] GC(21) Metaspace: 64489K(65216K)->64489K(65216K) NonClass: 57134K(57536K)->57134K(57536K) Class: 7355K(7680K)->7355K(7680K)
[2023-03-30T16:20:10.711+0800][12778.471s] GC(21) Pause Young (Normal) (G1 Evacuation Pause) 361M->58M(512M) 6.281ms
[2023-03-30T16:20:10.711+0800][12778.471s] GC(21) User=0.02s Sys=0.00s Real=0.01s
[2023-03-30T16:26:09.627+0800][13137.386s] GC(22) Pause Young (Normal) (G1 Evacuation Pause)
[2023-03-30T16:26:09.627+0800][13137.387s] GC(22) Using 8 workers of 8 for evacuation
[2023-03-30T16:26:09.638+0800][13137.399s] GC(22)   Pre Evacuate Collection Set: 0.8ms
[2023-03-30T16:26:09.638+0800][13137.399s] GC(22)   Merge Heap Roots: 0.2ms
[2023-03-30T16:26:09.638+0800][13137.399s] GC(22)   Evacuate Collection Set: 8.5ms
[2023-03-30T16:26:09.638+0800][13137.399s] GC(22)   Post Evacuate Collection Set: 1.1ms
[2023-03-30T16:26:09.639+0800][13137.399s] GC(22)   Other: 1.7ms
[2023-03-30T16:26:09.639+0800][13137.399s] GC(22) Eden regions: 303->0(303)
[2023-03-30T16:26:09.639+0800][13137.399s] GC(22) Survivor regions: 4->4(39)
[2023-03-30T16:26:09.639+0800][13137.399s] GC(22) Old regions: 51->51
[2023-03-30T16:26:09.639+0800][13137.399s] GC(22) Archive regions: 0->0
[2023-03-30T16:26:09.639+0800][13137.399s] GC(22) Humongous regions: 4->4
[2023-03-30T16:26:09.639+0800][13137.399s] GC(22) Metaspace: 64525K(65216K)->64525K(65216K) NonClass: 57165K(57536K)->57165K(57536K) Class: 7359K(7680K)->7359K(7680K)
[2023-03-30T16:26:09.639+0800][13137.399s] GC(22) Pause Young (Normal) (G1 Evacuation Pause) 361M->58M(512M) 12.786ms
[2023-03-30T16:26:09.639+0800][13137.399s] GC(22) User=0.00s Sys=0.02s Real=0.01s
[2023-03-30T16:54:59.004+0800][14866.764s] GC(23) Pause Young (Normal) (G1 Evacuation Pause)
[2023-03-30T16:54:59.009+0800][14866.769s] GC(23) Using 8 workers of 8 for evacuation
[2023-03-30T16:54:59.033+0800][14866.793s] GC(23)   Pre Evacuate Collection Set: 1.5ms
[2023-03-30T16:54:59.033+0800][14866.793s] GC(23)   Merge Heap Roots: 1.1ms
[2023-03-30T16:54:59.033+0800][14866.793s] GC(23)   Evacuate Collection Set: 16.6ms
[2023-03-30T16:54:59.033+0800][14866.793s] GC(23)   Post Evacuate Collection Set: 3.4ms
[2023-03-30T16:54:59.033+0800][14866.793s] GC(23)   Other: 2.6ms
[2023-03-30T16:54:59.033+0800][14866.793s] GC(23) Eden regions: 303->0(303)
[2023-03-30T16:54:59.033+0800][14866.793s] GC(23) Survivor regions: 4->4(39)
[2023-03-30T16:54:59.033+0800][14866.793s] GC(23) Old regions: 51->51
[2023-03-30T16:54:59.033+0800][14866.793s] GC(23) Archive regions: 0->0
[2023-03-30T16:54:59.033+0800][14866.793s] GC(23) Humongous regions: 4->4
[2023-03-30T16:54:59.033+0800][14866.794s] GC(23) Metaspace: 64555K(65280K)->64555K(65280K) NonClass: 57194K(57600K)->57194K(57600K) Class: 7361K(7680K)->7361K(7680K)
[2023-03-30T16:54:59.033+0800][14866.794s] GC(23) Pause Young (Normal) (G1 Evacuation Pause) 361M->58M(512M) 29.910ms
[2023-03-30T16:54:59.033+0800][14866.794s] GC(23) User=0.00s Sys=0.00s Real=0.03s
[2023-03-30T16:56:15.575+0800][14943.336s] GC(24) Pause Young (Normal) (G1 Evacuation Pause)
[2023-03-30T16:56:15.575+0800][14943.336s] GC(24) Using 8 workers of 8 for evacuation
[2023-03-30T16:56:15.588+0800][14943.348s] GC(24)   Pre Evacuate Collection Set: 0.3ms
[2023-03-30T16:56:15.588+0800][14943.348s] GC(24)   Merge Heap Roots: 0.1ms
[2023-03-30T16:56:15.588+0800][14943.348s] GC(24)   Evacuate Collection Set: 10.8ms
[2023-03-30T16:56:15.588+0800][14943.348s] GC(24)   Post Evacuate Collection Set: 0.6ms
[2023-03-30T16:56:15.588+0800][14943.348s] GC(24)   Other: 0.6ms
[2023-03-30T16:56:15.588+0800][14943.348s] GC(24) Eden regions: 303->0(302)
[2023-03-30T16:56:15.588+0800][14943.348s] GC(24) Survivor regions: 4->5(39)
[2023-03-30T16:56:15.588+0800][14943.348s] GC(24) Old regions: 51->51
[2023-03-30T16:56:15.588+0800][14943.348s] GC(24) Archive regions: 0->0
[2023-03-30T16:56:15.588+0800][14943.348s] GC(24) Humongous regions: 4->4
[2023-03-30T16:56:15.588+0800][14943.348s] GC(24) Metaspace: 64565K(65280K)->64565K(65280K) NonClass: 57204K(57600K)->57204K(57600K) Class: 7361K(7680K)->7361K(7680K)
[2023-03-30T16:56:15.588+0800][14943.349s] GC(24) Pause Young (Normal) (G1 Evacuation Pause) 361M->58M(512M) 12.831ms
[2023-03-30T16:56:15.589+0800][14943.349s] GC(24) User=0.00s Sys=0.02s Real=0.01s
[2023-03-30T16:57:23.838+0800][15011.598s] GC(25) Pause Young (Normal) (G1 Evacuation Pause)
[2023-03-30T16:57:23.838+0800][15011.598s] GC(25) Using 8 workers of 8 for evacuation
[2023-03-30T16:57:23.845+0800][15011.606s] GC(25)   Pre Evacuate Collection Set: 0.5ms
[2023-03-30T16:57:23.845+0800][15011.606s] GC(25)   Merge Heap Roots: 0.1ms
[2023-03-30T16:57:23.845+0800][15011.606s] GC(25)   Evacuate Collection Set: 6.0ms
[2023-03-30T16:57:23.845+0800][15011.606s] GC(25)   Post Evacuate Collection Set: 0.6ms
[2023-03-30T16:57:23.845+0800][15011.606s] GC(25)   Other: 0.1ms
[2023-03-30T16:57:23.845+0800][15011.606s] GC(25) Eden regions: 302->0(302)
[2023-03-30T16:57:23.845+0800][15011.606s] GC(25) Survivor regions: 5->5(39)
[2023-03-30T16:57:23.845+0800][15011.606s] GC(25) Old regions: 51->51
[2023-03-30T16:57:23.845+0800][15011.606s] GC(25) Archive regions: 0->0
[2023-03-30T16:57:23.845+0800][15011.606s] GC(25) Humongous regions: 4->4
[2023-03-30T16:57:23.845+0800][15011.606s] GC(25) Metaspace: 64566K(65280K)->64566K(65280K) NonClass: 57205K(57600K)->57205K(57600K) Class: 7361K(7680K)->7361K(7680K)
[2023-03-30T16:57:23.845+0800][15011.606s] GC(25) Pause Young (Normal) (G1 Evacuation Pause) 360M->58M(512M) 7.579ms
[2023-03-30T16:57:23.845+0800][15011.606s] GC(25) User=0.00s Sys=0.00s Real=0.01s
[2023-03-30T17:01:28.881+0800][15256.641s] GC(26) Pause Young (Normal) (G1 Evacuation Pause)
[2023-03-30T17:01:28.881+0800][15256.642s] GC(26) Using 8 workers of 8 for evacuation
[2023-03-30T17:01:28.887+0800][15256.647s] GC(26)   Pre Evacuate Collection Set: 0.1ms
[2023-03-30T17:01:28.887+0800][15256.647s] GC(26)   Merge Heap Roots: 0.1ms
[2023-03-30T17:01:28.887+0800][15256.647s] GC(26)   Evacuate Collection Set: 3.9ms
[2023-03-30T17:01:28.887+0800][15256.647s] GC(26)   Post Evacuate Collection Set: 0.9ms
[2023-03-30T17:01:28.887+0800][15256.647s] GC(26)   Other: 0.1ms
[2023-03-30T17:01:28.887+0800][15256.647s] GC(26) Eden regions: 302->0(302)
[2023-03-30T17:01:28.887+0800][15256.647s] GC(26) Survivor regions: 5->5(39)
[2023-03-30T17:01:28.887+0800][15256.647s] GC(26) Old regions: 51->51
[2023-03-30T17:01:28.887+0800][15256.647s] GC(26) Archive regions: 0->0
[2023-03-30T17:01:28.887+0800][15256.647s] GC(26) Humongous regions: 4->4
[2023-03-30T17:01:28.887+0800][15256.647s] GC(26) Metaspace: 64586K(65344K)->64586K(65344K) NonClass: 57225K(57664K)->57225K(57664K) Class: 7361K(7680K)->7361K(7680K)
[2023-03-30T17:01:28.887+0800][15256.647s] GC(26) Pause Young (Normal) (G1 Evacuation Pause) 360M->58M(512M) 5.679ms
[2023-03-30T17:01:28.887+0800][15256.647s] GC(26) User=0.00s Sys=0.00s Real=0.01s
[2023-03-30T17:01:31.060+0800][15258.820s] GC(27) Pause Young (Normal) (G1 Evacuation Pause)
[2023-03-30T17:01:31.060+0800][15258.820s] GC(27) Using 8 workers of 8 for evacuation
[2023-03-30T17:01:31.065+0800][15258.824s] GC(27)   Pre Evacuate Collection Set: 0.1ms
[2023-03-30T17:01:31.065+0800][15258.824s] GC(27)   Merge Heap Roots: 0.1ms
[2023-03-30T17:01:31.065+0800][15258.824s] GC(27)   Evacuate Collection Set: 3.8ms
[2023-03-30T17:01:31.065+0800][15258.824s] GC(27)   Post Evacuate Collection Set: 0.6ms
[2023-03-30T17:01:31.065+0800][15258.825s] GC(27)   Other: 0.1ms
[2023-03-30T17:01:31.065+0800][15258.825s] GC(27) Eden regions: 302->0(302)
[2023-03-30T17:01:31.065+0800][15258.825s] GC(27) Survivor regions: 5->5(39)
[2023-03-30T17:01:31.065+0800][15258.825s] GC(27) Old regions: 51->51
[2023-03-30T17:01:31.065+0800][15258.825s] GC(27) Archive regions: 0->0
[2023-03-30T17:01:31.065+0800][15258.825s] GC(27) Humongous regions: 4->4
[2023-03-30T17:01:31.065+0800][15258.825s] GC(27) Metaspace: 64589K(65344K)->64589K(65344K) NonClass: 57228K(57664K)->57228K(57664K) Class: 7361K(7680K)->7361K(7680K)
[2023-03-30T17:01:31.065+0800][15258.825s] GC(27) Pause Young (Normal) (G1 Evacuation Pause) 360M->58M(512M) 5.131ms
[2023-03-30T17:01:31.065+0800][15258.825s] GC(27) User=0.00s Sys=0.00s Real=0.01s
[2023-03-30T17:04:54.154+0800][15461.915s] GC(28) Pause Young (Normal) (G1 Evacuation Pause)
[2023-03-30T17:04:54.155+0800][15461.915s] GC(28) Using 8 workers of 8 for evacuation
[2023-03-30T17:04:54.165+0800][15461.925s] GC(28)   Pre Evacuate Collection Set: 0.7ms
[2023-03-30T17:04:54.165+0800][15461.925s] GC(28)   Merge Heap Roots: 0.2ms
[2023-03-30T17:04:54.165+0800][15461.925s] GC(28)   Evacuate Collection Set: 7.9ms
[2023-03-30T17:04:54.165+0800][15461.925s] GC(28)   Post Evacuate Collection Set: 1.1ms
[2023-03-30T17:04:54.165+0800][15461.925s] GC(28)   Other: 0.3ms
[2023-03-30T17:04:54.165+0800][15461.925s] GC(28) Eden regions: 302->0(302)
[2023-03-30T17:04:54.165+0800][15461.925s] GC(28) Survivor regions: 5->5(39)
[2023-03-30T17:04:54.165+0800][15461.925s] GC(28) Old regions: 51->51
[2023-03-30T17:04:54.165+0800][15461.925s] GC(28) Archive regions: 0->0
[2023-03-30T17:04:54.165+0800][15461.925s] GC(28) Humongous regions: 4->4
[2023-03-30T17:04:54.165+0800][15461.925s] GC(28) Metaspace: 64595K(65344K)->64595K(65344K) NonClass: 57234K(57664K)->57234K(57664K) Class: 7361K(7680K)->7361K(7680K)
[2023-03-30T17:04:54.165+0800][15461.925s] GC(28) Pause Young (Normal) (G1 Evacuation Pause) 360M->59M(512M) 10.600ms
[2023-03-30T17:04:54.165+0800][15461.925s] GC(28) User=0.02s Sys=0.00s Real=0.01s
[2023-03-30T17:06:09.641+0800][15537.401s] GC(29) Pause Young (Normal) (G1 Evacuation Pause)
[2023-03-30T17:06:09.641+0800][15537.401s] GC(29) Using 8 workers of 8 for evacuation
[2023-03-30T17:06:09.644+0800][15537.405s] GC(29)   Pre Evacuate Collection Set: 0.1ms
[2023-03-30T17:06:09.644+0800][15537.405s] GC(29)   Merge Heap Roots: 0.1ms
[2023-03-30T17:06:09.644+0800][15537.405s] GC(29)   Evacuate Collection Set: 3.3ms
[2023-03-30T17:06:09.644+0800][15537.405s] GC(29)   Post Evacuate Collection Set: 0.6ms
[2023-03-30T17:06:09.644+0800][15537.405s] GC(29)   Other: 0.1ms
[2023-03-30T17:06:09.644+0800][15537.405s] GC(29) Eden regions: 302->0(302)
[2023-03-30T17:06:09.644+0800][15537.405s] GC(29) Survivor regions: 5->5(39)
[2023-03-30T17:06:09.644+0800][15537.405s] GC(29) Old regions: 51->51
[2023-03-30T17:06:09.644+0800][15537.405s] GC(29) Archive regions: 0->0
[2023-03-30T17:06:09.644+0800][15537.405s] GC(29) Humongous regions: 4->4
[2023-03-30T17:06:09.644+0800][15537.405s] GC(29) Metaspace: 64596K(65344K)->64596K(65344K) NonClass: 57235K(57664K)->57235K(57664K) Class: 7361K(7680K)->7361K(7680K)
[2023-03-30T17:06:09.644+0800][15537.405s] GC(29) Pause Young (Normal) (G1 Evacuation Pause) 361M->58M(512M) 4.548ms
[2023-03-30T17:06:09.644+0800][15537.405s] GC(29) User=0.02s Sys=0.00s Real=0.00s
[2023-03-30T17:06:16.796+0800][15544.556s] GC(30) Pause Young (Normal) (G1 Evacuation Pause)
[2023-03-30T17:06:16.796+0800][15544.557s] GC(30) Using 8 workers of 8 for evacuation
[2023-03-30T17:06:16.799+0800][15544.560s] GC(30)   Pre Evacuate Collection Set: 0.1ms
[2023-03-30T17:06:16.799+0800][15544.560s] GC(30)   Merge Heap Roots: 0.1ms
[2023-03-30T17:06:16.799+0800][15544.560s] GC(30)   Evacuate Collection Set: 2.3ms
[2023-03-30T17:06:16.799+0800][15544.560s] GC(30)   Post Evacuate Collection Set: 0.4ms
[2023-03-30T17:06:16.799+0800][15544.560s] GC(30)   Other: 0.1ms
[2023-03-30T17:06:16.799+0800][15544.560s] GC(30) Eden regions: 302->0(302)
[2023-03-30T17:06:16.799+0800][15544.560s] GC(30) Survivor regions: 5->5(39)
[2023-03-30T17:06:16.799+0800][15544.560s] GC(30) Old regions: 51->51
[2023-03-30T17:06:16.799+0800][15544.560s] GC(30) Archive regions: 0->0
[2023-03-30T17:06:16.799+0800][15544.560s] GC(30) Humongous regions: 4->4
[2023-03-30T17:06:16.800+0800][15544.560s] GC(30) Metaspace: 64598K(65344K)->64598K(65344K) NonClass: 57237K(57664K)->57237K(57664K) Class: 7361K(7680K)->7361K(7680K)
[2023-03-30T17:06:16.800+0800][15544.560s] GC(30) Pause Young (Normal) (G1 Evacuation Pause) 360M->58M(512M) 3.194ms
[2023-03-30T17:06:16.800+0800][15544.560s] GC(30) User=0.00s Sys=0.00s Real=0.00s
[2023-03-30T17:16:42.863+0800][16170.623s] GC(31) Pause Young (Normal) (G1 Evacuation Pause)
[2023-03-30T17:16:42.864+0800][16170.624s] GC(31) Using 8 workers of 8 for evacuation
[2023-03-30T17:16:42.880+0800][16170.641s] GC(31)   Pre Evacuate Collection Set: 0.7ms
[2023-03-30T17:16:42.880+0800][16170.641s] GC(31)   Merge Heap Roots: 0.4ms
[2023-03-30T17:16:42.880+0800][16170.641s] GC(31)   Evacuate Collection Set: 14.0ms
[2023-03-30T17:16:42.880+0800][16170.641s] GC(31)   Post Evacuate Collection Set: 1.5ms
[2023-03-30T17:16:42.880+0800][16170.641s] GC(31)   Other: 0.6ms
[2023-03-30T17:16:42.880+0800][16170.641s] GC(31) Eden regions: 302->0(302)
[2023-03-30T17:16:42.880+0800][16170.641s] GC(31) Survivor regions: 5->5(39)
[2023-03-30T17:16:42.880+0800][16170.641s] GC(31) Old regions: 51->51
[2023-03-30T17:16:42.880+0800][16170.641s] GC(31) Archive regions: 0->0
[2023-03-30T17:16:42.880+0800][16170.641s] GC(31) Humongous regions: 4->4
[2023-03-30T17:16:42.880+0800][16170.641s] GC(31) Metaspace: 64601K(65344K)->64601K(65344K) NonClass: 57240K(57664K)->57240K(57664K) Class: 7361K(7680K)->7361K(7680K)
[2023-03-30T17:16:42.880+0800][16170.641s] GC(31) Pause Young (Normal) (G1 Evacuation Pause) 360M->58M(512M) 17.399ms
[2023-03-30T17:16:42.880+0800][16170.641s] GC(31) User=0.00s Sys=0.00s Real=0.02s
[2023-03-30T17:16:45.265+0800][16173.025s] GC(32) Pause Young (Normal) (G1 Evacuation Pause)
[2023-03-30T17:16:45.265+0800][16173.025s] GC(32) Using 8 workers of 8 for evacuation
[2023-03-30T17:16:45.270+0800][16173.030s] GC(32)   Pre Evacuate Collection Set: 0.2ms
[2023-03-30T17:16:45.270+0800][16173.030s] GC(32)   Merge Heap Roots: 0.1ms
[2023-03-30T17:16:45.270+0800][16173.030s] GC(32)   Evacuate Collection Set: 3.5ms
[2023-03-30T17:16:45.270+0800][16173.030s] GC(32)   Post Evacuate Collection Set: 0.7ms
[2023-03-30T17:16:45.270+0800][16173.030s] GC(32)   Other: 0.2ms
[2023-03-30T17:16:45.270+0800][16173.030s] GC(32) Eden regions: 302->0(302)
[2023-03-30T17:16:45.270+0800][16173.030s] GC(32) Survivor regions: 5->5(39)
[2023-03-30T17:16:45.270+0800][16173.030s] GC(32) Old regions: 51->51
[2023-03-30T17:16:45.270+0800][16173.030s] GC(32) Archive regions: 0->0
[2023-03-30T17:16:45.270+0800][16173.030s] GC(32) Humongous regions: 4->4
[2023-03-30T17:16:45.270+0800][16173.030s] GC(32) Metaspace: 64601K(65344K)->64601K(65344K) NonClass: 57240K(57664K)->57240K(57664K) Class: 7361K(7680K)->7361K(7680K)
[2023-03-30T17:16:45.270+0800][16173.030s] GC(32) Pause Young (Normal) (G1 Evacuation Pause) 360M->58M(512M) 5.005ms
[2023-03-30T17:16:45.270+0800][16173.030s] GC(32) User=0.00s Sys=0.00s Real=0.00s
[2023-03-30T17:23:34.381+0800][16582.142s] Heap
[2023-03-30T17:23:34.382+0800][16582.142s]  garbage-first heap   total 524288K, used 247708K [0x00000000e0000000, 0x0000000100000000)
[2023-03-30T17:23:34.382+0800][16582.142s]   region size 1024K, 188 young (192512K), 5 survivors (5120K)
[2023-03-30T17:23:34.382+0800][16582.142s]  Metaspace       used 64714K, committed 65408K, reserved 1114112K
[2023-03-30T17:23:34.382+0800][16582.142s]   class space    used 7381K, committed 7680K, reserved 1048576K
